Archive member included to satisfy reference by file (symbol)

/usr/lib/gcc/arm-none-eabi/9.3.0/thumb/v6-m/nofp/libgcc.a(_dvmd_tls.o)
                              CMakeFiles/test_tx.dir/home/amelia/pico/pico-sdk/src/rp2_common/pico_divider/divider.S.obj (__aeabi_idiv0)
/usr/lib/gcc/arm-none-eabi/9.3.0/../../../../arm-none-eabi/lib/thumb/v6-m/nofp/libc.a(lib_a-atexit.o)
                              /usr/lib/gcc/arm-none-eabi/9.3.0/../../../../arm-none-eabi/lib/thumb/v6-m/nofp/crt0.o (atexit)
/usr/lib/gcc/arm-none-eabi/9.3.0/../../../../arm-none-eabi/lib/thumb/v6-m/nofp/libc.a(lib_a-calloc.o)
                              CMakeFiles/test_tx.dir/home/amelia/pico/pico-sdk/src/rp2_common/pico_malloc/pico_malloc.c.obj (calloc)
/usr/lib/gcc/arm-none-eabi/9.3.0/../../../../arm-none-eabi/lib/thumb/v6-m/nofp/libc.a(lib_a-callocr.o)
                              /usr/lib/gcc/arm-none-eabi/9.3.0/../../../../arm-none-eabi/lib/thumb/v6-m/nofp/libc.a(lib_a-calloc.o) (_calloc_r)
/usr/lib/gcc/arm-none-eabi/9.3.0/../../../../arm-none-eabi/lib/thumb/v6-m/nofp/libc.a(lib_a-fini.o)
                              /usr/lib/gcc/arm-none-eabi/9.3.0/../../../../arm-none-eabi/lib/thumb/v6-m/nofp/crt0.o (__libc_fini_array)
/usr/lib/gcc/arm-none-eabi/9.3.0/../../../../arm-none-eabi/lib/thumb/v6-m/nofp/libc.a(lib_a-impure.o)
                              /usr/lib/gcc/arm-none-eabi/9.3.0/../../../../arm-none-eabi/lib/thumb/v6-m/nofp/libc.a(lib_a-calloc.o) (_impure_ptr)
/usr/lib/gcc/arm-none-eabi/9.3.0/../../../../arm-none-eabi/lib/thumb/v6-m/nofp/libc.a(lib_a-init.o)
                              /usr/lib/gcc/arm-none-eabi/9.3.0/../../../../arm-none-eabi/lib/thumb/v6-m/nofp/crt0.o (__libc_init_array)
/usr/lib/gcc/arm-none-eabi/9.3.0/../../../../arm-none-eabi/lib/thumb/v6-m/nofp/libc.a(lib_a-malloc.o)
                              CMakeFiles/test_tx.dir/home/amelia/pico/pico-sdk/src/rp2_common/pico_malloc/pico_malloc.c.obj (malloc)
/usr/lib/gcc/arm-none-eabi/9.3.0/../../../../arm-none-eabi/lib/thumb/v6-m/nofp/libc.a(lib_a-mallocr.o)
                              /usr/lib/gcc/arm-none-eabi/9.3.0/../../../../arm-none-eabi/lib/thumb/v6-m/nofp/libc.a(lib_a-callocr.o) (_malloc_r)
/usr/lib/gcc/arm-none-eabi/9.3.0/../../../../arm-none-eabi/lib/thumb/v6-m/nofp/libc.a(lib_a-mlock.o)
                              /usr/lib/gcc/arm-none-eabi/9.3.0/../../../../arm-none-eabi/lib/thumb/v6-m/nofp/libc.a(lib_a-mallocr.o) (__malloc_lock)
/usr/lib/gcc/arm-none-eabi/9.3.0/../../../../arm-none-eabi/lib/thumb/v6-m/nofp/libc.a(lib_a-realloc.o)
                              CMakeFiles/test_tx.dir/home/amelia/pico/pico-sdk/src/rp2_common/pico_malloc/pico_malloc.c.obj (realloc)
/usr/lib/gcc/arm-none-eabi/9.3.0/../../../../arm-none-eabi/lib/thumb/v6-m/nofp/libc.a(lib_a-reallocr.o)
                              /usr/lib/gcc/arm-none-eabi/9.3.0/../../../../arm-none-eabi/lib/thumb/v6-m/nofp/libc.a(lib_a-realloc.o) (_realloc_r)
/usr/lib/gcc/arm-none-eabi/9.3.0/../../../../arm-none-eabi/lib/thumb/v6-m/nofp/libc.a(lib_a-sbrkr.o)
                              /usr/lib/gcc/arm-none-eabi/9.3.0/../../../../arm-none-eabi/lib/thumb/v6-m/nofp/libc.a(lib_a-mallocr.o) (_sbrk_r)
/usr/lib/gcc/arm-none-eabi/9.3.0/../../../../arm-none-eabi/lib/thumb/v6-m/nofp/libc.a(lib_a-strlen-stub.o)
                              CMakeFiles/test_tx.dir/home/amelia/pico/pico-sdk/src/rp2_common/pico_stdio/stdio.c.obj (strlen)
/usr/lib/gcc/arm-none-eabi/9.3.0/../../../../arm-none-eabi/lib/thumb/v6-m/nofp/libc.a(lib_a-__atexit.o)
                              /usr/lib/gcc/arm-none-eabi/9.3.0/../../../../arm-none-eabi/lib/thumb/v6-m/nofp/libc.a(lib_a-atexit.o) (__register_exitproc)
/usr/lib/gcc/arm-none-eabi/9.3.0/../../../../arm-none-eabi/lib/thumb/v6-m/nofp/libc.a(lib_a-__call_atexit.o)
                              /usr/lib/gcc/arm-none-eabi/9.3.0/../../../../arm-none-eabi/lib/thumb/v6-m/nofp/libc.a(lib_a-__atexit.o) (__atexit_recursive_mutex)
/usr/lib/gcc/arm-none-eabi/9.3.0/../../../../arm-none-eabi/lib/thumb/v6-m/nofp/libc.a(lib_a-freer.o)
                              /usr/lib/gcc/arm-none-eabi/9.3.0/../../../../arm-none-eabi/lib/thumb/v6-m/nofp/libc.a(lib_a-malloc.o) (_free_r)
/usr/lib/gcc/arm-none-eabi/9.3.0/../../../../arm-none-eabi/lib/thumb/v6-m/nofp/libc.a(lib_a-lock.o)
                              /usr/lib/gcc/arm-none-eabi/9.3.0/../../../../arm-none-eabi/lib/thumb/v6-m/nofp/libc.a(lib_a-mlock.o) (__retarget_lock_acquire_recursive)
/usr/lib/gcc/arm-none-eabi/9.3.0/../../../../arm-none-eabi/lib/thumb/v6-m/nofp/libc.a(lib_a-memmove.o)
                              /usr/lib/gcc/arm-none-eabi/9.3.0/../../../../arm-none-eabi/lib/thumb/v6-m/nofp/libc.a(lib_a-reallocr.o) (memmove)
/usr/lib/gcc/arm-none-eabi/9.3.0/../../../../arm-none-eabi/lib/thumb/v6-m/nofp/libc.a(lib_a-reent.o)
                              /usr/lib/gcc/arm-none-eabi/9.3.0/../../../../arm-none-eabi/lib/thumb/v6-m/nofp/libc.a(lib_a-sbrkr.o) (errno)

Allocating common symbols
Common symbol       size              file

[...]
Memory Configuration

Name             Origin             Length             Attributes
FLASH            0x0000000010000000 0x0000000000200000 xr
RAM              0x0000000020000000 0x0000000000040000 xrw
SCRATCH_X        0x0000000020040000 0x0000000000001000 xrw
SCRATCH_Y        0x0000000020041000 0x0000000000001000 xrw
*default*        0x0000000000000000 0xffffffffffffffff

Linker script and memory map

LOAD /usr/lib/gcc/arm-none-eabi/9.3.0/thumb/v6-m/nofp/crti.o
LOAD /usr/lib/gcc/arm-none-eabi/9.3.0/thumb/v6-m/nofp/crtbegin.o
LOAD /usr/lib/gcc/arm-none-eabi/9.3.0/../../../../arm-none-eabi/lib/thumb/v6-m/nofp/crt0.o

.flash_begin    0x0000000010000000        0x0
                0x0000000010000000                __flash_binary_start = .

.boot2          0x0000000010000000      0x100
                0x0000000010000000                __boot2_start__ = .
 *(.boot2)
 .boot2         0x0000000010000000      0x100 /tmp/ccagLfD9.o
                0x0000000010000100                __boot2_end__ = .
                0x0000000000000001                ASSERT (((__boot2_end__ - __boot2_start__) == 0x100), ERROR: Pico second stage bootloader must be 256 bytes in size)

.text           0x0000000010000100     0x8be0
                0x0000000010000100                __logical_binary_start = .
 *(.vectors)
 .vectors       0x0000000010000100       0xd4 CMakeFiles/test_tx.dir/home/amelia/pico/pico-sdk/src/rp2_common/pico_standard_link/crt0.S.obj
                0x0000000010000100                __vectors
                0x0000000010000100                __VECTOR_TABLE
                0x00000000100001c0                isr_invalid
                0x00000000100001c0                __default_isrs_start
                0x00000000100001c2                isr_nmi
                0x00000000100001c4                isr_hardfault
                0x00000000100001c6                isr_svcall
                0x00000000100001c8                isr_pendsv
                0x00000000100001ca                isr_systick
                0x00000000100001cc                isr_irq30
                0x00000000100001cc                __unhandled_user_irq
                0x00000000100001cc                isr_irq13
                0x00000000100001cc                isr_irq27
                0x00000000100001cc                isr_irq31
                0x00000000100001cc                isr_irq5
                0x00000000100001cc                isr_irq11
                0x00000000100001cc                isr_irq23
                0x00000000100001cc                isr_irq18
                0x00000000100001cc                isr_irq28
                0x00000000100001cc                isr_irq19
                0x00000000100001cc                isr_irq0
                0x00000000100001cc                isr_irq6
                0x00000000100001cc                isr_irq22
                0x00000000100001cc                isr_irq17
                0x00000000100001cc                isr_irq14
                0x00000000100001cc                isr_irq2
                0x00000000100001cc                isr_irq10
                0x00000000100001cc                isr_irq8
                0x00000000100001cc                isr_irq24
                0x00000000100001cc                isr_irq1
                0x00000000100001cc                isr_irq7
                0x00000000100001cc                isr_irq21
                0x00000000100001cc                isr_irq20
                0x00000000100001cc                isr_irq15
                0x00000000100001cc                isr_irq25
                0x00000000100001cc                isr_irq4
                0x00000000100001cc                isr_irq16
                0x00000000100001cc                isr_irq29
                0x00000000100001cc                isr_irq26
                0x00000000100001cc                __default_isrs_end
                0x00000000100001cc                isr_irq3
                0x00000000100001cc                isr_irq12
                0x00000000100001cc                isr_irq9
                0x00000000100001d2                unhandled_user_irq_num_in_r0
 *(.binary_info_header)
 .binary_info_header
                0x00000000100001d4       0x14 CMakeFiles/test_tx.dir/home/amelia/pico/pico-sdk/src/rp2_common/pico_standard_link/crt0.S.obj
                0x00000000100001e8                __binary_info_header_end = .
 *(.reset)
 .reset         0x00000000100001e8       0xa0 CMakeFiles/test_tx.dir/home/amelia/pico/pico-sdk/src/rp2_common/pico_standard_link/crt0.S.obj
                0x00000000100001e8                _entry_point
 .reset         0x0000000010000288       0x30 CMakeFiles/test_tx.dir/home/amelia/pico/pico-sdk/src/rp2_common/pico_standard_link/binary_info.c.obj
 *(.init)
 .init          0x00000000100002b8        0x4 /usr/lib/gcc/arm-none-eabi/9.3.0/thumb/v6-m/nofp/crti.o
                0x00000000100002b8                _init
 *(EXCLUDE_FILE(*libm.a: *libc.a:*lib_a-mem*.o *libgcc.a:) .text*)
 .text.register_tm_clones
                0x00000000100002bc       0x28 /usr/lib/gcc/arm-none-eabi/9.3.0/thumb/v6-m/nofp/crtbegin.o
 .text.frame_dummy
                0x00000000100002e4       0x24 /usr/lib/gcc/arm-none-eabi/9.3.0/thumb/v6-m/nofp/crtbegin.o
 .text.startup.main
                0x0000000010000308      0x24c CMakeFiles/test_tx.dir/test_tx.c.obj
                0x0000000010000308                main
 .text.rfm69_init
                0x0000000010000554      0x10c CMakeFiles/test_tx.dir/home/amelia/Documents/WISDOM/wisdom_sensor_net/rfm69/rfm69.c.obj
                0x0000000010000554                rfm69_init
 .text.rfm69_reset
                0x0000000010000660       0x28 CMakeFiles/test_tx.dir/home/amelia/Documents/WISDOM/wisdom_sensor_net/rfm69/rfm69.c.obj
                0x0000000010000660                rfm69_reset
 .text.rfm69_write
                0x0000000010000688       0x80 CMakeFiles/test_tx.dir/home/amelia/Documents/WISDOM/wisdom_sensor_net/rfm69/rfm69.c.obj
                0x0000000010000688                rfm69_write
 .text.rfm69_write_masked
                0x0000000010000708       0xf8 CMakeFiles/test_tx.dir/home/amelia/Documents/WISDOM/wisdom_sensor_net/rfm69/rfm69.c.obj
                0x0000000010000708                rfm69_write_masked
 .text.rfm69_read
                0x0000000010000800       0x84 CMakeFiles/test_tx.dir/home/amelia/Documents/WISDOM/wisdom_sensor_net/rfm69/rfm69.c.obj
                0x0000000010000800                rfm69_read
 .text.rfm69_irq2_flag_state
                0x0000000010000884       0x94 CMakeFiles/test_tx.dir/home/amelia/Documents/WISDOM/wisdom_sensor_net/rfm69/rfm69.c.obj
                0x0000000010000884                rfm69_irq2_flag_state
 .text.rfm69_frequency_set
                0x0000000010000918       0xa4 CMakeFiles/test_tx.dir/home/amelia/Documents/WISDOM/wisdom_sensor_net/rfm69/rfm69.c.obj
                0x0000000010000918                rfm69_frequency_set
 .text.rfm69_fdev_set
                0x00000000100009bc       0x88 CMakeFiles/test_tx.dir/home/amelia/Documents/WISDOM/wisdom_sensor_net/rfm69/rfm69.c.obj
                0x00000000100009bc                rfm69_fdev_set
 .text.rfm69_rxbw_set
                0x0000000010000a44       0xf0 CMakeFiles/test_tx.dir/home/amelia/Documents/WISDOM/wisdom_sensor_net/rfm69/rfm69.c.obj
                0x0000000010000a44                rfm69_rxbw_set
 .text.rfm69_bitrate_set
                0x0000000010000b34       0x74 CMakeFiles/test_tx.dir/home/amelia/Documents/WISDOM/wisdom_sensor_net/rfm69/rfm69.c.obj
                0x0000000010000b34                rfm69_bitrate_set
 .text.rfm69_mode_set
                0x0000000010000ba8      0x3b0 CMakeFiles/test_tx.dir/home/amelia/Documents/WISDOM/wisdom_sensor_net/rfm69/rfm69.c.obj
                0x0000000010000ba8                rfm69_mode_set
 .text.rfm69_data_mode_set
                0x0000000010000f58       0xe4 CMakeFiles/test_tx.dir/home/amelia/Documents/WISDOM/wisdom_sensor_net/rfm69/rfm69.c.obj
                0x0000000010000f58                rfm69_data_mode_set
 .text.rfm69_rssi_threshold_set
                0x000000001000103c       0x74 CMakeFiles/test_tx.dir/home/amelia/Documents/WISDOM/wisdom_sensor_net/rfm69/rfm69.c.obj
                0x000000001000103c                rfm69_rssi_threshold_set
 .text.rfm69_power_level_set
                0x00000000100010b0      0x3cc CMakeFiles/test_tx.dir/home/amelia/Documents/WISDOM/wisdom_sensor_net/rfm69/rfm69.c.obj
                0x00000000100010b0                rfm69_power_level_set
 .text.rfm69_tx_start_condition_set
                0x000000001000147c       0xe4 CMakeFiles/test_tx.dir/home/amelia/Documents/WISDOM/wisdom_sensor_net/rfm69/rfm69.c.obj
                0x000000001000147c                rfm69_tx_start_condition_set
 .text.rfm69_payload_length_set
                0x0000000010001560       0x74 CMakeFiles/test_tx.dir/home/amelia/Documents/WISDOM/wisdom_sensor_net/rfm69/rfm69.c.obj
                0x0000000010001560                rfm69_payload_length_set
 .text.rfm69_address_filter_set
                0x00000000100015d4       0xe4 CMakeFiles/test_tx.dir/home/amelia/Documents/WISDOM/wisdom_sensor_net/rfm69/rfm69.c.obj
                0x00000000100015d4                rfm69_address_filter_set
 .text.rfm69_node_address_set
                0x00000000100016b8       0x74 CMakeFiles/test_tx.dir/home/amelia/Documents/WISDOM/wisdom_sensor_net/rfm69/rfm69.c.obj
                0x00000000100016b8                rfm69_node_address_set
 .text.rfm69_broadcast_address_set
                0x000000001000172c       0x74 CMakeFiles/test_tx.dir/home/amelia/Documents/WISDOM/wisdom_sensor_net/rfm69/rfm69.c.obj
                0x000000001000172c                rfm69_broadcast_address_set
 .text.rfm69_sync_value_set
                0x00000000100017a0      0x134 CMakeFiles/test_tx.dir/home/amelia/Documents/WISDOM/wisdom_sensor_net/rfm69/rfm69.c.obj
                0x00000000100017a0                rfm69_sync_value_set
 .text.rfm69_dcfree_set
                0x00000000100018d4       0xe4 CMakeFiles/test_tx.dir/home/amelia/Documents/WISDOM/wisdom_sensor_net/rfm69/rfm69.c.obj
                0x00000000100018d4                rfm69_dcfree_set
 .text.set_last_error
                0x00000000100019b8        0xc CMakeFiles/test_tx.dir/home/amelia/Documents/WISDOM/wisdom_sensor_net/error/error_report.c.obj
                0x00000000100019b8                set_last_error
 .text.critical_error
                0x00000000100019c4       0x78 CMakeFiles/test_tx.dir/home/amelia/Documents/WISDOM/wisdom_sensor_net/error/error_report.c.obj
                0x00000000100019c4                critical_error
 .text.gpio_set_function
                0x0000000010001a3c       0x30 CMakeFiles/test_tx.dir/home/amelia/pico/pico-sdk/src/rp2_common/hardware_gpio/gpio.c.obj
                0x0000000010001a3c                gpio_set_function
 .text.gpio_set_pulls
                0x0000000010001a6c       0x30 CMakeFiles/test_tx.dir/home/amelia/pico/pico-sdk/src/rp2_common/hardware_gpio/gpio.c.obj
                0x0000000010001a6c                gpio_set_pulls
 .text.gpio_init
                0x0000000010001a9c       0x3c CMakeFiles/test_tx.dir/home/amelia/pico/pico-sdk/src/rp2_common/hardware_gpio/gpio.c.obj
                0x0000000010001a9c                gpio_init
 .text.running_on_fpga
                0x0000000010001ad8       0x10 CMakeFiles/test_tx.dir/home/amelia/pico/pico-sdk/src/rp2_common/pico_platform/platform.c.obj
                0x0000000010001ad8                running_on_fpga
 .text.hw_claim_or_assert
                0x0000000010001ae8       0x48 CMakeFiles/test_tx.dir/home/amelia/pico/pico-sdk/src/rp2_common/hardware_claim/claim.c.obj
                0x0000000010001ae8                hw_claim_or_assert
 .text.hw_claim_unused_from_range
                0x0000000010001b30       0x9c CMakeFiles/test_tx.dir/home/amelia/pico/pico-sdk/src/rp2_common/hardware_claim/claim.c.obj
                0x0000000010001b30                hw_claim_unused_from_range
 .text.spin_locks_reset
                0x0000000010001bcc       0x1c CMakeFiles/test_tx.dir/home/amelia/pico/pico-sdk/src/rp2_common/hardware_sync/sync.c.obj
                0x0000000010001bcc                spin_locks_reset
 .text.next_striped_spin_lock_num
                0x0000000010001be8       0x18 CMakeFiles/test_tx.dir/home/amelia/pico/pico-sdk/src/rp2_common/hardware_sync/sync.c.obj
                0x0000000010001be8                next_striped_spin_lock_num
 .text.spin_lock_claim_unused
                0x0000000010001c00       0x20 CMakeFiles/test_tx.dir/home/amelia/pico/pico-sdk/src/rp2_common/hardware_sync/sync.c.obj
                0x0000000010001c00                spin_lock_claim_unused
 .text.irq_set_enabled
                0x0000000010001c20       0x24 CMakeFiles/test_tx.dir/home/amelia/pico/pico-sdk/src/rp2_common/hardware_irq/irq.c.obj
                0x0000000010001c20                irq_set_enabled
 .text.irq_set_pending
                0x0000000010001c44       0x10 CMakeFiles/test_tx.dir/home/amelia/pico/pico-sdk/src/rp2_common/hardware_irq/irq.c.obj
                0x0000000010001c44                irq_set_pending
 .text.irq_has_shared_handler
                0x0000000010001c54       0x2c CMakeFiles/test_tx.dir/home/amelia/pico/pico-sdk/src/rp2_common/hardware_irq/irq.c.obj
                0x0000000010001c54                irq_has_shared_handler
 .text.irq_get_vtable_handler
                0x0000000010001c80       0x10 CMakeFiles/test_tx.dir/home/amelia/pico/pico-sdk/src/rp2_common/hardware_irq/irq.c.obj
                0x0000000010001c80                irq_get_vtable_handler
 .text.irq_set_exclusive_handler
                0x0000000010001c90       0x54 CMakeFiles/test_tx.dir/home/amelia/pico/pico-sdk/src/rp2_common/hardware_irq/irq.c.obj
                0x0000000010001c90                irq_set_exclusive_handler
 .text.irq_add_shared_handler
                0x0000000010001ce4      0x1c0 CMakeFiles/test_tx.dir/home/amelia/pico/pico-sdk/src/rp2_common/hardware_irq/irq.c.obj
                0x0000000010001ce4                irq_add_shared_handler
 .text.irq_remove_handler
                0x0000000010001ea4      0x1b4 CMakeFiles/test_tx.dir/home/amelia/pico/pico-sdk/src/rp2_common/hardware_irq/irq.c.obj
                0x0000000010001ea4                irq_remove_handler
 .text.irq_add_tail_to_free_list
                0x0000000010002058       0xb4 CMakeFiles/test_tx.dir/home/amelia/pico/pico-sdk/src/rp2_common/hardware_irq/irq.c.obj
                0x0000000010002058                irq_add_tail_to_free_list
 .text.irq_init_priorities
                0x000000001000210c       0x24 CMakeFiles/test_tx.dir/home/amelia/pico/pico-sdk/src/rp2_common/hardware_irq/irq.c.obj
                0x000000001000210c                irq_init_priorities
 .text.user_irq_claim_unused
                0x0000000010002130       0x28 CMakeFiles/test_tx.dir/home/amelia/pico/pico-sdk/src/rp2_common/hardware_irq/irq.c.obj
                0x0000000010002130                user_irq_claim_unused
 .text.lock_init
                0x0000000010002158       0x10 CMakeFiles/test_tx.dir/home/amelia/pico/pico-sdk/src/common/pico_sync/lock_core.c.obj
                0x0000000010002158                lock_init
 .text.mutex_init
                0x0000000010002168       0x1c CMakeFiles/test_tx.dir/home/amelia/pico/pico-sdk/src/common/pico_sync/mutex.c.obj
                0x0000000010002168                mutex_init
 .text.recursive_mutex_init
                0x0000000010002184       0x1c CMakeFiles/test_tx.dir/home/amelia/pico/pico-sdk/src/common/pico_sync/mutex.c.obj
                0x0000000010002184                recursive_mutex_init
 .text.critical_section_init
                0x00000000100021a0       0x1c CMakeFiles/test_tx.dir/home/amelia/pico/pico-sdk/src/common/pico_sync/critical_section.c.obj
                0x00000000100021a0                critical_section_init
 .text.critical_section_init_with_lock_num
                0x00000000100021bc       0x14 CMakeFiles/test_tx.dir/home/amelia/pico/pico-sdk/src/common/pico_sync/critical_section.c.obj
                0x00000000100021bc                critical_section_init_with_lock_num
 .text.timer_pool_entry_comparator
                0x00000000100021d0       0x34 CMakeFiles/test_tx.dir/home/amelia/pico/pico-sdk/src/common/pico_time/time.c.obj
                0x00000000100021d0                timer_pool_entry_comparator
 .text.sleep_until_callback
                0x0000000010002204       0x30 CMakeFiles/test_tx.dir/home/amelia/pico/pico-sdk/src/common/pico_time/time.c.obj
 .text.add_alarm_under_lock
                0x0000000010002234      0x100 CMakeFiles/test_tx.dir/home/amelia/pico/pico-sdk/src/common/pico_time/time.c.obj
 .text.alarm_pool_alarm_callback
                0x0000000010002334      0x1b8 CMakeFiles/test_tx.dir/home/amelia/pico/pico-sdk/src/common/pico_time/time.c.obj
 .text.alarm_pool_init_default
                0x00000000100024ec       0x6c CMakeFiles/test_tx.dir/home/amelia/pico/pico-sdk/src/common/pico_time/time.c.obj
                0x00000000100024ec                alarm_pool_init_default
 .text.alarm_pool_get_default
                0x0000000010002558        0x8 CMakeFiles/test_tx.dir/home/amelia/pico/pico-sdk/src/common/pico_time/time.c.obj
                0x0000000010002558                alarm_pool_get_default
 .text.alarm_pool_add_alarm_at
                0x0000000010002560      0x188 CMakeFiles/test_tx.dir/home/amelia/pico/pico-sdk/src/common/pico_time/time.c.obj
                0x0000000010002560                alarm_pool_add_alarm_at
 .text.alarm_pool_cancel_alarm
                0x00000000100026e8       0x6c CMakeFiles/test_tx.dir/home/amelia/pico/pico-sdk/src/common/pico_time/time.c.obj
                0x00000000100026e8                alarm_pool_cancel_alarm
 .text.alarm_pool_core_num
                0x0000000010002754        0x4 CMakeFiles/test_tx.dir/home/amelia/pico/pico-sdk/src/common/pico_time/time.c.obj
                0x0000000010002754                alarm_pool_core_num
 .text.sleep_until
                0x0000000010002758       0xc4 CMakeFiles/test_tx.dir/home/amelia/pico/pico-sdk/src/common/pico_time/time.c.obj
                0x0000000010002758                sleep_until
 .text.sleep_us
                0x000000001000281c       0x24 CMakeFiles/test_tx.dir/home/amelia/pico/pico-sdk/src/common/pico_time/time.c.obj
                0x000000001000281c                sleep_us
 .text.sleep_ms
                0x0000000010002840       0x34 CMakeFiles/test_tx.dir/home/amelia/pico/pico-sdk/src/common/pico_time/time.c.obj
                0x0000000010002840                sleep_ms
 .text.best_effort_wfe_or_timeout
                0x0000000010002874       0x60 CMakeFiles/test_tx.dir/home/amelia/pico/pico-sdk/src/common/pico_time/time.c.obj
                0x0000000010002874                best_effort_wfe_or_timeout
 .text.hardware_alarm_irq_handler
                0x00000000100028d4       0xbc CMakeFiles/test_tx.dir/home/amelia/pico/pico-sdk/src/rp2_common/hardware_timer/timer.c.obj
 .text.hardware_alarm_claim
                0x0000000010002990       0x18 CMakeFiles/test_tx.dir/home/amelia/pico/pico-sdk/src/rp2_common/hardware_timer/timer.c.obj
                0x0000000010002990                hardware_alarm_claim
 .text.time_us_64
                0x00000000100029a8       0x14 CMakeFiles/test_tx.dir/home/amelia/pico/pico-sdk/src/rp2_common/hardware_timer/timer.c.obj
                0x00000000100029a8                time_us_64
 .text.busy_wait_until
                0x00000000100029bc       0x20 CMakeFiles/test_tx.dir/home/amelia/pico/pico-sdk/src/rp2_common/hardware_timer/timer.c.obj
                0x00000000100029bc                busy_wait_until
 .text.hardware_alarm_set_callback
                0x00000000100029dc       0x8c CMakeFiles/test_tx.dir/home/amelia/pico/pico-sdk/src/rp2_common/hardware_timer/timer.c.obj
                0x00000000100029dc                hardware_alarm_set_callback
 .text.hardware_alarm_set_target
                0x0000000010002a68       0xe4 CMakeFiles/test_tx.dir/home/amelia/pico/pico-sdk/src/rp2_common/hardware_timer/timer.c.obj
                0x0000000010002a68                hardware_alarm_set_target
 .text.hardware_alarm_cancel
                0x0000000010002b4c       0x40 CMakeFiles/test_tx.dir/home/amelia/pico/pico-sdk/src/rp2_common/hardware_timer/timer.c.obj
                0x0000000010002b4c                hardware_alarm_cancel
 .text.ph_merge_nodes
                0x0000000010002b8c       0x5c CMakeFiles/test_tx.dir/home/amelia/pico/pico-sdk/src/common/pico_util/pheap.c.obj
 .text.ph_post_alloc_init
                0x0000000010002be8       0x3c CMakeFiles/test_tx.dir/home/amelia/pico/pico-sdk/src/common/pico_util/pheap.c.obj
                0x0000000010002be8                ph_post_alloc_init
 .text.ph_merge_two_pass
                0x0000000010002c24       0x90 CMakeFiles/test_tx.dir/home/amelia/pico/pico-sdk/src/common/pico_util/pheap.c.obj
                0x0000000010002c24                ph_merge_two_pass
 .text.ph_remove_any_head
                0x0000000010002cb4      0x100 CMakeFiles/test_tx.dir/home/amelia/pico/pico-sdk/src/common/pico_util/pheap.c.obj
 .text.ph_remove_head
                0x0000000010002db4      0x144 CMakeFiles/test_tx.dir/home/amelia/pico/pico-sdk/src/common/pico_util/pheap.c.obj
                0x0000000010002db4                ph_remove_head
 .text.ph_remove_and_free_node
                0x0000000010002ef8       0x7c CMakeFiles/test_tx.dir/home/amelia/pico/pico-sdk/src/common/pico_util/pheap.c.obj
                0x0000000010002ef8                ph_remove_and_free_node
 .text.clocks_init
                0x0000000010002f74      0x2bc CMakeFiles/test_tx.dir/home/amelia/pico/pico-sdk/src/rp2_common/hardware_clocks/clocks.c.obj
                0x0000000010002f74                clocks_init
 .text.clock_get_hz
                0x0000000010003230        0xc CMakeFiles/test_tx.dir/home/amelia/pico/pico-sdk/src/rp2_common/hardware_clocks/clocks.c.obj
                0x0000000010003230                clock_get_hz
 .text.pll_init
                0x000000001000323c       0xa8 CMakeFiles/test_tx.dir/home/amelia/pico/pico-sdk/src/rp2_common/hardware_pll/pll.c.obj
                0x000000001000323c                pll_init
 .text.watchdog_start_tick
                0x00000000100032e4       0x10 CMakeFiles/test_tx.dir/home/amelia/pico/pico-sdk/src/rp2_common/hardware_watchdog/watchdog.c.obj
                0x00000000100032e4                watchdog_start_tick
 .text.watchdog_reboot
                0x00000000100032f4       0x98 CMakeFiles/test_tx.dir/home/amelia/pico/pico-sdk/src/rp2_common/hardware_watchdog/watchdog.c.obj
                0x00000000100032f4                watchdog_reboot
 .text.xosc_init
                0x000000001000338c       0x28 CMakeFiles/test_tx.dir/home/amelia/pico/pico-sdk/src/rp2_common/hardware_xosc/xosc.c.obj
                0x000000001000338c                xosc_init
 .text.runtime_init
                0x00000000100033b4       0xec CMakeFiles/test_tx.dir/home/amelia/pico/pico-sdk/src/rp2_common/pico_runtime/runtime.c.obj
                0x00000000100033b4                runtime_init
 .text._exit    0x00000000100034a0        0x4 CMakeFiles/test_tx.dir/home/amelia/pico/pico-sdk/src/rp2_common/pico_runtime/runtime.c.obj
                0x00000000100034a0                _exit
 .text._sbrk    0x00000000100034a4       0x34 CMakeFiles/test_tx.dir/home/amelia/pico/pico-sdk/src/rp2_common/pico_runtime/runtime.c.obj
                0x00000000100034a4                _sbrk
 .text.exit     0x00000000100034d8        0x8 CMakeFiles/test_tx.dir/home/amelia/pico/pico-sdk/src/rp2_common/pico_runtime/runtime.c.obj
                0x00000000100034d8                exit
 .text.panic    0x00000000100034e0       0x30 CMakeFiles/test_tx.dir/home/amelia/pico/pico-sdk/src/rp2_common/pico_runtime/runtime.c.obj
                0x00000000100034e0                panic
 .text.hard_assertion_failure
                0x0000000010003510        0xc CMakeFiles/test_tx.dir/home/amelia/pico/pico-sdk/src/rp2_common/pico_runtime/runtime.c.obj
                0x0000000010003510                hard_assertion_failure
 .text._out_null
                0x000000001000351c        0x4 CMakeFiles/test_tx.dir/home/amelia/pico/pico-sdk/src/rp2_common/pico_printf/printf.c.obj
 .text._out_rev
                0x0000000010003520       0xd0 CMakeFiles/test_tx.dir/home/amelia/pico/pico-sdk/src/rp2_common/pico_printf/printf.c.obj
 .text._ntoa_format
                0x00000000100035f0      0x1c0 CMakeFiles/test_tx.dir/home/amelia/pico/pico-sdk/src/rp2_common/pico_printf/printf.c.obj
 .text._out_char
                0x00000000100037b0       0x10 CMakeFiles/test_tx.dir/home/amelia/pico/pico-sdk/src/rp2_common/pico_printf/printf.c.obj
 .text._out_fct
                0x00000000100037c0       0x10 CMakeFiles/test_tx.dir/home/amelia/pico/pico-sdk/src/rp2_common/pico_printf/printf.c.obj
 .text._etoa    0x00000000100037d0      0x480 CMakeFiles/test_tx.dir/home/amelia/pico/pico-sdk/src/rp2_common/pico_printf/printf.c.obj
 .text._ftoa    0x0000000010003c50      0x3e0 CMakeFiles/test_tx.dir/home/amelia/pico/pico-sdk/src/rp2_common/pico_printf/printf.c.obj
 .text._vsnprintf
                0x0000000010004030      0xb40 CMakeFiles/test_tx.dir/home/amelia/pico/pico-sdk/src/rp2_common/pico_printf/printf.c.obj
 .text.vfctprintf
                0x0000000010004b70       0x20 CMakeFiles/test_tx.dir/home/amelia/pico/pico-sdk/src/rp2_common/pico_printf/printf.c.obj
                0x0000000010004b70                vfctprintf
 .text.weak_raw_vprintf
                0x0000000010004b90       0x30 CMakeFiles/test_tx.dir/home/amelia/pico/pico-sdk/src/rp2_common/pico_printf/printf.c.obj
                0x0000000010004b90                weak_raw_vprintf
 .text          0x0000000010004bc0       0x10 CMakeFiles/test_tx.dir/home/amelia/pico/pico-sdk/src/rp2_common/pico_bit_ops/bit_ops_aeabi.S.obj
 .text.rom_func_lookup
                0x0000000010004bd0       0x10 CMakeFiles/test_tx.dir/home/amelia/pico/pico-sdk/src/rp2_common/pico_bootrom/bootrom.c.obj
                0x0000000010004bd0                rom_func_lookup
 .text.rom_data_lookup
                0x0000000010004be0       0x10 CMakeFiles/test_tx.dir/home/amelia/pico/pico-sdk/src/rp2_common/pico_bootrom/bootrom.c.obj
                0x0000000010004be0                rom_data_lookup
 .text.rom_funcs_lookup
                0x0000000010004bf0       0x3c CMakeFiles/test_tx.dir/home/amelia/pico/pico-sdk/src/rp2_common/pico_bootrom/bootrom.c.obj
                0x0000000010004bf0                rom_funcs_lookup
 .text.__wrap___aeabi_idiv
                0x0000000010004c2c       0x50 CMakeFiles/test_tx.dir/home/amelia/pico/pico-sdk/src/rp2_common/pico_divider/divider.S.obj
                0x0000000010004c2c                __wrap___aeabi_idivmod
                0x0000000010004c2c                divmod_s32s32
                0x0000000010004c2c                div_s32s32
                0x0000000010004c2c                __wrap___aeabi_idiv
                0x0000000010004c34                divmod_s32s32_unsafe
                0x0000000010004c60                divmod_s32s32_savestate
 .text.__wrap___aeabi_uidiv
                0x0000000010004c7c       0x4c CMakeFiles/test_tx.dir/home/amelia/pico/pico-sdk/src/rp2_common/pico_divider/divider.S.obj
                0x0000000010004c7c                __wrap___aeabi_uidiv
                0x0000000010004c7c                __wrap___aeabi_uidivmod
                0x0000000010004c7c                div_u32u32
                0x0000000010004c7c                divmod_u32u32
                0x0000000010004c84                divmod_u32u32_unsafe
                0x0000000010004cac                divmod_u32u32_savestate
 .text.__wrap___aeabi_ldiv
                0x0000000010004cc8      0x424 CMakeFiles/test_tx.dir/home/amelia/pico/pico-sdk/src/rp2_common/pico_divider/divider.S.obj
                0x0000000010004cc8                div_s64s64
                0x0000000010004cc8                divmod_s64s64
                0x0000000010004cc8                __wrap___aeabi_ldivmod
                0x0000000010004cf8                div_u64u64
                0x0000000010004cf8                divmod_u64u64
                0x0000000010004cf8                __wrap___aeabi_uldivmod
                0x0000000010004d08                divmod_u64u64_savestate
                0x0000000010004d28                divmod_s64s64_unsafe
                0x0000000010004db0                divmod_u64u64_unsafe
 .text.__wrap___aeabi_darithmetic
                0x00000000100050ec       0x80 CMakeFiles/test_tx.dir/home/amelia/pico/pico-sdk/src/rp2_common/pico_double/double_aeabi.S.obj
                0x00000000100050ec                __wrap___aeabi_drsub
                0x00000000100050f2                __wrap___aeabi_dsub
                0x0000000010005104                __wrap___aeabi_dadd
                0x0000000010005116                __wrap___aeabi_ddiv
                0x0000000010005152                __wrap___aeabi_dmul
 .text.__wrap___aeabi_cdcmple
                0x000000001000516c       0x6c CMakeFiles/test_tx.dir/home/amelia/pico/pico-sdk/src/rp2_common/pico_double/double_aeabi.S.obj
                0x000000001000516c                __wrap___aeabi_cdrcmple
                0x000000001000517c                __wrap___aeabi_cdcmple
                0x000000001000517c                __wrap___aeabi_cdcmpeq
 .text.__wrap___aeabi_dcmplt
                0x00000000100051d8        0xc CMakeFiles/test_tx.dir/home/amelia/pico/pico-sdk/src/rp2_common/pico_double/double_aeabi.S.obj
                0x00000000100051d8                __wrap___aeabi_dcmplt
 .text.__wrap___aeabi_dcmple
                0x00000000100051e4       0x10 CMakeFiles/test_tx.dir/home/amelia/pico/pico-sdk/src/rp2_common/pico_double/double_aeabi.S.obj
                0x00000000100051e4                __wrap___aeabi_dcmple
 .text.__wrap___aeabi_dcmpge
                0x00000000100051f4       0x10 CMakeFiles/test_tx.dir/home/amelia/pico/pico-sdk/src/rp2_common/pico_double/double_aeabi.S.obj
                0x00000000100051f4                __wrap___aeabi_dcmpge
 .text.__wrap___aeabi_dcmpgt
                0x0000000010005204        0xa CMakeFiles/test_tx.dir/home/amelia/pico/pico-sdk/src/rp2_common/pico_double/double_aeabi.S.obj
                0x0000000010005204                __wrap___aeabi_dcmpgt
 .text.__wrap___aeabi_dcmpun
                0x000000001000520e       0x1c CMakeFiles/test_tx.dir/home/amelia/pico/pico-sdk/src/rp2_common/pico_double/double_aeabi.S.obj
                0x000000001000520e                __wrap___aeabi_dcmpun
 *fill*         0x000000001000522a        0x2 
 .text.__wrap___aeabi_i2d
                0x000000001000522c       0x38 CMakeFiles/test_tx.dir/home/amelia/pico/pico-sdk/src/rp2_common/pico_double/double_aeabi.S.obj
                0x000000001000522c                __wrap___aeabi_ui2d
                0x0000000010005234                __wrap___aeabi_i2d
 .text.__wrap___aeabi_d2iz
                0x0000000010005264       0x48 CMakeFiles/test_tx.dir/home/amelia/pico/pico-sdk/src/rp2_common/pico_double/double_aeabi.S.obj
                0x0000000010005264                __wrap___aeabi_d2iz
                0x0000000010005264                double2int_z
 .text.__wrap___aeabi_d2uiz
                0x00000000100052ac       0x18 CMakeFiles/test_tx.dir/home/amelia/pico/pico-sdk/src/rp2_common/pico_double/double_aeabi.S.obj
                0x00000000100052ac                double2uint
                0x00000000100052ac                __wrap___aeabi_d2uiz
 .text.__aeabi_double_init
                0x00000000100052c4       0xc0 CMakeFiles/test_tx.dir/home/amelia/pico/pico-sdk/src/rp2_common/pico_double/double_init_rom.c.obj
                0x00000000100052c4                __aeabi_double_init
 .text.double_table_shim_on_use_helper
                0x0000000010005384       0x2c CMakeFiles/test_tx.dir/home/amelia/pico/pico-sdk/src/rp2_common/pico_double/double_v1_rom_shim.S.obj
                0x0000000010005384                double_table_shim_on_use_helper
 .text.__wrap___aeabi_dsub
                0x00000000100053b0       0x10 CMakeFiles/test_tx.dir/home/amelia/pico/pico-sdk/src/rp2_common/pico_double/double_v1_rom_shim.S.obj
                0x00000000100053b0                drsub_shim
                0x00000000100053b6                dsub_shim
 .text.dadd_shim
                0x00000000100053c0      0x15c CMakeFiles/test_tx.dir/home/amelia/pico/pico-sdk/src/rp2_common/pico_double/double_v1_rom_shim.S.obj
                0x00000000100053c0                dadd_shim
 .text.dmul_shim
                0x000000001000551c      0x15c CMakeFiles/test_tx.dir/home/amelia/pico/pico-sdk/src/rp2_common/pico_double/double_v1_rom_shim.S.obj
                0x000000001000551c                dmul_shim
 .text.ddiv_shim
                0x0000000010005678      0x1b0 CMakeFiles/test_tx.dir/home/amelia/pico/pico-sdk/src/rp2_common/pico_double/double_v1_rom_shim.S.obj
                0x0000000010005678                ddiv_shim
 .text.double2uint_shim
                0x0000000010005828        0xe CMakeFiles/test_tx.dir/home/amelia/pico/pico-sdk/src/rp2_common/pico_double/double_v1_rom_shim.S.obj
                0x0000000010005828                double2uint_shim
                0x000000001000582a                double2ufix_shim
 *fill*         0x0000000010005836        0x2 
 .text.double2uint64_shim
                0x0000000010005838       0x70 CMakeFiles/test_tx.dir/home/amelia/pico/pico-sdk/src/rp2_common/pico_double/double_v1_rom_shim.S.obj
                0x0000000010005838                double2uint64_shim
                0x000000001000583a                double2ufix64_shim
                0x000000001000585a                d2fix_a
 .text.dunpacks
                0x00000000100058a8       0x3c CMakeFiles/test_tx.dir/home/amelia/pico/pico-sdk/src/rp2_common/pico_double/double_v1_rom_shim.S.obj
                0x00000000100058a8                dunpacks
 .text.__aeabi_lmul
                0x00000000100058e4       0x32 CMakeFiles/test_tx.dir/home/amelia/pico/pico-sdk/src/rp2_common/pico_int64_ops/pico_int64_ops_aeabi.S.obj
                0x00000000100058e4                __wrap___aeabi_lmul
 *fill*         0x0000000010005916        0x2 
 .text.__aeabi_float_init
                0x0000000010005918       0x64 CMakeFiles/test_tx.dir/home/amelia/pico/pico-sdk/src/rp2_common/pico_float/float_init_rom.c.obj
                0x0000000010005918                __aeabi_float_init
 .text.float_table_shim_on_use_helper
                0x000000001000597c       0x2c CMakeFiles/test_tx.dir/home/amelia/pico/pico-sdk/src/rp2_common/pico_float/float_v1_rom_shim.S.obj
                0x000000001000597c                float_table_shim_on_use_helper
 .text.__wrap_malloc
                0x00000000100059a8       0x24 CMakeFiles/test_tx.dir/home/amelia/pico/pico-sdk/src/rp2_common/pico_malloc/pico_malloc.c.obj
                0x00000000100059a8                __wrap_malloc
 .text          0x00000000100059cc       0x10 CMakeFiles/test_tx.dir/home/amelia/pico/pico-sdk/src/rp2_common/pico_mem_ops/mem_ops_aeabi.S.obj
                0x00000000100059cc                __aeabi_mem_init
 .text.memset   0x00000000100059dc        0xc CMakeFiles/test_tx.dir/home/amelia/pico/pico-sdk/src/rp2_common/pico_mem_ops/mem_ops_aeabi.S.obj
                0x00000000100059dc                __wrap_memset
 .text.memcpy   0x00000000100059e8        0xc CMakeFiles/test_tx.dir/home/amelia/pico/pico-sdk/src/rp2_common/pico_mem_ops/mem_ops_aeabi.S.obj
                0x00000000100059e8                __wrap___aeabi_memcpy
                0x00000000100059e8                __wrap_memcpy
 .text.stdio_out_chars_no_crlf
                0x00000000100059f4       0x10 CMakeFiles/test_tx.dir/home/amelia/pico/pico-sdk/src/rp2_common/pico_stdio/stdio.c.obj
 .text.stdio_out_chars_crlf
                0x0000000010005a04       0xa0 CMakeFiles/test_tx.dir/home/amelia/pico/pico-sdk/src/rp2_common/pico_stdio/stdio.c.obj
 .text.stdio_buffered_printer
                0x0000000010005aa4       0x64 CMakeFiles/test_tx.dir/home/amelia/pico/pico-sdk/src/rp2_common/pico_stdio/stdio.c.obj
 .text.stdio_put_string
                0x0000000010005b08      0x104 CMakeFiles/test_tx.dir/home/amelia/pico/pico-sdk/src/rp2_common/pico_stdio/stdio.c.obj
 .text.__wrap_putchar
                0x0000000010005c0c       0x98 CMakeFiles/test_tx.dir/home/amelia/pico/pico-sdk/src/rp2_common/pico_stdio/stdio.c.obj
                0x0000000010005c0c                __wrap_putchar
 .text.__wrap_puts
                0x0000000010005ca4       0x3c CMakeFiles/test_tx.dir/home/amelia/pico/pico-sdk/src/rp2_common/pico_stdio/stdio.c.obj
                0x0000000010005ca4                __wrap_puts
 .text.stdio_set_driver_enabled
                0x0000000010005ce0       0x30 CMakeFiles/test_tx.dir/home/amelia/pico/pico-sdk/src/rp2_common/pico_stdio/stdio.c.obj
                0x0000000010005ce0                stdio_set_driver_enabled
 .text.__wrap_vprintf
                0x0000000010005d10       0xd8 CMakeFiles/test_tx.dir/home/amelia/pico/pico-sdk/src/rp2_common/pico_stdio/stdio.c.obj
                0x0000000010005d10                __wrap_vprintf
 .text.__wrap_printf
                0x0000000010005de8       0x18 CMakeFiles/test_tx.dir/home/amelia/pico/pico-sdk/src/rp2_common/pico_stdio/stdio.c.obj
                0x0000000010005de8                __wrap_printf
 .text.stdio_init_all
                0x0000000010005e00        0x8 CMakeFiles/test_tx.dir/home/amelia/pico/pico-sdk/src/rp2_common/pico_stdio/stdio.c.obj
                0x0000000010005e00                stdio_init_all
 .text.resetd_init
                0x0000000010005e08        0x4 CMakeFiles/test_tx.dir/home/amelia/pico/pico-sdk/src/rp2_common/pico_stdio_usb/reset_interface.c.obj
 .text.resetd_reset
                0x0000000010005e0c        0xc CMakeFiles/test_tx.dir/home/amelia/pico/pico-sdk/src/rp2_common/pico_stdio_usb/reset_interface.c.obj
 .text.resetd_open
                0x0000000010005e18       0x28 CMakeFiles/test_tx.dir/home/amelia/pico/pico-sdk/src/rp2_common/pico_stdio_usb/reset_interface.c.obj
 .text.resetd_xfer_cb
                0x0000000010005e40        0x4 CMakeFiles/test_tx.dir/home/amelia/pico/pico-sdk/src/rp2_common/pico_stdio_usb/reset_interface.c.obj
 .text.resetd_control_xfer_cb
                0x0000000010005e44       0x64 CMakeFiles/test_tx.dir/home/amelia/pico/pico-sdk/src/rp2_common/pico_stdio_usb/reset_interface.c.obj
 .text.usbd_app_driver_get_cb
                0x0000000010005ea8        0xc CMakeFiles/test_tx.dir/home/amelia/pico/pico-sdk/src/rp2_common/pico_stdio_usb/reset_interface.c.obj
                0x0000000010005ea8                usbd_app_driver_get_cb
 .text.tud_cdc_line_coding_cb
                0x0000000010005eb4       0x34 CMakeFiles/test_tx.dir/home/amelia/pico/pico-sdk/src/rp2_common/pico_stdio_usb/reset_interface.c.obj
                0x0000000010005eb4                tud_cdc_line_coding_cb
 .text.stdio_usb_set_chars_available_callback
                0x0000000010005ee8       0x14 CMakeFiles/test_tx.dir/home/amelia/pico/pico-sdk/src/rp2_common/pico_stdio_usb/stdio_usb.c.obj
                0x0000000010005ee8                stdio_usb_set_chars_available_callback
 .text.usb_irq  0x0000000010005efc       0x10 CMakeFiles/test_tx.dir/home/amelia/pico/pico-sdk/src/rp2_common/pico_stdio_usb/stdio_usb.c.obj
 .text.timer_task
                0x0000000010005f0c       0x54 CMakeFiles/test_tx.dir/home/amelia/pico/pico-sdk/src/rp2_common/pico_stdio_usb/stdio_usb.c.obj
 .text.stdio_usb_in_chars
                0x0000000010005f60       0x90 CMakeFiles/test_tx.dir/home/amelia/pico/pico-sdk/src/rp2_common/pico_stdio_usb/stdio_usb.c.obj
                0x0000000010005f60                stdio_usb_in_chars
 .text.stdio_usb_out_chars
                0x0000000010005ff0      0x100 CMakeFiles/test_tx.dir/home/amelia/pico/pico-sdk/src/rp2_common/pico_stdio_usb/stdio_usb.c.obj
 .text.low_priority_worker_irq
                0x00000000100060f0       0xa8 CMakeFiles/test_tx.dir/home/amelia/pico/pico-sdk/src/rp2_common/pico_stdio_usb/stdio_usb.c.obj
 .text.tud_cdc_rx_cb
                0x0000000010006198       0x20 CMakeFiles/test_tx.dir/home/amelia/pico/pico-sdk/src/rp2_common/pico_stdio_usb/stdio_usb.c.obj
                0x0000000010006198                tud_cdc_rx_cb
 .text.stdio_usb_init
                0x00000000100061b8       0xdc CMakeFiles/test_tx.dir/home/amelia/pico/pico-sdk/src/rp2_common/pico_stdio_usb/stdio_usb.c.obj
                0x00000000100061b8                stdio_usb_init
 .text.tud_descriptor_device_cb
                0x0000000010006294        0x8 CMakeFiles/test_tx.dir/home/amelia/pico/pico-sdk/src/rp2_common/pico_stdio_usb/stdio_usb_descriptors.c.obj
                0x0000000010006294                tud_descriptor_device_cb
 .text.tud_descriptor_configuration_cb
                0x000000001000629c        0x8 CMakeFiles/test_tx.dir/home/amelia/pico/pico-sdk/src/rp2_common/pico_stdio_usb/stdio_usb_descriptors.c.obj
                0x000000001000629c                tud_descriptor_configuration_cb
 .text.tud_descriptor_string_cb
                0x00000000100062a4       0x70 CMakeFiles/test_tx.dir/home/amelia/pico/pico-sdk/src/rp2_common/pico_stdio_usb/stdio_usb_descriptors.c.obj
                0x00000000100062a4                tud_descriptor_string_cb
 .text.startup._retrieve_unique_id_on_boot
                0x0000000010006314       0x10 CMakeFiles/test_tx.dir/home/amelia/pico/pico-sdk/src/rp2_common/pico_unique_id/unique_id.c.obj
 .text.pico_get_unique_board_id_string
                0x0000000010006324      0x1bc CMakeFiles/test_tx.dir/home/amelia/pico/pico-sdk/src/rp2_common/pico_unique_id/unique_id.c.obj
                0x0000000010006324                pico_get_unique_board_id_string
 .text.flash_get_unique_id
                0x00000000100064e0       0x40 CMakeFiles/test_tx.dir/home/amelia/pico/pico-sdk/src/rp2_common/hardware_flash/flash.c.obj
                0x00000000100064e0                flash_get_unique_id
 .text.dcd_int_enable
                0x0000000010006520        0xc CMakeFiles/test_tx.dir/home/amelia/pico/pico-sdk/lib/tinyusb/src/portable/raspberrypi/rp2040/dcd_rp2040.c.obj
                0x0000000010006520                dcd_int_enable
 .text.dcd_set_address
                0x000000001000652c       0x14 CMakeFiles/test_tx.dir/home/amelia/pico/pico-sdk/lib/tinyusb/src/portable/raspberrypi/rp2040/dcd_rp2040.c.obj
                0x000000001000652c                dcd_set_address
 .text.dcd_connect
                0x0000000010006540       0x10 CMakeFiles/test_tx.dir/home/amelia/pico/pico-sdk/lib/tinyusb/src/portable/raspberrypi/rp2040/dcd_rp2040.c.obj
                0x0000000010006540                dcd_connect
 .text.dcd_init
                0x0000000010006550       0x9c CMakeFiles/test_tx.dir/home/amelia/pico/pico-sdk/lib/tinyusb/src/portable/raspberrypi/rp2040/dcd_rp2040.c.obj
                0x0000000010006550                dcd_init
 .text.dcd_edpt0_status_complete
                0x00000000100065ec       0x1c CMakeFiles/test_tx.dir/home/amelia/pico/pico-sdk/lib/tinyusb/src/portable/raspberrypi/rp2040/dcd_rp2040.c.obj
                0x00000000100065ec                dcd_edpt0_status_complete
 .text.dcd_edpt_open
                0x0000000010006608      0x108 CMakeFiles/test_tx.dir/home/amelia/pico/pico-sdk/lib/tinyusb/src/portable/raspberrypi/rp2040/dcd_rp2040.c.obj
                0x0000000010006608                dcd_edpt_open
 .text.dcd_edpt_close_all
                0x0000000010006710        0x8 CMakeFiles/test_tx.dir/home/amelia/pico/pico-sdk/lib/tinyusb/src/portable/raspberrypi/rp2040/dcd_rp2040.c.obj
                0x0000000010006710                dcd_edpt_close_all
 .text.dcd_edpt_xfer
                0x0000000010006718       0x24 CMakeFiles/test_tx.dir/home/amelia/pico/pico-sdk/lib/tinyusb/src/portable/raspberrypi/rp2040/dcd_rp2040.c.obj
                0x0000000010006718                dcd_edpt_xfer
 .text.dcd_edpt_stall
                0x000000001000673c       0x34 CMakeFiles/test_tx.dir/home/amelia/pico/pico-sdk/lib/tinyusb/src/portable/raspberrypi/rp2040/dcd_rp2040.c.obj
                0x000000001000673c                dcd_edpt_stall
 .text.dcd_edpt_clear_stall
                0x0000000010006770       0x30 CMakeFiles/test_tx.dir/home/amelia/pico/pico-sdk/lib/tinyusb/src/portable/raspberrypi/rp2040/dcd_rp2040.c.obj
                0x0000000010006770                dcd_edpt_clear_stall
 .text.rp2040_usb_init
                0x00000000100067a0       0x4c CMakeFiles/test_tx.dir/home/amelia/pico/pico-sdk/lib/tinyusb/src/portable/raspberrypi/rp2040/rp2040_usb.c.obj
                0x00000000100067a0                rp2040_usb_init
 .text.hw_endpoint_xfer_start
                0x00000000100067ec       0x54 CMakeFiles/test_tx.dir/home/amelia/pico/pico-sdk/lib/tinyusb/src/portable/raspberrypi/rp2040/rp2040_usb.c.obj
                0x00000000100067ec                hw_endpoint_xfer_start
 .text.tud_mounted
                0x0000000010006840       0x10 CMakeFiles/test_tx.dir/home/amelia/pico/pico-sdk/lib/tinyusb/src/device/usbd.c.obj
                0x0000000010006840                tud_mounted
 .text.tud_suspended
                0x0000000010006850       0x10 CMakeFiles/test_tx.dir/home/amelia/pico/pico-sdk/lib/tinyusb/src/device/usbd.c.obj
                0x0000000010006850                tud_suspended
 .text.tud_inited
                0x0000000010006860       0x14 CMakeFiles/test_tx.dir/home/amelia/pico/pico-sdk/lib/tinyusb/src/device/usbd.c.obj
                0x0000000010006860                tud_inited
 .text.tud_init
                0x0000000010006874       0xe4 CMakeFiles/test_tx.dir/home/amelia/pico/pico-sdk/lib/tinyusb/src/device/usbd.c.obj
                0x0000000010006874                tud_init
 .text.tud_task_ext
                0x0000000010006958      0x854 CMakeFiles/test_tx.dir/home/amelia/pico/pico-sdk/lib/tinyusb/src/device/usbd.c.obj
                0x0000000010006958                tud_task_ext
 .text.usbd_open_edpt_pair
                0x00000000100071ac       0x9c CMakeFiles/test_tx.dir/home/amelia/pico/pico-sdk/lib/tinyusb/src/device/usbd.c.obj
                0x00000000100071ac                usbd_open_edpt_pair
 .text.usbd_defer_func
                0x0000000010007248       0x4c CMakeFiles/test_tx.dir/home/amelia/pico/pico-sdk/lib/tinyusb/src/device/usbd.c.obj
                0x0000000010007248                usbd_defer_func
 .text.usbd_edpt_open
                0x0000000010007294       0x34 CMakeFiles/test_tx.dir/home/amelia/pico/pico-sdk/lib/tinyusb/src/device/usbd.c.obj
                0x0000000010007294                usbd_edpt_open
 .text.usbd_edpt_claim
                0x00000000100072c8       0x28 CMakeFiles/test_tx.dir/home/amelia/pico/pico-sdk/lib/tinyusb/src/device/usbd.c.obj
                0x00000000100072c8                usbd_edpt_claim
 .text.usbd_edpt_release
                0x00000000100072f0       0x28 CMakeFiles/test_tx.dir/home/amelia/pico/pico-sdk/lib/tinyusb/src/device/usbd.c.obj
                0x00000000100072f0                usbd_edpt_release
 .text.usbd_edpt_xfer
                0x0000000010007318       0x4c CMakeFiles/test_tx.dir/home/amelia/pico/pico-sdk/lib/tinyusb/src/device/usbd.c.obj
                0x0000000010007318                usbd_edpt_xfer
 .text.tud_control_status
                0x0000000010007364       0x30 CMakeFiles/test_tx.dir/home/amelia/pico/pico-sdk/lib/tinyusb/src/device/usbd_control.c.obj
                0x0000000010007364                tud_control_status
 .text.tud_control_xfer
                0x0000000010007394       0xb8 CMakeFiles/test_tx.dir/home/amelia/pico/pico-sdk/lib/tinyusb/src/device/usbd_control.c.obj
                0x0000000010007394                tud_control_xfer
 .text.usbd_control_reset
                0x000000001000744c       0x14 CMakeFiles/test_tx.dir/home/amelia/pico/pico-sdk/lib/tinyusb/src/device/usbd_control.c.obj
                0x000000001000744c                usbd_control_reset
 .text.usbd_control_set_complete_callback
                0x0000000010007460        0xc CMakeFiles/test_tx.dir/home/amelia/pico/pico-sdk/lib/tinyusb/src/device/usbd_control.c.obj
                0x0000000010007460                usbd_control_set_complete_callback
 .text.usbd_control_set_request
                0x000000001000746c       0x1c CMakeFiles/test_tx.dir/home/amelia/pico/pico-sdk/lib/tinyusb/src/device/usbd_control.c.obj
                0x000000001000746c                usbd_control_set_request
 .text.usbd_control_xfer_cb
                0x0000000010007488       0xfc CMakeFiles/test_tx.dir/home/amelia/pico/pico-sdk/lib/tinyusb/src/device/usbd_control.c.obj
                0x0000000010007488                usbd_control_xfer_cb
 .text.tud_cdc_n_connected
                0x0000000010007584       0x30 CMakeFiles/test_tx.dir/home/amelia/pico/pico-sdk/lib/tinyusb/src/class/cdc/cdc_device.c.obj
                0x0000000010007584                tud_cdc_n_connected
 .text.tud_cdc_n_available
                0x00000000100075b4       0x18 CMakeFiles/test_tx.dir/home/amelia/pico/pico-sdk/lib/tinyusb/src/class/cdc/cdc_device.c.obj
                0x00000000100075b4                tud_cdc_n_available
 .text.tud_cdc_n_read
                0x00000000100075cc       0x70 CMakeFiles/test_tx.dir/home/amelia/pico/pico-sdk/lib/tinyusb/src/class/cdc/cdc_device.c.obj
                0x00000000100075cc                tud_cdc_n_read
 .text.tud_cdc_n_write_flush
                0x000000001000763c       0x78 CMakeFiles/test_tx.dir/home/amelia/pico/pico-sdk/lib/tinyusb/src/class/cdc/cdc_device.c.obj
                0x000000001000763c                tud_cdc_n_write_flush
 .text.tud_cdc_n_write
                0x00000000100076b4       0x34 CMakeFiles/test_tx.dir/home/amelia/pico/pico-sdk/lib/tinyusb/src/class/cdc/cdc_device.c.obj
                0x00000000100076b4                tud_cdc_n_write
 .text.tud_cdc_n_write_available
                0x00000000100076e8       0x18 CMakeFiles/test_tx.dir/home/amelia/pico/pico-sdk/lib/tinyusb/src/class/cdc/cdc_device.c.obj
                0x00000000100076e8                tud_cdc_n_write_available
 .text.cdcd_init
                0x0000000010007700       0x7c CMakeFiles/test_tx.dir/home/amelia/pico/pico-sdk/lib/tinyusb/src/class/cdc/cdc_device.c.obj
                0x0000000010007700                cdcd_init
 .text.cdcd_reset
                0x000000001000777c       0x2c CMakeFiles/test_tx.dir/home/amelia/pico/pico-sdk/lib/tinyusb/src/class/cdc/cdc_device.c.obj
                0x000000001000777c                cdcd_reset
 .text.cdcd_open
                0x00000000100077a8       0xe8 CMakeFiles/test_tx.dir/home/amelia/pico/pico-sdk/lib/tinyusb/src/class/cdc/cdc_device.c.obj
                0x00000000100077a8                cdcd_open
 .text.cdcd_control_xfer_cb
                0x0000000010007890       0xe4 CMakeFiles/test_tx.dir/home/amelia/pico/pico-sdk/lib/tinyusb/src/class/cdc/cdc_device.c.obj
                0x0000000010007890                cdcd_control_xfer_cb
 .text.cdcd_xfer_cb
                0x0000000010007974      0x198 CMakeFiles/test_tx.dir/home/amelia/pico/pico-sdk/lib/tinyusb/src/class/cdc/cdc_device.c.obj
                0x0000000010007974                cdcd_xfer_cb
 .text.tusb_init
                0x0000000010007b0c        0xc CMakeFiles/test_tx.dir/home/amelia/pico/pico-sdk/lib/tinyusb/src/tusb.c.obj
                0x0000000010007b0c                tusb_init
 .text.tusb_inited
                0x0000000010007b18        0x8 CMakeFiles/test_tx.dir/home/amelia/pico/pico-sdk/lib/tinyusb/src/tusb.c.obj
                0x0000000010007b18                tusb_inited
 .text.tu_edpt_claim
                0x0000000010007b20       0x50 CMakeFiles/test_tx.dir/home/amelia/pico/pico-sdk/lib/tinyusb/src/tusb.c.obj
                0x0000000010007b20                tu_edpt_claim
 .text.tu_edpt_release
                0x0000000010007b70       0x38 CMakeFiles/test_tx.dir/home/amelia/pico/pico-sdk/lib/tinyusb/src/tusb.c.obj
                0x0000000010007b70                tu_edpt_release
 .text.tu_edpt_validate
                0x0000000010007ba8       0x78 CMakeFiles/test_tx.dir/home/amelia/pico/pico-sdk/lib/tinyusb/src/tusb.c.obj
                0x0000000010007ba8                tu_edpt_validate
 .text.tu_edpt_bind_driver
                0x0000000010007c20       0x34 CMakeFiles/test_tx.dir/home/amelia/pico/pico-sdk/lib/tinyusb/src/tusb.c.obj
                0x0000000010007c20                tu_edpt_bind_driver
 .text.tu_fifo_config
                0x0000000010007c54       0x70 CMakeFiles/test_tx.dir/home/amelia/pico/pico-sdk/lib/tinyusb/src/common/tusb_fifo.c.obj
                0x0000000010007c54                tu_fifo_config
 .text.tu_fifo_count
                0x0000000010007cc4       0x2c CMakeFiles/test_tx.dir/home/amelia/pico/pico-sdk/lib/tinyusb/src/common/tusb_fifo.c.obj
                0x0000000010007cc4                tu_fifo_count
 .text.tu_fifo_empty
                0x0000000010007cf0       0x10 CMakeFiles/test_tx.dir/home/amelia/pico/pico-sdk/lib/tinyusb/src/common/tusb_fifo.c.obj
                0x0000000010007cf0                tu_fifo_empty
 .text.tu_fifo_remaining
                0x0000000010007d00       0x2c CMakeFiles/test_tx.dir/home/amelia/pico/pico-sdk/lib/tinyusb/src/common/tusb_fifo.c.obj
                0x0000000010007d00                tu_fifo_remaining
 .text.tu_fifo_read
                0x0000000010007d2c       0x9c CMakeFiles/test_tx.dir/home/amelia/pico/pico-sdk/lib/tinyusb/src/common/tusb_fifo.c.obj
                0x0000000010007d2c                tu_fifo_read
 .text.tu_fifo_read_n
                0x0000000010007dc8       0xf0 CMakeFiles/test_tx.dir/home/amelia/pico/pico-sdk/lib/tinyusb/src/common/tusb_fifo.c.obj
                0x0000000010007dc8                tu_fifo_read_n
 .text.tu_fifo_write
                0x0000000010007eb8       0x88 CMakeFiles/test_tx.dir/home/amelia/pico/pico-sdk/lib/tinyusb/src/common/tusb_fifo.c.obj
                0x0000000010007eb8                tu_fifo_write
 .text.tu_fifo_write_n
                0x0000000010007f40      0x164 CMakeFiles/test_tx.dir/home/amelia/pico/pico-sdk/lib/tinyusb/src/common/tusb_fifo.c.obj
                0x0000000010007f40                tu_fifo_write_n
 .text.tu_fifo_clear
                0x00000000100080a4       0x40 CMakeFiles/test_tx.dir/home/amelia/pico/pico-sdk/lib/tinyusb/src/common/tusb_fifo.c.obj
                0x00000000100080a4                tu_fifo_clear
 .text.tu_fifo_set_overwritable
                0x00000000100080e4       0x48 CMakeFiles/test_tx.dir/home/amelia/pico/pico-sdk/lib/tinyusb/src/common/tusb_fifo.c.obj
                0x00000000100080e4                tu_fifo_set_overwritable
 .text.spi_init
                0x000000001000812c       0xf4 CMakeFiles/test_tx.dir/home/amelia/pico/pico-sdk/src/rp2_common/hardware_spi/spi.c.obj
                0x000000001000812c                spi_init
 .text.atexit   0x0000000010008220       0x10 /usr/lib/gcc/arm-none-eabi/9.3.0/../../../../arm-none-eabi/lib/thumb/v6-m/nofp/libc.a(lib_a-atexit.o)
                0x0000000010008220                atexit
 .text.__libc_fini_array
                0x0000000010008230       0x28 /usr/lib/gcc/arm-none-eabi/9.3.0/../../../../arm-none-eabi/lib/thumb/v6-m/nofp/libc.a(lib_a-fini.o)
                0x0000000010008230                __libc_fini_array
 .text.malloc   0x0000000010008258       0x14 /usr/lib/gcc/arm-none-eabi/9.3.0/../../../../arm-none-eabi/lib/thumb/v6-m/nofp/libc.a(lib_a-malloc.o)
                0x0000000010008258                malloc
 .text._malloc_r
                0x000000001000826c      0x598 /usr/lib/gcc/arm-none-eabi/9.3.0/../../../../arm-none-eabi/lib/thumb/v6-m/nofp/libc.a(lib_a-mallocr.o)
                0x000000001000826c                _malloc_r
 .text.__malloc_lock
                0x0000000010008804       0x10 /usr/lib/gcc/arm-none-eabi/9.3.0/../../../../arm-none-eabi/lib/thumb/v6-m/nofp/libc.a(lib_a-mlock.o)
                0x0000000010008804                __malloc_lock
 .text.__malloc_unlock
                0x0000000010008814       0x10 /usr/lib/gcc/arm-none-eabi/9.3.0/../../../../arm-none-eabi/lib/thumb/v6-m/nofp/libc.a(lib_a-mlock.o)
                0x0000000010008814                __malloc_unlock
 .text._sbrk_r  0x0000000010008824       0x24 /usr/lib/gcc/arm-none-eabi/9.3.0/../../../../arm-none-eabi/lib/thumb/v6-m/nofp/libc.a(lib_a-sbrkr.o)
                0x0000000010008824                _sbrk_r
 .text.strlen   0x0000000010008848       0x5c /usr/lib/gcc/arm-none-eabi/9.3.0/../../../../arm-none-eabi/lib/thumb/v6-m/nofp/libc.a(lib_a-strlen-stub.o)
                0x0000000010008848                strlen
 .text.__register_exitproc
                0x00000000100088a4       0xb0 /usr/lib/gcc/arm-none-eabi/9.3.0/../../../../arm-none-eabi/lib/thumb/v6-m/nofp/libc.a(lib_a-__atexit.o)
                0x00000000100088a4                __register_exitproc
 .text.startup.register_fini
                0x0000000010008954       0x18 /usr/lib/gcc/arm-none-eabi/9.3.0/../../../../arm-none-eabi/lib/thumb/v6-m/nofp/libc.a(lib_a-__call_atexit.o)
 .text._malloc_trim_r
                0x000000001000896c       0x9c /usr/lib/gcc/arm-none-eabi/9.3.0/../../../../arm-none-eabi/lib/thumb/v6-m/nofp/libc.a(lib_a-freer.o)
                0x000000001000896c                _malloc_trim_r
 .text._free_r  0x0000000010008a08      0x1dc /usr/lib/gcc/arm-none-eabi/9.3.0/../../../../arm-none-eabi/lib/thumb/v6-m/nofp/libc.a(lib_a-freer.o)
                0x0000000010008a08                _free_r
 .text.__retarget_lock_acquire_recursive
                0x0000000010008be4        0x4 /usr/lib/gcc/arm-none-eabi/9.3.0/../../../../arm-none-eabi/lib/thumb/v6-m/nofp/libc.a(lib_a-lock.o)
                0x0000000010008be4                __retarget_lock_acquire_recursive
 .text.__retarget_lock_release_recursive
                0x0000000010008be8        0x4 /usr/lib/gcc/arm-none-eabi/9.3.0/../../../../arm-none-eabi/lib/thumb/v6-m/nofp/libc.a(lib_a-lock.o)
                0x0000000010008be8                __retarget_lock_release_recursive
 *(.fini)
 .fini          0x0000000010008bec        0x4 /usr/lib/gcc/arm-none-eabi/9.3.0/thumb/v6-m/nofp/crti.o
                0x0000000010008bec                _fini
 .fini.__stub   0x0000000010008bf0       0xf0 linker stubs
 *crtbegin.o(.ctors)
 *crtbegin?.o(.ctors)
 *(EXCLUDE_FILE(*crtend.o *crtend?.o) .ctors)
 *(SORT_BY_NAME(.ctors.*))
 *(.ctors)
 *crtbegin.o(.dtors)
 *crtbegin?.o(.dtors)
 *(EXCLUDE_FILE(*crtend.o *crtend?.o) .dtors)
 *(SORT_BY_NAME(.dtors.*))
 *(.dtors)
 *(.eh_frame*)
 .eh_frame      0x0000000010008ce0        0x0 /usr/lib/gcc/arm-none-eabi/9.3.0/thumb/v6-m/nofp/crtbegin.o
                0x0000000010008ce0                . = ALIGN (0x4)

.glue_7         0x0000000010008ce0        0x0
 .glue_7        0x0000000010008ce0        0x0 linker stubs

.glue_7t        0x0000000010008ce0        0x0
 .glue_7t       0x0000000010008ce0        0x0 linker stubs

.vfp11_veneer   0x0000000010008ce0        0x0
 .vfp11_veneer  0x0000000010008ce0        0x0 linker stubs

.v4_bx          0x0000000010008ce0        0x0
 .v4_bx         0x0000000010008ce0        0x0 linker stubs

.iplt           0x0000000010008ce0        0x0
 .iplt          0x0000000010008ce0        0x0 /usr/lib/gcc/arm-none-eabi/9.3.0/thumb/v6-m/nofp/crtbegin.o

.rodata         0x0000000010008ce0      0x6f0
 *(EXCLUDE_FILE(*libm.a: *libc.a:*lib_a-mem*.o *libgcc.a:) .rodata*)
 .rodata.main.str1.4
                0x0000000010008ce0       0x3c CMakeFiles/test_tx.dir/test_tx.c.obj
 .rodata.str1.4
                0x0000000010008d1c       0x62 CMakeFiles/test_tx.dir/test_tx.c.obj
 *fill*         0x0000000010008d7e        0x2 
 .rodata.__bi_24.6482
                0x0000000010008d80        0xc CMakeFiles/test_tx.dir/test_tx.c.obj
 .rodata.__bi_25.6485
                0x0000000010008d8c        0xc CMakeFiles/test_tx.dir/test_tx.c.obj
 .rodata.__bi_26.6488
                0x0000000010008d98        0xc CMakeFiles/test_tx.dir/test_tx.c.obj
 .rodata.__bi_27.6491
                0x0000000010008da4        0xc CMakeFiles/test_tx.dir/test_tx.c.obj
 .rodata.__bi_28.6494
                0x0000000010008db0        0xc CMakeFiles/test_tx.dir/test_tx.c.obj
 .rodata.__bi_29.6497
                0x0000000010008dbc        0xc CMakeFiles/test_tx.dir/test_tx.c.obj
 .rodata.__bi_30.6500
                0x0000000010008dc8        0xc CMakeFiles/test_tx.dir/test_tx.c.obj
 .rodata.__bi_31.6503
                0x0000000010008dd4        0xc CMakeFiles/test_tx.dir/test_tx.c.obj
 .rodata.__bi_32.6506
                0x0000000010008de0        0xc CMakeFiles/test_tx.dir/test_tx.c.obj
 .rodata.critical_error.str1.4
                0x0000000010008dec       0x14 CMakeFiles/test_tx.dir/home/amelia/Documents/WISDOM/wisdom_sensor_net/error/error_report.c.obj
 .rodata.str1.4
                0x0000000010008e00       0x91 CMakeFiles/test_tx.dir/home/amelia/Documents/WISDOM/wisdom_sensor_net/error/error_report.c.obj
 *fill*         0x0000000010008e91        0x3 
 .rodata.err_msg_table
                0x0000000010008e94       0x10 CMakeFiles/test_tx.dir/home/amelia/Documents/WISDOM/wisdom_sensor_net/error/error_report.c.obj
 .rodata.spin_lock_claim_unused.str1.4
                0x0000000010008ea4       0x1b CMakeFiles/test_tx.dir/home/amelia/pico/pico-sdk/src/rp2_common/hardware_sync/sync.c.obj
 *fill*         0x0000000010008ebf        0x1 
 .rodata.user_irq_claim_unused.str1.4
                0x0000000010008ec0       0x1b CMakeFiles/test_tx.dir/home/amelia/pico/pico-sdk/src/rp2_common/hardware_irq/irq.c.obj
 *fill*         0x0000000010008edb        0x1 
 .rodata.hardware_alarm_claim.str1.4
                0x0000000010008edc       0x22 CMakeFiles/test_tx.dir/home/amelia/pico/pico-sdk/src/rp2_common/hardware_timer/timer.c.obj
 *fill*         0x0000000010008efe        0x2 
 .rodata.panic.str1.4
                0x0000000010008f00       0x10 CMakeFiles/test_tx.dir/home/amelia/pico/pico-sdk/src/rp2_common/pico_runtime/runtime.c.obj
                                         0x12 (size before relaxing)
 .rodata.hard_assertion_failure.str1.4
                0x0000000010008f10        0xc CMakeFiles/test_tx.dir/home/amelia/pico/pico-sdk/src/rp2_common/pico_runtime/runtime.c.obj
 .rodata._ftoa.str1.4
                0x0000000010008f1c       0x15 CMakeFiles/test_tx.dir/home/amelia/pico/pico-sdk/src/rp2_common/pico_printf/printf.c.obj
 *fill*         0x0000000010008f31        0x3 
 .rodata._vsnprintf
                0x0000000010008f34      0x1e0 CMakeFiles/test_tx.dir/home/amelia/pico/pico-sdk/src/rp2_common/pico_printf/printf.c.obj
 *fill*         0x0000000010009114        0x4 
 .rodata.pow10.5461
                0x0000000010009118       0x50 CMakeFiles/test_tx.dir/home/amelia/pico/pico-sdk/src/rp2_common/pico_printf/printf.c.obj
 .rodata.__wrap_malloc.str1.4
                0x0000000010009168        0xe CMakeFiles/test_tx.dir/home/amelia/pico/pico-sdk/src/rp2_common/pico_malloc/pico_malloc.c.obj
 *fill*         0x0000000010009176        0x2 
 .rodata.str1.4
                0x0000000010009178       0x3c CMakeFiles/test_tx.dir/home/amelia/pico/pico-sdk/src/rp2_common/pico_standard_link/binary_info.c.obj
 .rodata.__bi_44
                0x00000000100091b4        0xc CMakeFiles/test_tx.dir/home/amelia/pico/pico-sdk/src/rp2_common/pico_standard_link/binary_info.c.obj
 .rodata.__bi_75
                0x00000000100091c0        0xc CMakeFiles/test_tx.dir/home/amelia/pico/pico-sdk/src/rp2_common/pico_standard_link/binary_info.c.obj
 .rodata.__bi_81
                0x00000000100091cc        0xc CMakeFiles/test_tx.dir/home/amelia/pico/pico-sdk/src/rp2_common/pico_standard_link/binary_info.c.obj
 .rodata.crlf_str.6098
                0x00000000100091d8        0x2 CMakeFiles/test_tx.dir/home/amelia/pico/pico-sdk/src/rp2_common/pico_stdio/stdio.c.obj
 *fill*         0x00000000100091da        0x2 
 .rodata._resetd_driver
                0x00000000100091dc       0x18 CMakeFiles/test_tx.dir/home/amelia/pico/pico-sdk/src/rp2_common/pico_stdio_usb/reset_interface.c.obj
 .rodata.str1.4
                0x00000000100091f4       0x13 CMakeFiles/test_tx.dir/home/amelia/pico/pico-sdk/src/rp2_common/pico_stdio_usb/stdio_usb.c.obj
 *fill*         0x0000000010009207        0x1 
 .rodata.__bi_188.7666
                0x0000000010009208        0xc CMakeFiles/test_tx.dir/home/amelia/pico/pico-sdk/src/rp2_common/pico_stdio_usb/stdio_usb.c.obj
 .rodata.str1.4
                0x0000000010009214       0x2a CMakeFiles/test_tx.dir/home/amelia/pico/pico-sdk/src/rp2_common/pico_stdio_usb/stdio_usb_descriptors.c.obj
 *fill*         0x000000001000923e        0x2 
 .rodata.usbd_desc_cfg
                0x0000000010009240       0x54 CMakeFiles/test_tx.dir/home/amelia/pico/pico-sdk/src/rp2_common/pico_stdio_usb/stdio_usb_descriptors.c.obj
 .rodata.usbd_desc_device
                0x0000000010009294       0x12 CMakeFiles/test_tx.dir/home/amelia/pico/pico-sdk/src/rp2_common/pico_stdio_usb/stdio_usb_descriptors.c.obj
 *fill*         0x00000000100092a6        0x2 
 .rodata.usbd_desc_str
                0x00000000100092a8       0x18 CMakeFiles/test_tx.dir/home/amelia/pico/pico-sdk/src/rp2_common/pico_stdio_usb/stdio_usb_descriptors.c.obj
 .rodata.str1.4
                0x00000000100092c0       0x14 CMakeFiles/test_tx.dir/home/amelia/pico/pico-sdk/lib/tinyusb/src/portable/raspberrypi/rp2040/dcd_rp2040.c.obj
 .rodata.str1.4
                0x00000000100092d4       0x54 CMakeFiles/test_tx.dir/home/amelia/pico/pico-sdk/lib/tinyusb/src/portable/raspberrypi/rp2040/rp2040_usb.c.obj
                                         0x53 (size before relaxing)
 .rodata.tud_task_ext
                0x0000000010009328       0x8c CMakeFiles/test_tx.dir/home/amelia/pico/pico-sdk/lib/tinyusb/src/device/usbd.c.obj
 .rodata._usbd_driver
                0x00000000100093b4       0x18 CMakeFiles/test_tx.dir/home/amelia/pico/pico-sdk/lib/tinyusb/src/device/usbd.c.obj
 .rodata._global_impure_ptr
                0x00000000100093cc        0x4 /usr/lib/gcc/arm-none-eabi/9.3.0/../../../../arm-none-eabi/lib/thumb/v6-m/nofp/libc.a(lib_a-impure.o)
                0x00000000100093cc                _global_impure_ptr
                0x00000000100093d0                . = ALIGN (0x4)
 *(SORT_BY_ALIGNMENT(SORT_BY_NAME(.flashdata*)))
                0x00000000100093d0                . = ALIGN (0x4)

.rel.dyn        0x00000000100093d0        0x0
 .rel.iplt      0x00000000100093d0        0x0 /usr/lib/gcc/arm-none-eabi/9.3.0/thumb/v6-m/nofp/crtbegin.o

.ARM.extab
 *(.ARM.extab* .gnu.linkonce.armextab.*)
                0x00000000100093d0                __exidx_start = .

.ARM.exidx
 *(.ARM.exidx* .gnu.linkonce.armexidx.*)
                0x00000000100093d0                __exidx_end = .
                0x00000000100093d0                . = ALIGN (0x4)
                0x00000000100093d0                __binary_info_start = .

.binary_info    0x00000000100093d0       0x44
 *(.binary_info.keep.*)
 .binary_info.keep.__bi_ptr24
                0x00000000100093d0        0x4 CMakeFiles/test_tx.dir/test_tx.c.obj
 .binary_info.keep.__bi_ptr25
                0x00000000100093d4        0x4 CMakeFiles/test_tx.dir/test_tx.c.obj
 .binary_info.keep.__bi_ptr26
                0x00000000100093d8        0x4 CMakeFiles/test_tx.dir/test_tx.c.obj
 .binary_info.keep.__bi_ptr27
                0x00000000100093dc        0x4 CMakeFiles/test_tx.dir/test_tx.c.obj
 .binary_info.keep.__bi_ptr28
                0x00000000100093e0        0x4 CMakeFiles/test_tx.dir/test_tx.c.obj
 .binary_info.keep.__bi_ptr29
                0x00000000100093e4        0x4 CMakeFiles/test_tx.dir/test_tx.c.obj
 .binary_info.keep.__bi_ptr30
                0x00000000100093e8        0x4 CMakeFiles/test_tx.dir/test_tx.c.obj
 .binary_info.keep.__bi_ptr31
                0x00000000100093ec        0x4 CMakeFiles/test_tx.dir/test_tx.c.obj
 .binary_info.keep.__bi_ptr32
                0x00000000100093f0        0x4 CMakeFiles/test_tx.dir/test_tx.c.obj
 .binary_info.keep.__bi_ptr22
                0x00000000100093f4        0x4 CMakeFiles/test_tx.dir/home/amelia/pico/pico-sdk/src/rp2_common/pico_standard_link/binary_info.c.obj
 .binary_info.keep.__bi_ptr30
                0x00000000100093f8        0x4 CMakeFiles/test_tx.dir/home/amelia/pico/pico-sdk/src/rp2_common/pico_standard_link/binary_info.c.obj
 .binary_info.keep.__bi_ptr38
                0x00000000100093fc        0x4 CMakeFiles/test_tx.dir/home/amelia/pico/pico-sdk/src/rp2_common/pico_standard_link/binary_info.c.obj
 .binary_info.keep.__bi_ptr44
                0x0000000010009400        0x4 CMakeFiles/test_tx.dir/home/amelia/pico/pico-sdk/src/rp2_common/pico_standard_link/binary_info.c.obj
 .binary_info.keep.__bi_ptr50
                0x0000000010009404        0x4 CMakeFiles/test_tx.dir/home/amelia/pico/pico-sdk/src/rp2_common/pico_standard_link/binary_info.c.obj
 .binary_info.keep.__bi_ptr75
                0x0000000010009408        0x4 CMakeFiles/test_tx.dir/home/amelia/pico/pico-sdk/src/rp2_common/pico_standard_link/binary_info.c.obj
 .binary_info.keep.__bi_ptr81
                0x000000001000940c        0x4 CMakeFiles/test_tx.dir/home/amelia/pico/pico-sdk/src/rp2_common/pico_standard_link/binary_info.c.obj
 *(.binary_info.*)
 .binary_info.__bi_ptr188
                0x0000000010009410        0x4 CMakeFiles/test_tx.dir/home/amelia/pico/pico-sdk/src/rp2_common/pico_stdio_usb/stdio_usb.c.obj
                0x0000000010009414                __binary_info_end = .
                0x0000000010009414                . = ALIGN (0x4)
                0x0000000010009414                __etext = .

.ram_vector_table
                0x0000000020000000       0xc0
 *(.ram_vector_table)
 .ram_vector_table
                0x0000000020000000       0xc0 CMakeFiles/test_tx.dir/home/amelia/pico/pico-sdk/src/rp2_common/pico_runtime/runtime.c.obj
                0x0000000020000000                ram_vector_table

.data           0x00000000200000c0     0x1798 load address 0x0000000010009414
                0x00000000200000c0                __data_start__ = .
 *(vtable)
 *(.time_critical*)
 .time_critical.mutex_try_enter
                0x00000000200000c0       0x48 CMakeFiles/test_tx.dir/home/amelia/pico/pico-sdk/src/common/pico_sync/mutex.c.obj
                0x00000000200000c0                mutex_try_enter
 .time_critical.mutex_try_enter_block_until
                0x0000000020000108       0xb0 CMakeFiles/test_tx.dir/home/amelia/pico/pico-sdk/src/common/pico_sync/mutex.c.obj
                0x0000000020000108                mutex_try_enter_block_until
 .time_critical.mutex_enter_timeout_ms
                0x00000000200001b8       0x90 CMakeFiles/test_tx.dir/home/amelia/pico/pico-sdk/src/common/pico_sync/mutex.c.obj
                0x00000000200001b8                mutex_enter_timeout_ms
 .time_critical.mutex_exit
                0x0000000020000248       0x28 CMakeFiles/test_tx.dir/home/amelia/pico/pico-sdk/src/common/pico_sync/mutex.c.obj
                0x0000000020000248                mutex_exit
 .time_critical.flash_init_boot2_copyout
                0x0000000020000270       0x30 CMakeFiles/test_tx.dir/home/amelia/pico/pico-sdk/src/rp2_common/hardware_flash/flash.c.obj
 .time_critical.flash_enable_xip_via_boot2
                0x00000000200002a0       0x10 CMakeFiles/test_tx.dir/home/amelia/pico/pico-sdk/src/rp2_common/hardware_flash/flash.c.obj
 .time_critical.flash_cs_force
                0x00000000200002b0       0x38 CMakeFiles/test_tx.dir/home/amelia/pico/pico-sdk/src/rp2_common/hardware_flash/flash.c.obj
 .time_critical.flash_do_cmd
                0x00000000200002e8       0xc4 CMakeFiles/test_tx.dir/home/amelia/pico/pico-sdk/src/rp2_common/hardware_flash/flash.c.obj
                0x00000000200002e8                flash_do_cmd
 .time_critical.reset_non_control_endpoints
                0x00000000200003ac       0xbc CMakeFiles/test_tx.dir/home/amelia/pico/pico-sdk/lib/tinyusb/src/portable/raspberrypi/rp2040/dcd_rp2040.c.obj
 .time_critical.hw_handle_buff_status
                0x0000000020000468       0xb4 CMakeFiles/test_tx.dir/home/amelia/pico/pico-sdk/lib/tinyusb/src/portable/raspberrypi/rp2040/dcd_rp2040.c.obj
 .time_critical.dcd_rp2040_irq
                0x000000002000051c      0x4f4 CMakeFiles/test_tx.dir/home/amelia/pico/pico-sdk/lib/tinyusb/src/portable/raspberrypi/rp2040/dcd_rp2040.c.obj
 .time_critical.prepare_ep_buffer
                0x0000000020000a10       0x70 CMakeFiles/test_tx.dir/home/amelia/pico/pico-sdk/lib/tinyusb/src/portable/raspberrypi/rp2040/rp2040_usb.c.obj
 .time_critical.sync_ep_buffer
                0x0000000020000a80       0x4c CMakeFiles/test_tx.dir/home/amelia/pico/pico-sdk/lib/tinyusb/src/portable/raspberrypi/rp2040/rp2040_usb.c.obj
 .time_critical._hw_endpoint_xfer_sync
                0x0000000020000acc       0x28 CMakeFiles/test_tx.dir/home/amelia/pico/pico-sdk/lib/tinyusb/src/portable/raspberrypi/rp2040/rp2040_usb.c.obj
 .time_critical.e15_is_bulkin_ep
                0x0000000020000af4       0x28 CMakeFiles/test_tx.dir/home/amelia/pico/pico-sdk/lib/tinyusb/src/portable/raspberrypi/rp2040/rp2040_usb.c.obj
 .time_critical.e15_is_critical_frame_period
                0x0000000020000b1c       0x38 CMakeFiles/test_tx.dir/home/amelia/pico/pico-sdk/lib/tinyusb/src/portable/raspberrypi/rp2040/rp2040_usb.c.obj
 .time_critical.hw_endpoint_reset_transfer
                0x0000000020000b54        0xc CMakeFiles/test_tx.dir/home/amelia/pico/pico-sdk/lib/tinyusb/src/portable/raspberrypi/rp2040/rp2040_usb.c.obj
                0x0000000020000b54                hw_endpoint_reset_transfer
 .time_critical._hw_endpoint_buffer_control_update32
                0x0000000020000b60       0x58 CMakeFiles/test_tx.dir/home/amelia/pico/pico-sdk/lib/tinyusb/src/portable/raspberrypi/rp2040/rp2040_usb.c.obj
                0x0000000020000b60                _hw_endpoint_buffer_control_update32
 .time_critical.hw_endpoint_start_next_buffer
                0x0000000020000bb8       0x6c CMakeFiles/test_tx.dir/home/amelia/pico/pico-sdk/lib/tinyusb/src/portable/raspberrypi/rp2040/rp2040_usb.c.obj
                0x0000000020000bb8                hw_endpoint_start_next_buffer
 .time_critical.hw_endpoint_xfer_continue
                0x0000000020000c24       0x50 CMakeFiles/test_tx.dir/home/amelia/pico/pico-sdk/lib/tinyusb/src/portable/raspberrypi/rp2040/rp2040_usb.c.obj
                0x0000000020000c24                hw_endpoint_xfer_continue
 .time_critical.tinyusb
                0x0000000020000c74      0x170 CMakeFiles/test_tx.dir/home/amelia/pico/pico-sdk/lib/tinyusb/src/device/usbd.c.obj
                0x0000000020000c74                dcd_event_handler
 .time_critical.spi_write_blocking
                0x0000000020000de4       0x4c CMakeFiles/test_tx.dir/home/amelia/pico/pico-sdk/src/rp2_common/hardware_spi/spi.c.obj
                0x0000000020000de4                spi_write_blocking
 .time_critical.spi_read_blocking
                0x0000000020000e30       0x74 CMakeFiles/test_tx.dir/home/amelia/pico/pico-sdk/src/rp2_common/hardware_spi/spi.c.obj
                0x0000000020000e30                spi_read_blocking
 *(.text*)
 .text          0x0000000020000ea4        0x4 /usr/lib/gcc/arm-none-eabi/9.3.0/thumb/v6-m/nofp/libgcc.a(_dvmd_tls.o)
                0x0000000020000ea4                __aeabi_ldiv0
                0x0000000020000ea4                __aeabi_idiv0
 .text.__stub   0x0000000020000ea8       0x70 linker stubs
                0x0000000020000f18                . = ALIGN (0x4)
 *(.rodata*)
                0x0000000020000f18                . = ALIGN (0x4)
 *(.data*)
 .data.striped_spin_lock_num
                0x0000000020000f18        0x1 CMakeFiles/test_tx.dir/home/amelia/pico/pico-sdk/src/rp2_common/hardware_sync/sync.c.obj
 *fill*         0x0000000020000f19        0x3 
 .data          0x0000000020000f1c       0x48 CMakeFiles/test_tx.dir/home/amelia/pico/pico-sdk/src/rp2_common/hardware_irq/irq_handler_chain.S.obj
                0x0000000020000f1c                irq_handler_chain_slots
                0x0000000020000f4c                irq_handler_chain_first_slot
                0x0000000020000f56                irq_handler_chain_remove_tail
 .data.default_alarm_pool
                0x0000000020000f64       0x18 CMakeFiles/test_tx.dir/home/amelia/pico/pico-sdk/src/common/pico_time/time.c.obj
 .data.default_alarm_pool_heap
                0x0000000020000f7c       0x10 CMakeFiles/test_tx.dir/home/amelia/pico/pico-sdk/src/common/pico_time/time.c.obj
 *fill*         0x0000000020000f8c        0x4 
 .data.aeabi_bits_funcs
                0x0000000020000f90       0x10 CMakeFiles/test_tx.dir/home/amelia/pico/pico-sdk/src/rp2_common/pico_bit_ops/bit_ops_aeabi.S.obj
                0x0000000020000f90                aeabi_bits_funcs
                0x0000000020000fa0                aeabi_bits_funcs_end
 .data.aeabi_mem_funcs
                0x0000000020000fa0       0x10 CMakeFiles/test_tx.dir/home/amelia/pico/pico-sdk/src/rp2_common/pico_mem_ops/mem_ops_aeabi.S.obj
                0x0000000020000fa0                aeabi_mem_funcs
                0x0000000020000fb0                aeabi_mem_funcs_end
 .data.stdio_usb
                0x0000000020000fb0       0x18 CMakeFiles/test_tx.dir/home/amelia/pico/pico-sdk/src/rp2_common/pico_stdio_usb/stdio_usb.c.obj
                0x0000000020000fb0                stdio_usb
 .data.ep_dir_string
                0x0000000020000fc8        0x8 CMakeFiles/test_tx.dir/home/amelia/pico/pico-sdk/lib/tinyusb/src/portable/raspberrypi/rp2040/rp2040_usb.c.obj
                0x0000000020000fc8                ep_dir_string
 .data._usbd_qdef
                0x0000000020000fd0       0x1c CMakeFiles/test_tx.dir/home/amelia/pico/pico-sdk/lib/tinyusb/src/device/usbd.c.obj
                0x0000000020000fd0                _usbd_qdef
 .data._usbd_rhport
                0x0000000020000fec        0x1 CMakeFiles/test_tx.dir/home/amelia/pico/pico-sdk/lib/tinyusb/src/device/usbd.c.obj
 *fill*         0x0000000020000fed        0x3 
 .data._impure_ptr
                0x0000000020000ff0        0x4 /usr/lib/gcc/arm-none-eabi/9.3.0/../../../../arm-none-eabi/lib/thumb/v6-m/nofp/libc.a(lib_a-impure.o)
                0x0000000020000ff0                _impure_ptr
 *fill*         0x0000000020000ff4        0x4 
 .data.impure_data
                0x0000000020000ff8      0x428 /usr/lib/gcc/arm-none-eabi/9.3.0/../../../../arm-none-eabi/lib/thumb/v6-m/nofp/libc.a(lib_a-impure.o)
 .data.__malloc_av_
                0x0000000020001420      0x408 /usr/lib/gcc/arm-none-eabi/9.3.0/../../../../arm-none-eabi/lib/thumb/v6-m/nofp/libc.a(lib_a-mallocr.o)
                0x0000000020001420                __malloc_av_
 .data.__malloc_sbrk_base
                0x0000000020001828        0x4 /usr/lib/gcc/arm-none-eabi/9.3.0/../../../../arm-none-eabi/lib/thumb/v6-m/nofp/libc.a(lib_a-mallocr.o)
                0x0000000020001828                __malloc_sbrk_base
 .data.__malloc_trim_threshold
                0x000000002000182c        0x4 /usr/lib/gcc/arm-none-eabi/9.3.0/../../../../arm-none-eabi/lib/thumb/v6-m/nofp/libc.a(lib_a-mallocr.o)
                0x000000002000182c                __malloc_trim_threshold
 .data.__atexit_recursive_mutex
                0x0000000020001830        0x4 /usr/lib/gcc/arm-none-eabi/9.3.0/../../../../arm-none-eabi/lib/thumb/v6-m/nofp/libc.a(lib_a-__call_atexit.o)
                0x0000000020001830                __atexit_recursive_mutex
                0x0000000020001834                . = ALIGN (0x4)
 *(.after_data.*)
                0x0000000020001834                . = ALIGN (0x4)
                0x0000000020001834                PROVIDE (__mutex_array_start = .)
 *(SORT_BY_NAME(.mutex_array.*))
 *(.mutex_array)
 .mutex_array   0x0000000020001834        0x8 CMakeFiles/test_tx.dir/home/amelia/pico/pico-sdk/src/rp2_common/pico_stdio/stdio.c.obj
                0x000000002000183c                PROVIDE (__mutex_array_end = .)
                0x000000002000183c                . = ALIGN (0x4)
                0x000000002000183c                PROVIDE (__preinit_array_start = .)
 *(SORT_BY_NAME(.preinit_array.*))
 .preinit_array.00001
                0x000000002000183c        0x4 CMakeFiles/test_tx.dir/home/amelia/pico/pico-sdk/src/rp2_common/pico_mem_ops/mem_ops_aeabi.S.obj
 .preinit_array.00010
                0x0000000020001840        0x4 CMakeFiles/test_tx.dir/home/amelia/pico/pico-sdk/src/rp2_common/pico_bit_ops/bit_ops_aeabi.S.obj
 .preinit_array.00020
                0x0000000020001844        0x4 CMakeFiles/test_tx.dir/home/amelia/pico/pico-sdk/src/rp2_common/pico_double/double_aeabi.S.obj
 .preinit_array.00020
                0x0000000020001848        0x4 CMakeFiles/test_tx.dir/home/amelia/pico/pico-sdk/src/rp2_common/pico_float/float_aeabi.S.obj
 *(.preinit_array)
                0x000000002000184c                PROVIDE (__preinit_array_end = .)
                0x000000002000184c                . = ALIGN (0x4)
                0x000000002000184c                PROVIDE (__init_array_start = .)
 *(SORT_BY_NAME(.init_array.*))
 .init_array.00000
                0x000000002000184c        0x4 /usr/lib/gcc/arm-none-eabi/9.3.0/../../../../arm-none-eabi/lib/thumb/v6-m/nofp/libc.a(lib_a-__call_atexit.o)
 *(.init_array)
 .init_array    0x0000000020001850        0x4 /usr/lib/gcc/arm-none-eabi/9.3.0/thumb/v6-m/nofp/crtbegin.o
 .init_array    0x0000000020001854        0x4 CMakeFiles/test_tx.dir/home/amelia/pico/pico-sdk/src/rp2_common/pico_unique_id/unique_id.c.obj
                0x0000000020001858                PROVIDE (__init_array_end = .)
                0x0000000020001858                . = ALIGN (0x4)
                0x0000000020001858                PROVIDE (__fini_array_start = .)
 *(SORT_BY_NAME(.fini_array.*))
 *(.fini_array)
                0x0000000020001858                PROVIDE (__fini_array_end = .)
 *(.jcr)
                0x0000000020001858                . = ALIGN (0x4)
                0x0000000020001858                __data_end__ = .

.tm_clone_table
                0x0000000020001858        0x0 load address 0x000000001000abac
 .tm_clone_table
                0x0000000020001858        0x0 /usr/lib/gcc/arm-none-eabi/9.3.0/thumb/v6-m/nofp/crtbegin.o
 .tm_clone_table
                0x0000000020001858        0x0 /usr/lib/gcc/arm-none-eabi/9.3.0/thumb/v6-m/nofp/crtend.o

.igot.plt       0x0000000020001858        0x0 load address 0x000000001000abac
 .igot.plt      0x0000000020001858        0x0 /usr/lib/gcc/arm-none-eabi/9.3.0/thumb/v6-m/nofp/crtbegin.o

.uninitialized_data
                0x0000000020001858        0x0 load address 0x000000001000abac
                0x0000000020001858                . = ALIGN (0x4)
 *(.uninitialized_data*)

.scratch_x      0x0000000020040000        0x0 load address 0x000000001000abac
                0x0000000020040000                __scratch_x_start__ = .
 *(.scratch_x.*)
                0x0000000020040000                . = ALIGN (0x4)
                0x0000000020040000                __scratch_x_end__ = .
                0x000000001000abac                __scratch_x_source__ = LOADADDR (.scratch_x)

.scratch_y      0x0000000020041000        0x0 load address 0x000000001000abac
                0x0000000020041000                __scratch_y_start__ = .
 *(.scratch_y.*)
                0x0000000020041000                . = ALIGN (0x4)
                0x0000000020041000                __scratch_y_end__ = .
                0x000000001000abac                __scratch_y_source__ = LOADADDR (.scratch_y)

.bss            0x0000000020001858      0xde4
                0x0000000020001858                . = ALIGN (0x4)
                0x0000000020001858                __bss_start__ = .
 *(SORT_BY_ALIGNMENT(SORT_BY_NAME(.bss*)))
 .bss.default_alarm_pool_entries
                0x0000000020001858      0x100 CMakeFiles/test_tx.dir/home/amelia/pico/pico-sdk/src/common/pico_time/time.c.obj
 .bss.last_avail_time.7639
                0x0000000020001958        0x8 CMakeFiles/test_tx.dir/home/amelia/pico/pico-sdk/src/rp2_common/pico_stdio_usb/stdio_usb.c.obj
 .bss.__malloc_current_mallinfo
                0x0000000020001960       0x28 /usr/lib/gcc/arm-none-eabi/9.3.0/../../../../arm-none-eabi/lib/thumb/v6-m/nofp/libc.a(lib_a-mallocr.o)
                0x0000000020001960                __malloc_current_mallinfo
 .bss.__malloc_max_sbrked_mem
                0x0000000020001988        0x4 /usr/lib/gcc/arm-none-eabi/9.3.0/../../../../arm-none-eabi/lib/thumb/v6-m/nofp/libc.a(lib_a-mallocr.o)
                0x0000000020001988                __malloc_max_sbrked_mem
 .bss.__malloc_max_total_mem
                0x000000002000198c        0x4 /usr/lib/gcc/arm-none-eabi/9.3.0/../../../../arm-none-eabi/lib/thumb/v6-m/nofp/libc.a(lib_a-mallocr.o)
                0x000000002000198c                __malloc_max_total_mem
 .bss.__malloc_top_pad
                0x0000000020001990        0x4 /usr/lib/gcc/arm-none-eabi/9.3.0/../../../../arm-none-eabi/lib/thumb/v6-m/nofp/libc.a(lib_a-mallocr.o)
                0x0000000020001990                __malloc_top_pad
 .bss._app_driver
                0x0000000020001994        0x4 CMakeFiles/test_tx.dir/home/amelia/pico/pico-sdk/lib/tinyusb/src/device/usbd.c.obj
 .bss._cdcd_itf
                0x0000000020001998      0x2c8 CMakeFiles/test_tx.dir/home/amelia/pico/pico-sdk/lib/tinyusb/src/class/cdc/cdc_device.c.obj
 .bss._ctrl_xfer
                0x0000000020001c60       0x14 CMakeFiles/test_tx.dir/home/amelia/pico/pico-sdk/lib/tinyusb/src/device/usbd_control.c.obj
 .bss._ubsd_mutexdef
                0x0000000020001c74        0x8 CMakeFiles/test_tx.dir/home/amelia/pico/pico-sdk/lib/tinyusb/src/device/usbd.c.obj
 .bss._usbd_ctrl_buf
                0x0000000020001c7c       0x40 CMakeFiles/test_tx.dir/home/amelia/pico/pico-sdk/lib/tinyusb/src/device/usbd_control.c.obj
 .bss._usbd_dev
                0x0000000020001cbc       0x53 CMakeFiles/test_tx.dir/home/amelia/pico/pico-sdk/lib/tinyusb/src/device/usbd.c.obj
 *fill*         0x0000000020001d0f        0x1 
 .bss._usbd_mutex
                0x0000000020001d10        0x4 CMakeFiles/test_tx.dir/home/amelia/pico/pico-sdk/lib/tinyusb/src/device/usbd.c.obj
 .bss._usbd_q   0x0000000020001d14        0x4 CMakeFiles/test_tx.dir/home/amelia/pico/pico-sdk/lib/tinyusb/src/device/usbd.c.obj
 .bss.alarm_callbacks
                0x0000000020001d18       0x10 CMakeFiles/test_tx.dir/home/amelia/pico/pico-sdk/src/rp2_common/hardware_timer/timer.c.obj
 .bss.boot2_copyout
                0x0000000020001d28      0x100 CMakeFiles/test_tx.dir/home/amelia/pico/pico-sdk/src/rp2_common/hardware_flash/flash.c.obj
 .bss.chars_available_callback
                0x0000000020001e28        0x4 CMakeFiles/test_tx.dir/home/amelia/pico/pico-sdk/src/rp2_common/pico_stdio_usb/stdio_usb.c.obj
 .bss.chars_available_param
                0x0000000020001e2c        0x4 CMakeFiles/test_tx.dir/home/amelia/pico/pico-sdk/src/rp2_common/pico_stdio_usb/stdio_usb.c.obj
 .bss.claimed   0x0000000020001e30        0x4 CMakeFiles/test_tx.dir/home/amelia/pico/pico-sdk/src/rp2_common/hardware_sync/sync.c.obj
 .bss.configured_freq
                0x0000000020001e34       0x28 CMakeFiles/test_tx.dir/home/amelia/pico/pico-sdk/src/rp2_common/hardware_clocks/clocks.c.obj
 .bss.default_alarm_pool_entry_ids_high
                0x0000000020001e5c       0x10 CMakeFiles/test_tx.dir/home/amelia/pico/pico-sdk/src/common/pico_time/time.c.obj
 .bss.default_alarm_pool_heap_nodes
                0x0000000020001e6c       0x30 CMakeFiles/test_tx.dir/home/amelia/pico/pico-sdk/src/common/pico_time/time.c.obj
 .bss.desc_str.7431
                0x0000000020001e9c       0x28 CMakeFiles/test_tx.dir/home/amelia/pico/pico-sdk/src/rp2_common/pico_stdio_usb/stdio_usb_descriptors.c.obj
 .bss.drivers   0x0000000020001ec4        0x4 CMakeFiles/test_tx.dir/home/amelia/pico/pico-sdk/src/rp2_common/pico_stdio/stdio.c.obj
 .bss.e15_last_sof
                0x0000000020001ec8        0x4 CMakeFiles/test_tx.dir/home/amelia/pico/pico-sdk/lib/tinyusb/src/portable/raspberrypi/rp2040/rp2040_usb.c.obj
                0x0000000020001ec8                e15_last_sof
 .bss.filter    0x0000000020001ecc        0x4 CMakeFiles/test_tx.dir/home/amelia/pico/pico-sdk/src/rp2_common/pico_stdio/stdio.c.obj
 .bss.heap_end.6423
                0x0000000020001ed0        0x4 CMakeFiles/test_tx.dir/home/amelia/pico/pico-sdk/src/rp2_common/pico_runtime/runtime.c.obj
 .bss.hw_endpoints
                0x0000000020001ed4      0x400 CMakeFiles/test_tx.dir/home/amelia/pico/pico-sdk/lib/tinyusb/src/portable/raspberrypi/rp2040/dcd_rp2040.c.obj
 .bss.lazy_vsnprintf
                0x00000000200022d4        0x4 CMakeFiles/test_tx.dir/home/amelia/pico/pico-sdk/src/rp2_common/pico_printf/printf.c.obj
 .bss.load_value
                0x00000000200022d8        0x4 CMakeFiles/test_tx.dir/home/amelia/pico/pico-sdk/src/rp2_common/hardware_watchdog/watchdog.c.obj
 .bss.next_buffer_ptr
                0x00000000200022dc        0x4 CMakeFiles/test_tx.dir/home/amelia/pico/pico-sdk/lib/tinyusb/src/portable/raspberrypi/rp2040/dcd_rp2040.c.obj
 .bss.object.6744
                0x00000000200022e0       0x18 /usr/lib/gcc/arm-none-eabi/9.3.0/thumb/v6-m/nofp/crtbegin.o
 .bss.one_shot_timer_crit_sec
                0x00000000200022f8        0x8 CMakeFiles/test_tx.dir/home/amelia/pico/pico-sdk/src/rp2_common/pico_stdio_usb/stdio_usb.c.obj
 .bss.pools     0x0000000020002300       0x10 CMakeFiles/test_tx.dir/home/amelia/pico/pico-sdk/src/common/pico_time/time.c.obj
 .bss.retrieved_id
                0x0000000020002310        0x8 CMakeFiles/test_tx.dir/home/amelia/pico/pico-sdk/src/rp2_common/pico_unique_id/unique_id.c.obj
 .bss.sf_clz_func
                0x0000000020002318        0x4 CMakeFiles/test_tx.dir/home/amelia/pico/pico-sdk/src/rp2_common/pico_double/double_init_rom.c.obj
                0x0000000020002318                sf_clz_func
 .bss.sleep_notifier
                0x000000002000231c        0x4 CMakeFiles/test_tx.dir/home/amelia/pico/pico-sdk/src/common/pico_time/time.c.obj
 .bss.stdio_usb_mutex
                0x0000000020002320        0x8 CMakeFiles/test_tx.dir/home/amelia/pico/pico-sdk/src/rp2_common/pico_stdio_usb/stdio_usb.c.obj
 .bss.target_hi
                0x0000000020002328       0x10 CMakeFiles/test_tx.dir/home/amelia/pico/pico-sdk/src/rp2_common/hardware_timer/timer.c.obj
 .bss.usbd_serial_str
                0x0000000020002338       0x11 CMakeFiles/test_tx.dir/home/amelia/pico/pico-sdk/src/rp2_common/pico_stdio_usb/stdio_usb_descriptors.c.obj
 .bss._app_driver_count
                0x0000000020002349        0x1 CMakeFiles/test_tx.dir/home/amelia/pico/pico-sdk/lib/tinyusb/src/device/usbd.c.obj
 .bss._sof_enable
                0x000000002000234a        0x1 CMakeFiles/test_tx.dir/home/amelia/pico/pico-sdk/lib/tinyusb/src/portable/raspberrypi/rp2040/dcd_rp2040.c.obj
 .bss.boot2_copyout_valid
                0x000000002000234b        0x1 CMakeFiles/test_tx.dir/home/amelia/pico/pico-sdk/src/rp2_common/hardware_flash/flash.c.obj
 .bss.claimed   0x000000002000234c        0x1 CMakeFiles/test_tx.dir/home/amelia/pico/pico-sdk/src/rp2_common/hardware_timer/timer.c.obj
 .bss.irq_hander_chain_free_slot_head
                0x000000002000234d        0x1 CMakeFiles/test_tx.dir/home/amelia/pico/pico-sdk/src/rp2_common/hardware_irq/irq.c.obj
 .bss.itf_num   0x000000002000234e        0x1 CMakeFiles/test_tx.dir/home/amelia/pico/pico-sdk/src/rp2_common/pico_stdio_usb/reset_interface.c.obj
 .bss.last_err  0x000000002000234f        0x1 CMakeFiles/test_tx.dir/home/amelia/Documents/WISDOM/wisdom_sensor_net/error/error_report.c.obj
                0x000000002000234f                last_err
 .bss.low_priority_irq_num
                0x0000000020002350        0x1 CMakeFiles/test_tx.dir/home/amelia/pico/pico-sdk/src/rp2_common/pico_stdio_usb/stdio_usb.c.obj
 .bss.one_shot_timer_pending
                0x0000000020002351        0x1 CMakeFiles/test_tx.dir/home/amelia/pico/pico-sdk/src/rp2_common/pico_stdio_usb/stdio_usb.c.obj
 .bss.timer_callbacks_pending
                0x0000000020002352        0x1 CMakeFiles/test_tx.dir/home/amelia/pico/pico-sdk/src/rp2_common/hardware_timer/timer.c.obj
 .bss.user_irq_claimed
                0x0000000020002353        0x1 CMakeFiles/test_tx.dir/home/amelia/pico/pico-sdk/src/rp2_common/hardware_irq/irq.c.obj
 *(COMMON)
 COMMON         0x0000000020002354      0x100 CMakeFiles/test_tx.dir/home/amelia/pico/pico-sdk/src/rp2_common/pico_double/double_init_rom.c.obj
                0x0000000020002354                sd_table
 COMMON         0x0000000020002454      0x100 CMakeFiles/test_tx.dir/home/amelia/pico/pico-sdk/src/rp2_common/pico_float/float_init_rom.c.obj
                0x0000000020002454                sf_table
 COMMON         0x0000000020002554       0xc0 CMakeFiles/test_tx.dir/home/amelia/pico/pico-sdk/lib/tinyusb/src/device/usbd.c.obj
                0x0000000020002554                _usbd_qdef_buf
 COMMON         0x0000000020002614       0x21 /usr/lib/gcc/arm-none-eabi/9.3.0/../../../../arm-none-eabi/lib/thumb/v6-m/nofp/libc.a(lib_a-lock.o)
                0x0000000020002614                __lock___atexit_recursive_mutex
                0x0000000020002618                __lock___arc4random_mutex
                0x000000002000261c                __lock___env_recursive_mutex
                0x0000000020002620                __lock___sinit_recursive_mutex
                0x0000000020002624                __lock___malloc_recursive_mutex
                0x0000000020002628                __lock___at_quick_exit_mutex
                0x000000002000262c                __lock___dd_hash_mutex
                0x0000000020002630                __lock___tz_mutex
                0x0000000020002634                __lock___sfp_recursive_mutex
 *fill*         0x0000000020002635        0x3 
 COMMON         0x0000000020002638        0x4 /usr/lib/gcc/arm-none-eabi/9.3.0/../../../../arm-none-eabi/lib/thumb/v6-m/nofp/libc.a(lib_a-reent.o)
                0x0000000020002638                errno
                0x000000002000263c                . = ALIGN (0x4)
                0x000000002000263c                __bss_end__ = .

.heap           0x000000002000263c      0x800
                0x000000002000263c                __end__ = .
                0x000000002000263c                end = __end__
 *(.heap*)
 .heap          0x000000002000263c      0x800 CMakeFiles/test_tx.dir/home/amelia/pico/pico-sdk/src/rp2_common/pico_standard_link/crt0.S.obj
                0x0000000020002e3c                __HeapLimit = .

.stack1_dummy   0x0000000020040000        0x0
 *(.stack1*)
