Archive member included to satisfy reference by file (symbol)

/usr/lib/gcc/arm-none-eabi/12.2.1/thumb/v6-m/nofp/libgcc.a(_dvmd_tls.o)
                              CMakeFiles/uart_test.dir/home/amelia/pico/pico-sdk/src/rp2_common/pico_divider/divider.S.obj (__aeabi_idiv0)
/usr/lib/gcc/arm-none-eabi/12.2.1/../../../arm-none-eabi/lib/thumb/v6-m/nofp/libg.a(lib_a-atexit.o)
                              /usr/lib/gcc/arm-none-eabi/12.2.1/../../../arm-none-eabi/lib/thumb/v6-m/nofp/crt0.o (atexit)
/usr/lib/gcc/arm-none-eabi/12.2.1/../../../arm-none-eabi/lib/thumb/v6-m/nofp/libg.a(lib_a-calloc.o)
                              CMakeFiles/uart_test.dir/home/amelia/pico/pico-sdk/src/rp2_common/pico_malloc/pico_malloc.c.obj (calloc)
/usr/lib/gcc/arm-none-eabi/12.2.1/../../../arm-none-eabi/lib/thumb/v6-m/nofp/libg.a(lib_a-callocr.o)
                              /usr/lib/gcc/arm-none-eabi/12.2.1/../../../arm-none-eabi/lib/thumb/v6-m/nofp/libg.a(lib_a-calloc.o) (_calloc_r)
/usr/lib/gcc/arm-none-eabi/12.2.1/../../../arm-none-eabi/lib/thumb/v6-m/nofp/libg.a(lib_a-fini.o)
                              /usr/lib/gcc/arm-none-eabi/12.2.1/../../../arm-none-eabi/lib/thumb/v6-m/nofp/crt0.o (__libc_fini_array)
/usr/lib/gcc/arm-none-eabi/12.2.1/../../../arm-none-eabi/lib/thumb/v6-m/nofp/libg.a(lib_a-impure.o)
                              /usr/lib/gcc/arm-none-eabi/12.2.1/../../../arm-none-eabi/lib/thumb/v6-m/nofp/libg.a(lib_a-calloc.o) (_impure_ptr)
/usr/lib/gcc/arm-none-eabi/12.2.1/../../../arm-none-eabi/lib/thumb/v6-m/nofp/libg.a(lib_a-init.o)
                              /usr/lib/gcc/arm-none-eabi/12.2.1/../../../arm-none-eabi/lib/thumb/v6-m/nofp/crt0.o (__libc_init_array)
/usr/lib/gcc/arm-none-eabi/12.2.1/../../../arm-none-eabi/lib/thumb/v6-m/nofp/libg.a(lib_a-malloc.o)
                              CMakeFiles/uart_test.dir/home/amelia/pico/pico-sdk/src/rp2_common/pico_malloc/pico_malloc.c.obj (malloc)
/usr/lib/gcc/arm-none-eabi/12.2.1/../../../arm-none-eabi/lib/thumb/v6-m/nofp/libg.a(lib_a-mallocr.o)
                              /usr/lib/gcc/arm-none-eabi/12.2.1/../../../arm-none-eabi/lib/thumb/v6-m/nofp/libg.a(lib_a-callocr.o) (_malloc_r)
/usr/lib/gcc/arm-none-eabi/12.2.1/../../../arm-none-eabi/lib/thumb/v6-m/nofp/libg.a(lib_a-mlock.o)
                              /usr/lib/gcc/arm-none-eabi/12.2.1/../../../arm-none-eabi/lib/thumb/v6-m/nofp/libg.a(lib_a-mallocr.o) (__malloc_lock)
/usr/lib/gcc/arm-none-eabi/12.2.1/../../../arm-none-eabi/lib/thumb/v6-m/nofp/libg.a(lib_a-realloc.o)
                              CMakeFiles/uart_test.dir/home/amelia/pico/pico-sdk/src/rp2_common/pico_malloc/pico_malloc.c.obj (realloc)
/usr/lib/gcc/arm-none-eabi/12.2.1/../../../arm-none-eabi/lib/thumb/v6-m/nofp/libg.a(lib_a-reallocr.o)
                              /usr/lib/gcc/arm-none-eabi/12.2.1/../../../arm-none-eabi/lib/thumb/v6-m/nofp/libg.a(lib_a-realloc.o) (_realloc_r)
/usr/lib/gcc/arm-none-eabi/12.2.1/../../../arm-none-eabi/lib/thumb/v6-m/nofp/libg.a(lib_a-sbrkr.o)
                              /usr/lib/gcc/arm-none-eabi/12.2.1/../../../arm-none-eabi/lib/thumb/v6-m/nofp/libg.a(lib_a-mallocr.o) (_sbrk_r)
/usr/lib/gcc/arm-none-eabi/12.2.1/../../../arm-none-eabi/lib/thumb/v6-m/nofp/libg.a(lib_a-strlen-stub.o)
                              CMakeFiles/uart_test.dir/home/amelia/pico/pico-sdk/src/rp2_common/pico_stdio/stdio.c.obj (strlen)
/usr/lib/gcc/arm-none-eabi/12.2.1/../../../arm-none-eabi/lib/thumb/v6-m/nofp/libg.a(lib_a-__atexit.o)
                              /usr/lib/gcc/arm-none-eabi/12.2.1/../../../arm-none-eabi/lib/thumb/v6-m/nofp/libg.a(lib_a-atexit.o) (__register_exitproc)
/usr/lib/gcc/arm-none-eabi/12.2.1/../../../arm-none-eabi/lib/thumb/v6-m/nofp/libg.a(lib_a-freer.o)
                              /usr/lib/gcc/arm-none-eabi/12.2.1/../../../arm-none-eabi/lib/thumb/v6-m/nofp/libg.a(lib_a-malloc.o) (_free_r)
/usr/lib/gcc/arm-none-eabi/12.2.1/../../../arm-none-eabi/lib/thumb/v6-m/nofp/libg.a(lib_a-memmove.o)
                              /usr/lib/gcc/arm-none-eabi/12.2.1/../../../arm-none-eabi/lib/thumb/v6-m/nofp/libg.a(lib_a-reallocr.o) (memmove)
/usr/lib/gcc/arm-none-eabi/12.2.1/../../../arm-none-eabi/lib/thumb/v6-m/nofp/libg.a(lib_a-reent.o)
                              /usr/lib/gcc/arm-none-eabi/12.2.1/../../../arm-none-eabi/lib/thumb/v6-m/nofp/libg.a(lib_a-sbrkr.o) (errno)

Discarded input sections

 .text          0x00000000        0x0 /usr/lib/gcc/arm-none-eabi/12.2.1/thumb/v6-m/nofp/crti.o
 .data          0x00000000        0x0 /usr/lib/gcc/arm-none-eabi/12.2.1/thumb/v6-m/nofp/crti.o
 .bss           0x00000000        0x0 /usr/lib/gcc/arm-none-eabi/12.2.1/thumb/v6-m/nofp/crti.o
 .data          0x00000000        0x4 /usr/lib/gcc/arm-none-eabi/12.2.1/thumb/v6-m/nofp/crtbegin.o
 .rodata        0x00000000       0x24 /usr/lib/gcc/arm-none-eabi/12.2.1/thumb/v6-m/nofp/crtbegin.o
 .fini_array    0x00000000        0x4 /usr/lib/gcc/arm-none-eabi/12.2.1/thumb/v6-m/nofp/crtbegin.o
[...]
Memory Configuration

Name             Origin             Length             Attributes
FLASH            0x10000000         0x00200000         xr
RAM              0x20000000         0x00040000         xrw
SCRATCH_X        0x20040000         0x00001000         xrw
SCRATCH_Y        0x20041000         0x00001000         xrw
*default*        0x00000000         0xffffffff

Linker script and memory map

LOAD /usr/lib/gcc/arm-none-eabi/12.2.1/thumb/v6-m/nofp/crti.o
LOAD /usr/lib/gcc/arm-none-eabi/12.2.1/thumb/v6-m/nofp/crtbegin.o
LOAD /usr/lib/gcc/arm-none-eabi/12.2.1/../../../arm-none-eabi/lib/thumb/v6-m/nofp/crt0.o

.flash_begin    0x10000000        0x0
                0x10000000                        __flash_binary_start = .

.boot2          0x10000000      0x100
                0x10000000                        __boot2_start__ = .
 *(.boot2)
 .boot2         0x10000000      0x100 /tmp/ccTD6Bvh.o
                0x10000100                        __boot2_end__ = .
                0x00000001                        ASSERT (((__boot2_end__ - __boot2_start__) == 0x100), ERROR: Pico second stage bootloader must be 256 bytes in size)

.text           0x10000100     0x66f8
                0x10000100                        __logical_binary_start = .
 *(.vectors)
 .vectors       0x10000100       0xd4 CMakeFiles/uart_test.dir/home/amelia/pico/pico-sdk/src/rp2_common/pico_standard_link/crt0.S.obj
                0x10000100                __vectors
                0x10000100                __VECTOR_TABLE
                0x100001c0                isr_invalid
                0x100001c0                __default_isrs_start
                0x100001c2                isr_nmi
                0x100001c4                isr_hardfault
                0x100001c6                isr_svcall
                0x100001c8                isr_pendsv
                0x100001ca                isr_systick
                0x100001cc                isr_irq30
                0x100001cc                __unhandled_user_irq
                0x100001cc                isr_irq13
                0x100001cc                isr_irq27
                0x100001cc                isr_irq31
                0x100001cc                isr_irq5
                0x100001cc                isr_irq11
                0x100001cc                isr_irq23
                0x100001cc                isr_irq18
                0x100001cc                isr_irq28
                0x100001cc                isr_irq19
                0x100001cc                isr_irq0
                0x100001cc                isr_irq6
                0x100001cc                isr_irq22
                0x100001cc                isr_irq17
                0x100001cc                isr_irq14
                0x100001cc                isr_irq2
                0x100001cc                isr_irq10
                0x100001cc                isr_irq8
                0x100001cc                isr_irq24
                0x100001cc                isr_irq1
                0x100001cc                isr_irq7
                0x100001cc                isr_irq21
                0x100001cc                isr_irq20
                0x100001cc                isr_irq15
                0x100001cc                isr_irq25
                0x100001cc                isr_irq4
                0x100001cc                isr_irq16
                0x100001cc                isr_irq29
                0x100001cc                isr_irq26
                0x100001cc                __default_isrs_end
                0x100001cc                isr_irq3
                0x100001cc                isr_irq12
                0x100001cc                isr_irq9
                0x100001d2                unhandled_user_irq_num_in_r0
 *(.binary_info_header)
 .binary_info_header
                0x100001d4       0x14 CMakeFiles/uart_test.dir/home/amelia/pico/pico-sdk/src/rp2_common/pico_standard_link/crt0.S.obj
                0x100001e8                        __binary_info_header_end = .
 *(.reset)
 .reset         0x100001e8       0xa0 CMakeFiles/uart_test.dir/home/amelia/pico/pico-sdk/src/rp2_common/pico_standard_link/crt0.S.obj
                0x100001e8                _entry_point
 .reset         0x10000288       0x30 CMakeFiles/uart_test.dir/home/amelia/pico/pico-sdk/src/rp2_common/pico_standard_link/binary_info.c.obj
 *(.init)
 .init          0x100002b8        0x4 /usr/lib/gcc/arm-none-eabi/12.2.1/thumb/v6-m/nofp/crti.o
                0x100002b8                _init
 *(EXCLUDE_FILE(*libm.a: *libc.a:*lib_a-mem*.o *libgcc.a:) .text*)
 .text          0x100002bc       0x98 /usr/lib/gcc/arm-none-eabi/12.2.1/thumb/v6-m/nofp/crtbegin.o
 .text.uart_getc
                0x10000354       0x24 CMakeFiles/uart_test.dir/uart_test.c.obj
 .text.main     0x10000378       0x78 CMakeFiles/uart_test.dir/uart_test.c.obj
                0x10000378                main
 .text.gpio_set_function
                0x100003f0       0x30 CMakeFiles/uart_test.dir/home/amelia/pico/pico-sdk/src/rp2_common/hardware_gpio/gpio.c.obj
                0x100003f0                gpio_set_function
 .text.running_on_fpga
                0x10000420       0x14 CMakeFiles/uart_test.dir/home/amelia/pico/pico-sdk/src/rp2_common/pico_platform/platform.c.obj
                0x10000420                running_on_fpga
 .text.hw_claim_lock
                0x10000434       0x18 CMakeFiles/uart_test.dir/home/amelia/pico/pico-sdk/src/rp2_common/hardware_claim/claim.c.obj
                0x10000434                hw_claim_lock
 .text.hw_claim_unlock
                0x1000044c       0x14 CMakeFiles/uart_test.dir/home/amelia/pico/pico-sdk/src/rp2_common/hardware_claim/claim.c.obj
                0x1000044c                hw_claim_unlock
 .text.hw_claim_or_assert
                0x10000460       0x32 CMakeFiles/uart_test.dir/home/amelia/pico/pico-sdk/src/rp2_common/hardware_claim/claim.c.obj
                0x10000460                hw_claim_or_assert
 .text.hw_claim_unused_from_range
                0x10000492       0x50 CMakeFiles/uart_test.dir/home/amelia/pico/pico-sdk/src/rp2_common/hardware_claim/claim.c.obj
                0x10000492                hw_claim_unused_from_range
 *fill*         0x100004e2        0x2 
 .text.spin_locks_reset
                0x100004e4       0x20 CMakeFiles/uart_test.dir/home/amelia/pico/pico-sdk/src/rp2_common/hardware_sync/sync.c.obj
                0x100004e4                spin_locks_reset
 .text.next_striped_spin_lock_num
                0x10000504       0x1c CMakeFiles/uart_test.dir/home/amelia/pico/pico-sdk/src/rp2_common/hardware_sync/sync.c.obj
                0x10000504                next_striped_spin_lock_num
 .text.spin_lock_claim_unused
                0x10000520       0x24 CMakeFiles/uart_test.dir/home/amelia/pico/pico-sdk/src/rp2_common/hardware_sync/sync.c.obj
                0x10000520                spin_lock_claim_unused
 .text.set_raw_irq_handler_and_unlock
                0x10000544       0x28 CMakeFiles/uart_test.dir/home/amelia/pico/pico-sdk/src/rp2_common/hardware_irq/irq.c.obj
 .text.resolve_branch
                0x1000056c       0x30 CMakeFiles/uart_test.dir/home/amelia/pico/pico-sdk/src/rp2_common/hardware_irq/irq.c.obj
 .text.make_branch
                0x1000059c       0x48 CMakeFiles/uart_test.dir/home/amelia/pico/pico-sdk/src/rp2_common/hardware_irq/irq.c.obj
 .text.insert_branch_and_link
                0x100005e4       0x40 CMakeFiles/uart_test.dir/home/amelia/pico/pico-sdk/src/rp2_common/hardware_irq/irq.c.obj
 .text.irq_is_enabled
                0x10000624       0x18 CMakeFiles/uart_test.dir/home/amelia/pico/pico-sdk/src/rp2_common/hardware_irq/irq.c.obj
                0x10000624                irq_is_enabled
 .text.irq_set_mask_enabled
                0x1000063c       0x20 CMakeFiles/uart_test.dir/home/amelia/pico/pico-sdk/src/rp2_common/hardware_irq/irq.c.obj
                0x1000063c                irq_set_mask_enabled
 .text.irq_set_enabled
                0x1000065c        0xe CMakeFiles/uart_test.dir/home/amelia/pico/pico-sdk/src/rp2_common/hardware_irq/irq.c.obj
                0x1000065c                irq_set_enabled
 *fill*         0x1000066a        0x2 
 .text.irq_set_pending
                0x1000066c       0x10 CMakeFiles/uart_test.dir/home/amelia/pico/pico-sdk/src/rp2_common/hardware_irq/irq.c.obj
                0x1000066c                irq_set_pending
 .text.irq_get_vtable_handler
                0x1000067c       0x10 CMakeFiles/uart_test.dir/home/amelia/pico/pico-sdk/src/rp2_common/hardware_irq/irq.c.obj
                0x1000067c                irq_get_vtable_handler
 .text.irq_has_shared_handler
                0x1000068c       0x24 CMakeFiles/uart_test.dir/home/amelia/pico/pico-sdk/src/rp2_common/hardware_irq/irq.c.obj
                0x1000068c                irq_has_shared_handler
 .text.irq_set_exclusive_handler
                0x100006b0       0x54 CMakeFiles/uart_test.dir/home/amelia/pico/pico-sdk/src/rp2_common/hardware_irq/irq.c.obj
                0x100006b0                irq_set_exclusive_handler
 .text.irq_add_shared_handler
                0x10000704      0x210 CMakeFiles/uart_test.dir/home/amelia/pico/pico-sdk/src/rp2_common/hardware_irq/irq.c.obj
                0x10000704                irq_add_shared_handler
 .text.irq_remove_handler
                0x10000914      0x188 CMakeFiles/uart_test.dir/home/amelia/pico/pico-sdk/src/rp2_common/hardware_irq/irq.c.obj
                0x10000914                irq_remove_handler
 .text.irq_add_tail_to_free_list
                0x10000a9c       0xf0 CMakeFiles/uart_test.dir/home/amelia/pico/pico-sdk/src/rp2_common/hardware_irq/irq.c.obj
                0x10000a9c                irq_add_tail_to_free_list
 .text.irq_init_priorities
                0x10000b8c       0x1c CMakeFiles/uart_test.dir/home/amelia/pico/pico-sdk/src/rp2_common/hardware_irq/irq.c.obj
                0x10000b8c                irq_init_priorities
 .text.user_irq_claim_unused
                0x10000ba8       0x2c CMakeFiles/uart_test.dir/home/amelia/pico/pico-sdk/src/rp2_common/hardware_irq/irq.c.obj
                0x10000ba8                user_irq_claim_unused
 .text.lock_init
                0x10000bd4       0x10 CMakeFiles/uart_test.dir/home/amelia/pico/pico-sdk/src/common/pico_sync/lock_core.c.obj
                0x10000bd4                lock_init
 .text.update_us_since_boot
                0x10000be4       0x24 CMakeFiles/uart_test.dir/home/amelia/pico/pico-sdk/src/common/pico_sync/mutex.c.obj
 .text.delayed_by_ms
                0x10000c08       0x44 CMakeFiles/uart_test.dir/home/amelia/pico/pico-sdk/src/common/pico_sync/mutex.c.obj
 .text.get_absolute_time
                0x10000c4c       0x22 CMakeFiles/uart_test.dir/home/amelia/pico/pico-sdk/src/common/pico_sync/mutex.c.obj
 .text.make_timeout_time_ms
                0x10000c6e       0x20 CMakeFiles/uart_test.dir/home/amelia/pico/pico-sdk/src/common/pico_sync/mutex.c.obj
 .text.mutex_init
                0x10000c8e       0x1a CMakeFiles/uart_test.dir/home/amelia/pico/pico-sdk/src/common/pico_sync/mutex.c.obj
                0x10000c8e                mutex_init
 .text.recursive_mutex_init
                0x10000ca8       0x1e CMakeFiles/uart_test.dir/home/amelia/pico/pico-sdk/src/common/pico_sync/mutex.c.obj
                0x10000ca8                recursive_mutex_init
 *fill*         0x10000cc6        0x2 
 .text.critical_section_init_with_lock_num
                0x10000cc8       0x14 CMakeFiles/uart_test.dir/home/amelia/pico/pico-sdk/src/common/pico_sync/critical_section.c.obj
                0x10000cc8                critical_section_init_with_lock_num
 .text.critical_section_init
                0x10000cdc       0x14 CMakeFiles/uart_test.dir/home/amelia/pico/pico-sdk/src/common/pico_sync/critical_section.c.obj
                0x10000cdc                critical_section_init
 .text.time_reached
                0x10000cf0       0x28 CMakeFiles/uart_test.dir/home/amelia/pico/pico-sdk/src/common/pico_time/time.c.obj
 .text.get_entry
                0x10000d18       0x38 CMakeFiles/uart_test.dir/home/amelia/pico/pico-sdk/src/common/pico_time/time.c.obj
 .text.timer_pool_entry_comparator
                0x10000d50       0x2e CMakeFiles/uart_test.dir/home/amelia/pico/pico-sdk/src/common/pico_time/time.c.obj
                0x10000d50                timer_pool_entry_comparator
 *fill*         0x10000d7e        0x2 
 .text.update_us_since_boot
                0x10000d80       0x24 CMakeFiles/uart_test.dir/home/amelia/pico/pico-sdk/src/common/pico_time/time.c.obj
 .text.delayed_by_us
                0x10000da4       0x34 CMakeFiles/uart_test.dir/home/amelia/pico/pico-sdk/src/common/pico_time/time.c.obj
 .text.ph_get_node
                0x10000dd8       0x30 CMakeFiles/uart_test.dir/home/amelia/pico/pico-sdk/src/common/pico_time/time.c.obj
 .text.ph_contains_node
                0x10000e08       0x1e CMakeFiles/uart_test.dir/home/amelia/pico/pico-sdk/src/common/pico_time/time.c.obj
 .text.ph_new_node
                0x10000e26       0x28 CMakeFiles/uart_test.dir/home/amelia/pico/pico-sdk/src/common/pico_time/time.c.obj
 *fill*         0x10000e4e        0x2 
 .text.ph_add_child_node
                0x10000e50       0x6c CMakeFiles/uart_test.dir/home/amelia/pico/pico-sdk/src/common/pico_time/time.c.obj
 .text.ph_merge_nodes
                0x10000ebc       0x3e CMakeFiles/uart_test.dir/home/amelia/pico/pico-sdk/src/common/pico_time/time.c.obj
 *fill*         0x10000efa        0x2 
 .text.ph_insert_node
                0x10000efc       0x3c CMakeFiles/uart_test.dir/home/amelia/pico/pico-sdk/src/common/pico_time/time.c.obj
 .text.ph_free_node
                0x10000f38       0x5c CMakeFiles/uart_test.dir/home/amelia/pico/pico-sdk/src/common/pico_time/time.c.obj
 .text.get_entry_id_high
                0x10000f94       0x30 CMakeFiles/uart_test.dir/home/amelia/pico/pico-sdk/src/common/pico_time/time.c.obj
 .text.alarm_pool_post_alloc_init
                0x10000fc4       0x40 CMakeFiles/uart_test.dir/home/amelia/pico/pico-sdk/src/common/pico_time/time.c.obj
 .text.sleep_until_callback
                0x10001004       0x30 CMakeFiles/uart_test.dir/home/amelia/pico/pico-sdk/src/common/pico_time/time.c.obj
 .text.get_absolute_time
                0x10001034       0x22 CMakeFiles/uart_test.dir/home/amelia/pico/pico-sdk/src/common/pico_time/time.c.obj
 .text.make_timeout_time_us
                0x10001056       0x24 CMakeFiles/uart_test.dir/home/amelia/pico/pico-sdk/src/common/pico_time/time.c.obj
 *fill*         0x1000107a        0x2 
 .text.add_alarm_under_lock
                0x1000107c       0x94 CMakeFiles/uart_test.dir/home/amelia/pico/pico-sdk/src/common/pico_time/time.c.obj
 .text.alarm_pool_alarm_callback
                0x10001110      0x20c CMakeFiles/uart_test.dir/home/amelia/pico/pico-sdk/src/common/pico_time/time.c.obj
 .text.alarm_pool_init_default
                0x1000131c       0x40 CMakeFiles/uart_test.dir/home/amelia/pico/pico-sdk/src/common/pico_time/time.c.obj
                0x1000131c                alarm_pool_init_default
 .text.alarm_pool_get_default
                0x1000135c       0x2c CMakeFiles/uart_test.dir/home/amelia/pico/pico-sdk/src/common/pico_time/time.c.obj
                0x1000135c                alarm_pool_get_default
 .text.alarm_pool_add_alarm_at
                0x10001388      0x10e CMakeFiles/uart_test.dir/home/amelia/pico/pico-sdk/src/common/pico_time/time.c.obj
                0x10001388                alarm_pool_add_alarm_at
 .text.add_alarm_at
                0x10001496       0x2e CMakeFiles/uart_test.dir/home/amelia/pico/pico-sdk/src/common/pico_time/time.c.obj
 .text.alarm_pool_cancel_alarm
                0x100014c4       0xa0 CMakeFiles/uart_test.dir/home/amelia/pico/pico-sdk/src/common/pico_time/time.c.obj
                0x100014c4                alarm_pool_cancel_alarm
 .text.cancel_alarm
                0x10001564       0x10 CMakeFiles/uart_test.dir/home/amelia/pico/pico-sdk/src/common/pico_time/time.c.obj
 .text.alarm_pool_core_num
                0x10001574        0x4 CMakeFiles/uart_test.dir/home/amelia/pico/pico-sdk/src/common/pico_time/time.c.obj
                0x10001574                alarm_pool_core_num
 .text.sleep_until
                0x10001578       0xb0 CMakeFiles/uart_test.dir/home/amelia/pico/pico-sdk/src/common/pico_time/time.c.obj
                0x10001578                sleep_until
 .text.sleep_us
                0x10001628       0x1a CMakeFiles/uart_test.dir/home/amelia/pico/pico-sdk/src/common/pico_time/time.c.obj
                0x10001628                sleep_us
 .text.sleep_ms
                0x10001642       0x14 CMakeFiles/uart_test.dir/home/amelia/pico/pico-sdk/src/common/pico_time/time.c.obj
                0x10001642                sleep_ms
 *fill*         0x10001656        0x2 
 .text.best_effort_wfe_or_timeout
                0x10001658       0x44 CMakeFiles/uart_test.dir/home/amelia/pico/pico-sdk/src/common/pico_time/time.c.obj
                0x10001658                best_effort_wfe_or_timeout
 .text.hardware_alarm_irq_handler
                0x1000169c       0x8c CMakeFiles/uart_test.dir/home/amelia/pico/pico-sdk/src/rp2_common/hardware_timer/timer.c.obj
 .text.hardware_alarm_claim
                0x10001728       0x18 CMakeFiles/uart_test.dir/home/amelia/pico/pico-sdk/src/rp2_common/hardware_timer/timer.c.obj
                0x10001728                hardware_alarm_claim
 .text.time_us_64
                0x10001740       0x18 CMakeFiles/uart_test.dir/home/amelia/pico/pico-sdk/src/rp2_common/hardware_timer/timer.c.obj
                0x10001740                time_us_64
 .text.busy_wait_until
                0x10001758       0x28 CMakeFiles/uart_test.dir/home/amelia/pico/pico-sdk/src/rp2_common/hardware_timer/timer.c.obj
                0x10001758                busy_wait_until
 .text.hardware_alarm_set_callback
                0x10001780       0x90 CMakeFiles/uart_test.dir/home/amelia/pico/pico-sdk/src/rp2_common/hardware_timer/timer.c.obj
                0x10001780                hardware_alarm_set_callback
 .text.hardware_alarm_set_target
                0x10001810       0xe8 CMakeFiles/uart_test.dir/home/amelia/pico/pico-sdk/src/rp2_common/hardware_timer/timer.c.obj
                0x10001810                hardware_alarm_set_target
 .text.hardware_alarm_cancel
                0x100018f8       0x40 CMakeFiles/uart_test.dir/home/amelia/pico/pico-sdk/src/rp2_common/hardware_timer/timer.c.obj
                0x100018f8                hardware_alarm_cancel
 .text.ph_get_node
                0x10001938       0x30 CMakeFiles/uart_test.dir/home/amelia/pico/pico-sdk/src/common/pico_util/pheap.c.obj
 .text.ph_add_child_node
                0x10001968       0x6c CMakeFiles/uart_test.dir/home/amelia/pico/pico-sdk/src/common/pico_util/pheap.c.obj
 .text.ph_merge_nodes
                0x100019d4       0x3e CMakeFiles/uart_test.dir/home/amelia/pico/pico-sdk/src/common/pico_util/pheap.c.obj
 .text.ph_clear
                0x10001a12       0x34 CMakeFiles/uart_test.dir/home/amelia/pico/pico-sdk/src/common/pico_util/pheap.c.obj
                0x10001a12                ph_clear
 .text.ph_post_alloc_init
                0x10001a46        0xe CMakeFiles/uart_test.dir/home/amelia/pico/pico-sdk/src/common/pico_util/pheap.c.obj
                0x10001a46                ph_post_alloc_init
 .text.ph_merge_two_pass
                0x10001a54       0x5c CMakeFiles/uart_test.dir/home/amelia/pico/pico-sdk/src/common/pico_util/pheap.c.obj
                0x10001a54                ph_merge_two_pass
 .text.ph_remove_any_head
                0x10001ab0       0xc0 CMakeFiles/uart_test.dir/home/amelia/pico/pico-sdk/src/common/pico_util/pheap.c.obj
 .text.ph_remove_head
                0x10001b70       0x14 CMakeFiles/uart_test.dir/home/amelia/pico/pico-sdk/src/common/pico_util/pheap.c.obj
                0x10001b70                ph_remove_head
 .text.ph_remove_and_free_node
                0x10001b84       0xa0 CMakeFiles/uart_test.dir/home/amelia/pico/pico-sdk/src/common/pico_util/pheap.c.obj
                0x10001b84                ph_remove_and_free_node
 .text.uart_set_baudrate
                0x10001c24       0x5c CMakeFiles/uart_test.dir/home/amelia/pico/pico-sdk/src/rp2_common/hardware_uart/uart.c.obj
                0x10001c24                uart_set_baudrate
 .text.uart_set_translate_crlf
                0x10001c80       0x28 CMakeFiles/uart_test.dir/home/amelia/pico/pico-sdk/src/rp2_common/hardware_uart/uart.c.obj
                0x10001c80                uart_set_translate_crlf
 .text.uart_init
                0x10001ca8       0x80 CMakeFiles/uart_test.dir/home/amelia/pico/pico-sdk/src/rp2_common/hardware_uart/uart.c.obj
                0x10001ca8                uart_init
 .text.clock_configure
                0x10001d28      0x104 CMakeFiles/uart_test.dir/home/amelia/pico/pico-sdk/src/rp2_common/hardware_clocks/clocks.c.obj
                0x10001d28                clock_configure
 .text.clocks_init
                0x10001e2c      0x100 CMakeFiles/uart_test.dir/home/amelia/pico/pico-sdk/src/rp2_common/hardware_clocks/clocks.c.obj
                0x10001e2c                clocks_init
 .text.clock_get_hz
                0x10001f2c        0xc CMakeFiles/uart_test.dir/home/amelia/pico/pico-sdk/src/rp2_common/hardware_clocks/clocks.c.obj
                0x10001f2c                clock_get_hz
 .text.pll_init
                0x10001f38      0x12c CMakeFiles/uart_test.dir/home/amelia/pico/pico-sdk/src/rp2_common/hardware_pll/pll.c.obj
                0x10001f38                pll_init
 .text.watchdog_start_tick
                0x10002064       0x10 CMakeFiles/uart_test.dir/home/amelia/pico/pico-sdk/src/rp2_common/hardware_watchdog/watchdog.c.obj
                0x10002064                watchdog_start_tick
 .text.watchdog_update
                0x10002074       0x14 CMakeFiles/uart_test.dir/home/amelia/pico/pico-sdk/src/rp2_common/hardware_watchdog/watchdog.c.obj
                0x10002074                watchdog_update
 .text._watchdog_enable
                0x10002088       0x78 CMakeFiles/uart_test.dir/home/amelia/pico/pico-sdk/src/rp2_common/hardware_watchdog/watchdog.c.obj
                0x10002088                _watchdog_enable
 .text.watchdog_reboot
                0x10002100       0x48 CMakeFiles/uart_test.dir/home/amelia/pico/pico-sdk/src/rp2_common/hardware_watchdog/watchdog.c.obj
                0x10002100                watchdog_reboot
 .text.xosc_init
                0x10002148       0x2c CMakeFiles/uart_test.dir/home/amelia/pico/pico-sdk/src/rp2_common/hardware_xosc/xosc.c.obj
                0x10002148                xosc_init
 .text._exit    0x10002174        0x4 CMakeFiles/uart_test.dir/home/amelia/pico/pico-sdk/src/rp2_common/pico_runtime/runtime.c.obj
                0x10002174                _exit
 .text.exit     0x10002178        0x6 CMakeFiles/uart_test.dir/home/amelia/pico/pico-sdk/src/rp2_common/pico_runtime/runtime.c.obj
                0x10002178                exit
 *fill*         0x1000217e        0x2 
 .text.__assert_func
                0x10002180       0x38 CMakeFiles/uart_test.dir/home/amelia/pico/pico-sdk/src/rp2_common/pico_runtime/runtime.c.obj
                0x10002180                __assert_func
 .text.runtime_init
                0x100021b8       0xf8 CMakeFiles/uart_test.dir/home/amelia/pico/pico-sdk/src/rp2_common/pico_runtime/runtime.c.obj
                0x100021b8                runtime_init
 .text.panic    0x100022b0       0x30 CMakeFiles/uart_test.dir/home/amelia/pico/pico-sdk/src/rp2_common/pico_runtime/runtime.c.obj
                0x100022b0                panic
 .text._out_null
                0x100022e0        0x2 CMakeFiles/uart_test.dir/home/amelia/pico/pico-sdk/src/rp2_common/pico_printf/printf.c.obj
 .text._out_fct
                0x100022e2        0xe CMakeFiles/uart_test.dir/home/amelia/pico/pico-sdk/src/rp2_common/pico_printf/printf.c.obj
 .text._atoi    0x100022f0       0x24 CMakeFiles/uart_test.dir/home/amelia/pico/pico-sdk/src/rp2_common/pico_printf/printf.c.obj
 .text._out_rev
                0x10002314       0xae CMakeFiles/uart_test.dir/home/amelia/pico/pico-sdk/src/rp2_common/pico_printf/printf.c.obj
 .text._ntoa_format
                0x100023c2      0x110 CMakeFiles/uart_test.dir/home/amelia/pico/pico-sdk/src/rp2_common/pico_printf/printf.c.obj
 .text._ntoa_long
                0x100024d2       0xbc CMakeFiles/uart_test.dir/home/amelia/pico/pico-sdk/src/rp2_common/pico_printf/printf.c.obj
 .text._ntoa_long_long
                0x1000258e      0x10e CMakeFiles/uart_test.dir/home/amelia/pico/pico-sdk/src/rp2_common/pico_printf/printf.c.obj
 .text._etoa    0x1000269c      0x420 CMakeFiles/uart_test.dir/home/amelia/pico/pico-sdk/src/rp2_common/pico_printf/printf.c.obj
 .text._ftoa    0x10002abc      0x354 CMakeFiles/uart_test.dir/home/amelia/pico/pico-sdk/src/rp2_common/pico_printf/printf.c.obj
 .text._vsnprintf
                0x10002e10      0x65c CMakeFiles/uart_test.dir/home/amelia/pico/pico-sdk/src/rp2_common/pico_printf/printf.c.obj
 .text.vfctprintf
                0x1000346c       0x20 CMakeFiles/uart_test.dir/home/amelia/pico/pico-sdk/src/rp2_common/pico_printf/printf.c.obj
                0x1000346c                vfctprintf
 .text          0x1000348c       0x10 CMakeFiles/uart_test.dir/home/amelia/pico/pico-sdk/src/rp2_common/pico_bit_ops/bit_ops_aeabi.S.obj
 .text.rom_func_lookup
                0x1000349c       0x10 CMakeFiles/uart_test.dir/home/amelia/pico/pico-sdk/src/rp2_common/pico_bootrom/bootrom.c.obj
                0x1000349c                rom_func_lookup
 .text.rom_data_lookup
                0x100034ac       0x10 CMakeFiles/uart_test.dir/home/amelia/pico/pico-sdk/src/rp2_common/pico_bootrom/bootrom.c.obj
                0x100034ac                rom_data_lookup
 .text.rom_funcs_lookup
                0x100034bc       0x36 CMakeFiles/uart_test.dir/home/amelia/pico/pico-sdk/src/rp2_common/pico_bootrom/bootrom.c.obj
                0x100034bc                rom_funcs_lookup
 *fill*         0x100034f2        0x2 
 .text.__wrap___aeabi_idiv
                0x100034f4       0x50 CMakeFiles/uart_test.dir/home/amelia/pico/pico-sdk/src/rp2_common/pico_divider/divider.S.obj
                0x100034f4                __wrap___aeabi_idivmod
                0x100034f4                divmod_s32s32
                0x100034f4                div_s32s32
                0x100034f4                __wrap___aeabi_idiv
                0x100034fc                divmod_s32s32_unsafe
                0x10003528                divmod_s32s32_savestate
 .text.__wrap___aeabi_uidiv
                0x10003544       0x4c CMakeFiles/uart_test.dir/home/amelia/pico/pico-sdk/src/rp2_common/pico_divider/divider.S.obj
                0x10003544                __wrap___aeabi_uidiv
                0x10003544                __wrap___aeabi_uidivmod
                0x10003544                div_u32u32
                0x10003544                divmod_u32u32
                0x1000354c                divmod_u32u32_unsafe
                0x10003574                divmod_u32u32_savestate
 .text.__wrap___aeabi_ldiv
                0x10003590      0x424 CMakeFiles/uart_test.dir/home/amelia/pico/pico-sdk/src/rp2_common/pico_divider/divider.S.obj
                0x10003590                div_s64s64
                0x10003590                divmod_s64s64
                0x10003590                __wrap___aeabi_ldivmod
                0x100035c0                div_u64u64
                0x100035c0                divmod_u64u64
                0x100035c0                __wrap___aeabi_uldivmod
                0x100035d0                divmod_u64u64_savestate
                0x100035f0                divmod_s64s64_unsafe
                0x10003678                divmod_u64u64_unsafe
 .text.__wrap___aeabi_darithmetic
                0x100039b4       0x60 CMakeFiles/uart_test.dir/home/amelia/pico/pico-sdk/src/rp2_common/pico_double/double_aeabi.S.obj
                0x100039b4                __wrap___aeabi_drsub
                0x100039ba                __wrap___aeabi_dsub
                0x100039c4                __wrap___aeabi_dadd
                0x100039ce                __wrap___aeabi_ddiv
                0x10003a02                __wrap___aeabi_dmul
 .text.__wrap___aeabi_cdcmple
                0x10003a14       0x6c CMakeFiles/uart_test.dir/home/amelia/pico/pico-sdk/src/rp2_common/pico_double/double_aeabi.S.obj
                0x10003a14                __wrap___aeabi_cdrcmple
                0x10003a24                __wrap___aeabi_cdcmple
                0x10003a24                __wrap___aeabi_cdcmpeq
 .text.__wrap___aeabi_dcmplt
                0x10003a80        0xc CMakeFiles/uart_test.dir/home/amelia/pico/pico-sdk/src/rp2_common/pico_double/double_aeabi.S.obj
                0x10003a80                __wrap___aeabi_dcmplt
 .text.__wrap___aeabi_dcmple
                0x10003a8c       0x10 CMakeFiles/uart_test.dir/home/amelia/pico/pico-sdk/src/rp2_common/pico_double/double_aeabi.S.obj
                0x10003a8c                __wrap___aeabi_dcmple
 .text.__wrap___aeabi_dcmpge
                0x10003a9c       0x10 CMakeFiles/uart_test.dir/home/amelia/pico/pico-sdk/src/rp2_common/pico_double/double_aeabi.S.obj
                0x10003a9c                __wrap___aeabi_dcmpge
 .text.__wrap___aeabi_dcmpgt
                0x10003aac        0xa CMakeFiles/uart_test.dir/home/amelia/pico/pico-sdk/src/rp2_common/pico_double/double_aeabi.S.obj
                0x10003aac                __wrap___aeabi_dcmpgt
 .text.__wrap___aeabi_dcmpun
                0x10003ab6       0x1c CMakeFiles/uart_test.dir/home/amelia/pico/pico-sdk/src/rp2_common/pico_double/double_aeabi.S.obj
                0x10003ab6                __wrap___aeabi_dcmpun
 *fill*         0x10003ad2        0x2 
 .text.__wrap___aeabi_i2d
                0x10003ad4       0x38 CMakeFiles/uart_test.dir/home/amelia/pico/pico-sdk/src/rp2_common/pico_double/double_aeabi.S.obj
                0x10003ad4                __wrap___aeabi_ui2d
                0x10003adc                __wrap___aeabi_i2d
 .text.__wrap___aeabi_d2iz
                0x10003b0c       0x48 CMakeFiles/uart_test.dir/home/amelia/pico/pico-sdk/src/rp2_common/pico_double/double_aeabi.S.obj
                0x10003b0c                __wrap___aeabi_d2iz
                0x10003b0c                double2int_z
 .text.__wrap___aeabi_d2uiz
                0x10003b54       0x10 CMakeFiles/uart_test.dir/home/amelia/pico/pico-sdk/src/rp2_common/pico_double/double_aeabi.S.obj
                0x10003b54                double2uint
                0x10003b54                __wrap___aeabi_d2uiz
 .text.missing_double_func_shim
                0x10003b64        0xc CMakeFiles/uart_test.dir/home/amelia/pico/pico-sdk/src/rp2_common/pico_double/double_init_rom.c.obj
 .text.__aeabi_double_init
                0x10003b70       0xd0 CMakeFiles/uart_test.dir/home/amelia/pico/pico-sdk/src/rp2_common/pico_double/double_init_rom.c.obj
                0x10003b70                __aeabi_double_init
 .text.double_table_shim_on_use_helper
                0x10003c40       0x34 CMakeFiles/uart_test.dir/home/amelia/pico/pico-sdk/src/rp2_common/pico_double/double_v1_rom_shim.S.obj
                0x10003c40                double_table_shim_on_use_helper
 .text.__aeabi_lmul
                0x10003c74       0x32 CMakeFiles/uart_test.dir/home/amelia/pico/pico-sdk/src/rp2_common/pico_int64_ops/pico_int64_ops_aeabi.S.obj
                0x10003c74                __wrap___aeabi_lmul
 *fill*         0x10003ca6        0x2 
 .text.missing_float_func_shim
                0x10003ca8        0xc CMakeFiles/uart_test.dir/home/amelia/pico/pico-sdk/src/rp2_common/pico_float/float_init_rom.c.obj
 .text.__aeabi_float_init
                0x10003cb4       0x88 CMakeFiles/uart_test.dir/home/amelia/pico/pico-sdk/src/rp2_common/pico_float/float_init_rom.c.obj
                0x10003cb4                __aeabi_float_init
 .text          0x10003d3c       0x10 CMakeFiles/uart_test.dir/home/amelia/pico/pico-sdk/src/rp2_common/pico_mem_ops/mem_ops_aeabi.S.obj
                0x10003d3c                __aeabi_mem_init
 .text.memset   0x10003d4c        0xc CMakeFiles/uart_test.dir/home/amelia/pico/pico-sdk/src/rp2_common/pico_mem_ops/mem_ops_aeabi.S.obj
                0x10003d4c                __wrap_memset
 .text.memcpy   0x10003d58        0xc CMakeFiles/uart_test.dir/home/amelia/pico/pico-sdk/src/rp2_common/pico_mem_ops/mem_ops_aeabi.S.obj
                0x10003d58                __wrap___aeabi_memcpy
                0x10003d58                __wrap_memcpy
 .text.stdio_out_chars_no_crlf
                0x10003d64        0xe CMakeFiles/uart_test.dir/home/amelia/pico/pico-sdk/src/rp2_common/pico_stdio/stdio.c.obj
 *fill*         0x10003d72        0x2 
 .text.stdio_out_chars_crlf
                0x10003d74       0x80 CMakeFiles/uart_test.dir/home/amelia/pico/pico-sdk/src/rp2_common/pico_stdio/stdio.c.obj
 .text.stdio_stack_buffer_flush
                0x10003df4       0x44 CMakeFiles/uart_test.dir/home/amelia/pico/pico-sdk/src/rp2_common/pico_stdio/stdio.c.obj
 .text.stdio_buffered_printer
                0x10003e38       0x20 CMakeFiles/uart_test.dir/home/amelia/pico/pico-sdk/src/rp2_common/pico_stdio/stdio.c.obj
 .text.update_us_since_boot
                0x10003e58       0x24 CMakeFiles/uart_test.dir/home/amelia/pico/pico-sdk/src/rp2_common/pico_stdio/stdio.c.obj
 .text.get_absolute_time
                0x10003e7c       0x22 CMakeFiles/uart_test.dir/home/amelia/pico/pico-sdk/src/rp2_common/pico_stdio/stdio.c.obj
 *fill*         0x10003e9e        0x2 
 .text.delayed_by_ms
                0x10003ea0       0x44 CMakeFiles/uart_test.dir/home/amelia/pico/pico-sdk/src/rp2_common/pico_stdio/stdio.c.obj
 .text.make_timeout_time_ms
                0x10003ee4       0x20 CMakeFiles/uart_test.dir/home/amelia/pico/pico-sdk/src/rp2_common/pico_stdio/stdio.c.obj
 .text.stdout_serialize_begin
                0x10003f04       0x20 CMakeFiles/uart_test.dir/home/amelia/pico/pico-sdk/src/rp2_common/pico_stdio/stdio.c.obj
                0x10003f04                stdout_serialize_begin
 .text.stdout_serialize_end
                0x10003f24       0x10 CMakeFiles/uart_test.dir/home/amelia/pico/pico-sdk/src/rp2_common/pico_stdio/stdio.c.obj
                0x10003f24                stdout_serialize_end
 .text.stdio_put_string
                0x10003f34       0x98 CMakeFiles/uart_test.dir/home/amelia/pico/pico-sdk/src/rp2_common/pico_stdio/stdio.c.obj
 .text.stdio_set_driver_enabled
                0x10003fcc       0x2c CMakeFiles/uart_test.dir/home/amelia/pico/pico-sdk/src/rp2_common/pico_stdio/stdio.c.obj
                0x10003fcc                stdio_set_driver_enabled
 .text.stdio_flush
                0x10003ff8       0x20 CMakeFiles/uart_test.dir/home/amelia/pico/pico-sdk/src/rp2_common/pico_stdio/stdio.c.obj
                0x10003ff8                stdio_flush
 .text.__wrap_puts
                0x10004018       0x1e CMakeFiles/uart_test.dir/home/amelia/pico/pico-sdk/src/rp2_common/pico_stdio/stdio.c.obj
                0x10004018                __wrap_puts
 *fill*         0x10004036        0x2 
 .text.__wrap_vprintf
                0x10004038       0x40 CMakeFiles/uart_test.dir/home/amelia/pico/pico-sdk/src/rp2_common/pico_stdio/stdio.c.obj
                0x10004038                __wrap_vprintf
 .text.__wrap_printf
                0x10004078       0x18 CMakeFiles/uart_test.dir/home/amelia/pico/pico-sdk/src/rp2_common/pico_stdio/stdio.c.obj
                0x10004078                __wrap_printf
 .text.stdio_init_all
                0x10004090        0x8 CMakeFiles/uart_test.dir/home/amelia/pico/pico-sdk/src/rp2_common/pico_stdio/stdio.c.obj
                0x10004090                stdio_init_all
 .text.resetd_init
                0x10004098        0x2 CMakeFiles/uart_test.dir/home/amelia/pico/pico-sdk/src/rp2_common/pico_stdio_usb/reset_interface.c.obj
 *fill*         0x1000409a        0x2 
 .text.resetd_reset
                0x1000409c        0xc CMakeFiles/uart_test.dir/home/amelia/pico/pico-sdk/src/rp2_common/pico_stdio_usb/reset_interface.c.obj
 .text.resetd_open
                0x100040a8       0x34 CMakeFiles/uart_test.dir/home/amelia/pico/pico-sdk/src/rp2_common/pico_stdio_usb/reset_interface.c.obj
 .text.resetd_xfer_cb
                0x100040dc        0x4 CMakeFiles/uart_test.dir/home/amelia/pico/pico-sdk/src/rp2_common/pico_stdio_usb/reset_interface.c.obj
 .text.reset_usb_boot
                0x100040e0       0x18 CMakeFiles/uart_test.dir/home/amelia/pico/pico-sdk/src/rp2_common/pico_stdio_usb/reset_interface.c.obj
 .text.resetd_control_xfer_cb
                0x100040f8       0x5c CMakeFiles/uart_test.dir/home/amelia/pico/pico-sdk/src/rp2_common/pico_stdio_usb/reset_interface.c.obj
 .text.usbd_app_driver_get_cb
                0x10004154        0xc CMakeFiles/uart_test.dir/home/amelia/pico/pico-sdk/src/rp2_common/pico_stdio_usb/reset_interface.c.obj
                0x10004154                usbd_app_driver_get_cb
 .text.tud_cdc_line_coding_cb
                0x10004160       0x28 CMakeFiles/uart_test.dir/home/amelia/pico/pico-sdk/src/rp2_common/pico_stdio_usb/reset_interface.c.obj
                0x10004160                tud_cdc_line_coding_cb
 .text.stdio_usb_set_chars_available_callback
                0x10004188       0x14 CMakeFiles/uart_test.dir/home/amelia/pico/pico-sdk/src/rp2_common/pico_stdio_usb/stdio_usb.c.obj
                0x10004188                stdio_usb_set_chars_available_callback
 .text.update_us_since_boot
                0x1000419c       0x24 CMakeFiles/uart_test.dir/home/amelia/pico/pico-sdk/src/rp2_common/pico_stdio_usb/stdio_usb.c.obj
 .text.get_absolute_time
                0x100041c0       0x22 CMakeFiles/uart_test.dir/home/amelia/pico/pico-sdk/src/rp2_common/pico_stdio_usb/stdio_usb.c.obj
 *fill*         0x100041e2        0x2 
 .text.delayed_by_ms
                0x100041e4       0x44 CMakeFiles/uart_test.dir/home/amelia/pico/pico-sdk/src/rp2_common/pico_stdio_usb/stdio_usb.c.obj
 .text.make_timeout_time_ms
                0x10004228       0x20 CMakeFiles/uart_test.dir/home/amelia/pico/pico-sdk/src/rp2_common/pico_stdio_usb/stdio_usb.c.obj
 .text.delayed_by_us
                0x10004248       0x34 CMakeFiles/uart_test.dir/home/amelia/pico/pico-sdk/src/rp2_common/pico_stdio_usb/stdio_usb.c.obj
 .text.usb_irq  0x1000427c       0x10 CMakeFiles/uart_test.dir/home/amelia/pico/pico-sdk/src/rp2_common/pico_stdio_usb/stdio_usb.c.obj
 .text.timer_task
                0x1000428c       0x58 CMakeFiles/uart_test.dir/home/amelia/pico/pico-sdk/src/rp2_common/pico_stdio_usb/stdio_usb.c.obj
 .text.alarm_pool_add_alarm_in_us
                0x100042e4       0x3a CMakeFiles/uart_test.dir/home/amelia/pico/pico-sdk/src/rp2_common/pico_stdio_usb/stdio_usb.c.obj
 .text.add_alarm_in_us
                0x1000431e       0x2e CMakeFiles/uart_test.dir/home/amelia/pico/pico-sdk/src/rp2_common/pico_stdio_usb/stdio_usb.c.obj
 .text.low_priority_worker_irq
                0x1000434c       0x84 CMakeFiles/uart_test.dir/home/amelia/pico/pico-sdk/src/rp2_common/pico_stdio_usb/stdio_usb.c.obj
 .text.tud_cdc_rx_cb
                0x100043d0       0x20 CMakeFiles/uart_test.dir/home/amelia/pico/pico-sdk/src/rp2_common/pico_stdio_usb/stdio_usb.c.obj
                0x100043d0                tud_cdc_rx_cb
 .text.stdio_usb_init
                0x100043f0       0xdc CMakeFiles/uart_test.dir/home/amelia/pico/pico-sdk/src/rp2_common/pico_stdio_usb/stdio_usb.c.obj
                0x100043f0                stdio_usb_init
 .text.stdio_usb_connected
                0x100044cc        0xa CMakeFiles/uart_test.dir/home/amelia/pico/pico-sdk/src/rp2_common/pico_stdio_usb/stdio_usb.c.obj
                0x100044cc                stdio_usb_connected
 *fill*         0x100044d6        0x2 
 .text.stdio_usb_in_chars
                0x100044d8       0x88 CMakeFiles/uart_test.dir/home/amelia/pico/pico-sdk/src/rp2_common/pico_stdio_usb/stdio_usb.c.obj
                0x100044d8                stdio_usb_in_chars
 .text.stdio_usb_out_chars
                0x10004560       0xd8 CMakeFiles/uart_test.dir/home/amelia/pico/pico-sdk/src/rp2_common/pico_stdio_usb/stdio_usb.c.obj
 .text.tud_descriptor_device_cb
                0x10004638        0x8 CMakeFiles/uart_test.dir/home/amelia/pico/pico-sdk/src/rp2_common/pico_stdio_usb/stdio_usb_descriptors.c.obj
                0x10004638                tud_descriptor_device_cb
 .text.tud_descriptor_configuration_cb
                0x10004640        0x8 CMakeFiles/uart_test.dir/home/amelia/pico/pico-sdk/src/rp2_common/pico_stdio_usb/stdio_usb_descriptors.c.obj
                0x10004640                tud_descriptor_configuration_cb
 .text.tud_descriptor_string_cb
                0x10004648       0x6c CMakeFiles/uart_test.dir/home/amelia/pico/pico-sdk/src/rp2_common/pico_stdio_usb/stdio_usb_descriptors.c.obj
                0x10004648                tud_descriptor_string_cb
 .text._retrieve_unique_id_on_boot
                0x100046b4       0x10 CMakeFiles/uart_test.dir/home/amelia/pico/pico-sdk/src/rp2_common/pico_unique_id/unique_id.c.obj
 .text.pico_get_unique_board_id_string
                0x100046c4       0x5c CMakeFiles/uart_test.dir/home/amelia/pico/pico-sdk/src/rp2_common/pico_unique_id/unique_id.c.obj
                0x100046c4                pico_get_unique_board_id_string
 .text.flash_get_unique_id
                0x10004720       0x46 CMakeFiles/uart_test.dir/home/amelia/pico/pico-sdk/src/rp2_common/hardware_flash/flash.c.obj
                0x10004720                flash_get_unique_id
 *fill*         0x10004766        0x2 
 .text.hw_endpoint_get_by_addr
                0x10004768       0x18 CMakeFiles/uart_test.dir/home/amelia/pico/pico-sdk/lib/tinyusb/src/portable/raspberrypi/rp2040/dcd_rp2040.c.obj
 .text._hw_endpoint_alloc
                0x10004780       0x70 CMakeFiles/uart_test.dir/home/amelia/pico/pico-sdk/lib/tinyusb/src/portable/raspberrypi/rp2040/dcd_rp2040.c.obj
 .text.hw_endpoint_init
                0x100047f0       0x88 CMakeFiles/uart_test.dir/home/amelia/pico/pico-sdk/lib/tinyusb/src/portable/raspberrypi/rp2040/dcd_rp2040.c.obj
 .text.dcd_event_sof
                0x10004878       0x2c CMakeFiles/uart_test.dir/home/amelia/pico/pico-sdk/lib/tinyusb/src/portable/raspberrypi/rp2040/dcd_rp2040.c.obj
 .text.hw_endpoint_xfer
                0x100048a4       0x14 CMakeFiles/uart_test.dir/home/amelia/pico/pico-sdk/lib/tinyusb/src/portable/raspberrypi/rp2040/dcd_rp2040.c.obj
 .text.dcd_int_enable
                0x100048b8       0x2c CMakeFiles/uart_test.dir/home/amelia/pico/pico-sdk/lib/tinyusb/src/portable/raspberrypi/rp2040/dcd_rp2040.c.obj
                0x100048b8                dcd_int_enable
 .text.dcd_set_address
                0x100048e4       0x2c CMakeFiles/uart_test.dir/home/amelia/pico/pico-sdk/lib/tinyusb/src/portable/raspberrypi/rp2040/dcd_rp2040.c.obj
                0x100048e4                dcd_set_address
 .text.dcd_connect
                0x10004910       0x10 CMakeFiles/uart_test.dir/home/amelia/pico/pico-sdk/lib/tinyusb/src/portable/raspberrypi/rp2040/dcd_rp2040.c.obj
                0x10004910                dcd_connect
 .text.dcd_init
                0x10004920       0x80 CMakeFiles/uart_test.dir/home/amelia/pico/pico-sdk/lib/tinyusb/src/portable/raspberrypi/rp2040/dcd_rp2040.c.obj
                0x10004920                dcd_init
 .text.dcd_edpt0_status_complete
                0x100049a0       0x1c CMakeFiles/uart_test.dir/home/amelia/pico/pico-sdk/lib/tinyusb/src/portable/raspberrypi/rp2040/dcd_rp2040.c.obj
                0x100049a0                dcd_edpt0_status_complete
 .text.dcd_edpt_open
                0x100049bc       0x40 CMakeFiles/uart_test.dir/home/amelia/pico/pico-sdk/lib/tinyusb/src/portable/raspberrypi/rp2040/dcd_rp2040.c.obj
                0x100049bc                dcd_edpt_open
 .text.dcd_edpt_close_all
                0x100049fc        0x8 CMakeFiles/uart_test.dir/home/amelia/pico/pico-sdk/lib/tinyusb/src/portable/raspberrypi/rp2040/dcd_rp2040.c.obj
                0x100049fc                dcd_edpt_close_all
 .text.dcd_edpt_xfer
                0x10004a04       0x34 CMakeFiles/uart_test.dir/home/amelia/pico/pico-sdk/lib/tinyusb/src/portable/raspberrypi/rp2040/dcd_rp2040.c.obj
                0x10004a04                dcd_edpt_xfer
 .text.dcd_edpt_stall
                0x10004a38       0x2c CMakeFiles/uart_test.dir/home/amelia/pico/pico-sdk/lib/tinyusb/src/portable/raspberrypi/rp2040/dcd_rp2040.c.obj
                0x10004a38                dcd_edpt_stall
 .text.dcd_edpt_clear_stall
                0x10004a64       0x20 CMakeFiles/uart_test.dir/home/amelia/pico/pico-sdk/lib/tinyusb/src/portable/raspberrypi/rp2040/dcd_rp2040.c.obj
                0x10004a64                dcd_edpt_clear_stall
 .text.rp2040_usb_init
                0x10004a84       0x4c CMakeFiles/uart_test.dir/home/amelia/pico/pico-sdk/lib/tinyusb/src/portable/raspberrypi/rp2040/rp2040_usb.c.obj
                0x10004a84                rp2040_usb_init
 .text.hw_endpoint_xfer_start
                0x10004ad0       0x50 CMakeFiles/uart_test.dir/home/amelia/pico/pico-sdk/lib/tinyusb/src/portable/raspberrypi/rp2040/rp2040_usb.c.obj
                0x10004ad0                hw_endpoint_xfer_start
 .text.configuration_reset
                0x10004b20       0x84 CMakeFiles/uart_test.dir/home/amelia/pico/pico-sdk/lib/tinyusb/src/device/usbd.c.obj
 .text.usbd_reset
                0x10004ba4        0xc CMakeFiles/uart_test.dir/home/amelia/pico/pico-sdk/lib/tinyusb/src/device/usbd.c.obj
 .text.invoke_class_control
                0x10004bb0       0x1a CMakeFiles/uart_test.dir/home/amelia/pico/pico-sdk/lib/tinyusb/src/device/usbd.c.obj
 *fill*         0x10004bca        0x2 
 .text.process_set_config
                0x10004bcc      0x178 CMakeFiles/uart_test.dir/home/amelia/pico/pico-sdk/lib/tinyusb/src/device/usbd.c.obj
 .text.process_get_descriptor
                0x10004d44       0xdc CMakeFiles/uart_test.dir/home/amelia/pico/pico-sdk/lib/tinyusb/src/device/usbd.c.obj
 .text.tud_mounted
                0x10004e20       0x10 CMakeFiles/uart_test.dir/home/amelia/pico/pico-sdk/lib/tinyusb/src/device/usbd.c.obj
                0x10004e20                tud_mounted
 .text.tud_suspended
                0x10004e30       0x10 CMakeFiles/uart_test.dir/home/amelia/pico/pico-sdk/lib/tinyusb/src/device/usbd.c.obj
                0x10004e30                tud_suspended
 .text.tud_inited
                0x10004e40       0x14 CMakeFiles/uart_test.dir/home/amelia/pico/pico-sdk/lib/tinyusb/src/device/usbd.c.obj
                0x10004e40                tud_inited
 .text.tud_init
                0x10004e54       0xcc CMakeFiles/uart_test.dir/home/amelia/pico/pico-sdk/lib/tinyusb/src/device/usbd.c.obj
                0x10004e54                tud_init
 .text.usbd_defer_func
                0x10004f20       0x2a CMakeFiles/uart_test.dir/home/amelia/pico/pico-sdk/lib/tinyusb/src/device/usbd.c.obj
                0x10004f20                usbd_defer_func
 *fill*         0x10004f4a        0x2 
 .text.usbd_edpt_open
                0x10004f4c       0x34 CMakeFiles/uart_test.dir/home/amelia/pico/pico-sdk/lib/tinyusb/src/device/usbd.c.obj
                0x10004f4c                usbd_edpt_open
 .text.usbd_open_edpt_pair
                0x10004f80       0x62 CMakeFiles/uart_test.dir/home/amelia/pico/pico-sdk/lib/tinyusb/src/device/usbd.c.obj
                0x10004f80                usbd_open_edpt_pair
 *fill*         0x10004fe2        0x2 
 .text.usbd_edpt_claim
                0x10004fe4       0x28 CMakeFiles/uart_test.dir/home/amelia/pico/pico-sdk/lib/tinyusb/src/device/usbd.c.obj
                0x10004fe4                usbd_edpt_claim
 .text.usbd_edpt_release
                0x1000500c       0x28 CMakeFiles/uart_test.dir/home/amelia/pico/pico-sdk/lib/tinyusb/src/device/usbd.c.obj
                0x1000500c                usbd_edpt_release
 .text.usbd_edpt_xfer
                0x10005034       0x78 CMakeFiles/uart_test.dir/home/amelia/pico/pico-sdk/lib/tinyusb/src/device/usbd.c.obj
                0x10005034                usbd_edpt_xfer
 .text.usbd_edpt_stall
                0x100050ac       0x48 CMakeFiles/uart_test.dir/home/amelia/pico/pico-sdk/lib/tinyusb/src/device/usbd.c.obj
                0x100050ac                usbd_edpt_stall
 .text.usbd_edpt_clear_stall
                0x100050f4       0x48 CMakeFiles/uart_test.dir/home/amelia/pico/pico-sdk/lib/tinyusb/src/device/usbd.c.obj
                0x100050f4                usbd_edpt_clear_stall
 .text.usbd_edpt_stalled
                0x1000513c       0x1c CMakeFiles/uart_test.dir/home/amelia/pico/pico-sdk/lib/tinyusb/src/device/usbd.c.obj
                0x1000513c                usbd_edpt_stalled
 .text.process_control_request
                0x10005158      0x374 CMakeFiles/uart_test.dir/home/amelia/pico/pico-sdk/lib/tinyusb/src/device/usbd.c.obj
 .text.tud_task_ext
                0x100054cc      0x1b4 CMakeFiles/uart_test.dir/home/amelia/pico/pico-sdk/lib/tinyusb/src/device/usbd.c.obj
                0x100054cc                tud_task_ext
 .text._status_stage_xact
                0x10005680       0x1a CMakeFiles/uart_test.dir/home/amelia/pico/pico-sdk/lib/tinyusb/src/device/usbd_control.c.obj
 *fill*         0x1000569a        0x2 
 .text._data_stage_xact
                0x1000569c       0x58 CMakeFiles/uart_test.dir/home/amelia/pico/pico-sdk/lib/tinyusb/src/device/usbd_control.c.obj
 .text.tud_control_status
                0x100056f4       0x28 CMakeFiles/uart_test.dir/home/amelia/pico/pico-sdk/lib/tinyusb/src/device/usbd_control.c.obj
                0x100056f4                tud_control_status
 .text.tud_control_xfer
                0x1000571c       0x68 CMakeFiles/uart_test.dir/home/amelia/pico/pico-sdk/lib/tinyusb/src/device/usbd_control.c.obj
                0x1000571c                tud_control_xfer
 .text.usbd_control_reset
                0x10005784       0x14 CMakeFiles/uart_test.dir/home/amelia/pico/pico-sdk/lib/tinyusb/src/device/usbd_control.c.obj
                0x10005784                usbd_control_reset
 .text.usbd_control_set_complete_callback
                0x10005798        0xc CMakeFiles/uart_test.dir/home/amelia/pico/pico-sdk/lib/tinyusb/src/device/usbd_control.c.obj
                0x10005798                usbd_control_set_complete_callback
 .text.usbd_control_set_request
                0x100057a4       0x1c CMakeFiles/uart_test.dir/home/amelia/pico/pico-sdk/lib/tinyusb/src/device/usbd_control.c.obj
                0x100057a4                usbd_control_set_request
 .text.usbd_control_xfer_cb
                0x100057c0       0xbc CMakeFiles/uart_test.dir/home/amelia/pico/pico-sdk/lib/tinyusb/src/device/usbd_control.c.obj
                0x100057c0                usbd_control_xfer_cb
 .text._prep_out_transaction
                0x1000587c       0x4a CMakeFiles/uart_test.dir/home/amelia/pico/pico-sdk/lib/tinyusb/src/class/cdc/cdc_device.c.obj
 *fill*         0x100058c6        0x2 
 .text.tud_cdc_n_connected
                0x100058c8       0x38 CMakeFiles/uart_test.dir/home/amelia/pico/pico-sdk/lib/tinyusb/src/class/cdc/cdc_device.c.obj
                0x100058c8                tud_cdc_n_connected
 .text.tud_cdc_n_available
                0x10005900       0x18 CMakeFiles/uart_test.dir/home/amelia/pico/pico-sdk/lib/tinyusb/src/class/cdc/cdc_device.c.obj
                0x10005900                tud_cdc_n_available
 .text.tud_cdc_n_read
                0x10005918       0x28 CMakeFiles/uart_test.dir/home/amelia/pico/pico-sdk/lib/tinyusb/src/class/cdc/cdc_device.c.obj
                0x10005918                tud_cdc_n_read
 .text.tud_cdc_n_write_flush
                0x10005940       0xb8 CMakeFiles/uart_test.dir/home/amelia/pico/pico-sdk/lib/tinyusb/src/class/cdc/cdc_device.c.obj
                0x10005940                tud_cdc_n_write_flush
 .text.tud_cdc_n_write
                0x100059f8       0x38 CMakeFiles/uart_test.dir/home/amelia/pico/pico-sdk/lib/tinyusb/src/class/cdc/cdc_device.c.obj
                0x100059f8                tud_cdc_n_write
 .text.tud_cdc_n_write_available
                0x10005a30       0x1c CMakeFiles/uart_test.dir/home/amelia/pico/pico-sdk/lib/tinyusb/src/class/cdc/cdc_device.c.obj
                0x10005a30                tud_cdc_n_write_available
 .text.cdcd_init
                0x10005a4c       0xbc CMakeFiles/uart_test.dir/home/amelia/pico/pico-sdk/lib/tinyusb/src/class/cdc/cdc_device.c.obj
                0x10005a4c                cdcd_init
 .text.cdcd_reset
                0x10005b08       0x44 CMakeFiles/uart_test.dir/home/amelia/pico/pico-sdk/lib/tinyusb/src/class/cdc/cdc_device.c.obj
                0x10005b08                cdcd_reset
 .text.cdcd_open
                0x10005b4c       0xc4 CMakeFiles/uart_test.dir/home/amelia/pico/pico-sdk/lib/tinyusb/src/class/cdc/cdc_device.c.obj
                0x10005b4c                cdcd_open
 .text.cdcd_control_xfer_cb
                0x10005c10      0x134 CMakeFiles/uart_test.dir/home/amelia/pico/pico-sdk/lib/tinyusb/src/class/cdc/cdc_device.c.obj
                0x10005c10                cdcd_control_xfer_cb
 .text.cdcd_xfer_cb
                0x10005d44      0x130 CMakeFiles/uart_test.dir/home/amelia/pico/pico-sdk/lib/tinyusb/src/class/cdc/cdc_device.c.obj
                0x10005d44                cdcd_xfer_cb
 .text.tusb_init
                0x10005e74        0xa CMakeFiles/uart_test.dir/home/amelia/pico/pico-sdk/lib/tinyusb/src/tusb.c.obj
                0x10005e74                tusb_init
 .text.tusb_inited
                0x10005e7e        0xe CMakeFiles/uart_test.dir/home/amelia/pico/pico-sdk/lib/tinyusb/src/tusb.c.obj
                0x10005e7e                tusb_inited
 .text.tu_edpt_claim
                0x10005e8c       0x50 CMakeFiles/uart_test.dir/home/amelia/pico/pico-sdk/lib/tinyusb/src/tusb.c.obj
                0x10005e8c                tu_edpt_claim
 .text.tu_edpt_release
                0x10005edc       0x38 CMakeFiles/uart_test.dir/home/amelia/pico/pico-sdk/lib/tinyusb/src/tusb.c.obj
                0x10005edc                tu_edpt_release
 .text.tu_edpt_validate
                0x10005f14       0x78 CMakeFiles/uart_test.dir/home/amelia/pico/pico-sdk/lib/tinyusb/src/tusb.c.obj
                0x10005f14                tu_edpt_validate
 .text.tu_edpt_bind_driver
                0x10005f8c       0x26 CMakeFiles/uart_test.dir/home/amelia/pico/pico-sdk/lib/tinyusb/src/tusb.c.obj
                0x10005f8c                tu_edpt_bind_driver
 .text.advance_index
                0x10005fb2       0x1a CMakeFiles/uart_test.dir/home/amelia/pico/pico-sdk/lib/tinyusb/src/common/tusb_fifo.c.obj
 .text._tu_fifo_peek
                0x10005fcc       0x56 CMakeFiles/uart_test.dir/home/amelia/pico/pico-sdk/lib/tinyusb/src/common/tusb_fifo.c.obj
 .text._ff_pull_const_addr
                0x10006022       0x4c CMakeFiles/uart_test.dir/home/amelia/pico/pico-sdk/lib/tinyusb/src/common/tusb_fifo.c.obj
 .text._ff_pull_n
                0x1000606e      0x110 CMakeFiles/uart_test.dir/home/amelia/pico/pico-sdk/lib/tinyusb/src/common/tusb_fifo.c.obj
 .text._tu_fifo_peek_n
                0x1000617e       0x6a CMakeFiles/uart_test.dir/home/amelia/pico/pico-sdk/lib/tinyusb/src/common/tusb_fifo.c.obj
 .text._tu_fifo_read_n
                0x100061e8       0x4e CMakeFiles/uart_test.dir/home/amelia/pico/pico-sdk/lib/tinyusb/src/common/tusb_fifo.c.obj
 .text._ff_push_const_addr
                0x10006236       0x40 CMakeFiles/uart_test.dir/home/amelia/pico/pico-sdk/lib/tinyusb/src/common/tusb_fifo.c.obj
 .text._ff_push_n
                0x10006276      0x10c CMakeFiles/uart_test.dir/home/amelia/pico/pico-sdk/lib/tinyusb/src/common/tusb_fifo.c.obj
 .text._tu_fifo_write_n
                0x10006382       0xf0 CMakeFiles/uart_test.dir/home/amelia/pico/pico-sdk/lib/tinyusb/src/common/tusb_fifo.c.obj
 .text.tu_fifo_config
                0x10006472       0x7c CMakeFiles/uart_test.dir/home/amelia/pico/pico-sdk/lib/tinyusb/src/common/tusb_fifo.c.obj
                0x10006472                tu_fifo_config
 .text.tu_fifo_count
                0x100064ee       0x2a CMakeFiles/uart_test.dir/home/amelia/pico/pico-sdk/lib/tinyusb/src/common/tusb_fifo.c.obj
                0x100064ee                tu_fifo_count
 .text.tu_fifo_empty
                0x10006518        0xe CMakeFiles/uart_test.dir/home/amelia/pico/pico-sdk/lib/tinyusb/src/common/tusb_fifo.c.obj
                0x10006518                tu_fifo_empty
 .text.tu_fifo_full
                0x10006526       0x28 CMakeFiles/uart_test.dir/home/amelia/pico/pico-sdk/lib/tinyusb/src/common/tusb_fifo.c.obj
                0x10006526                tu_fifo_full
 .text.tu_fifo_remaining
                0x1000654e       0x2c CMakeFiles/uart_test.dir/home/amelia/pico/pico-sdk/lib/tinyusb/src/common/tusb_fifo.c.obj
                0x1000654e                tu_fifo_remaining
 .text.tu_fifo_read
                0x1000657a       0x42 CMakeFiles/uart_test.dir/home/amelia/pico/pico-sdk/lib/tinyusb/src/common/tusb_fifo.c.obj
                0x1000657a                tu_fifo_read
 .text.tu_fifo_read_n
                0x100065bc        0xa CMakeFiles/uart_test.dir/home/amelia/pico/pico-sdk/lib/tinyusb/src/common/tusb_fifo.c.obj
                0x100065bc                tu_fifo_read_n
 .text.tu_fifo_write
                0x100065c6       0x64 CMakeFiles/uart_test.dir/home/amelia/pico/pico-sdk/lib/tinyusb/src/common/tusb_fifo.c.obj
                0x100065c6                tu_fifo_write
 .text.tu_fifo_write_n
                0x1000662a        0xa CMakeFiles/uart_test.dir/home/amelia/pico/pico-sdk/lib/tinyusb/src/common/tusb_fifo.c.obj
                0x1000662a                tu_fifo_write_n
 .text.tu_fifo_clear
                0x10006634       0x3e CMakeFiles/uart_test.dir/home/amelia/pico/pico-sdk/lib/tinyusb/src/common/tusb_fifo.c.obj
                0x10006634                tu_fifo_clear
 .text.tu_fifo_set_overwritable
                0x10006672       0x46 CMakeFiles/uart_test.dir/home/amelia/pico/pico-sdk/lib/tinyusb/src/common/tusb_fifo.c.obj
                0x10006672                tu_fifo_set_overwritable
 .text          0x100066b8       0x5c /usr/lib/gcc/arm-none-eabi/12.2.1/../../../arm-none-eabi/lib/thumb/v6-m/nofp/libg.a(lib_a-strlen-stub.o)
                0x100066b8                strlen
 *(.fini)
 .fini          0x10006714        0x4 /usr/lib/gcc/arm-none-eabi/12.2.1/thumb/v6-m/nofp/crti.o
                0x10006714                _fini
 .fini.__stub   0x10006718       0xe0 linker stubs
 *crtbegin.o(.ctors)
 *crtbegin?.o(.ctors)
 *(EXCLUDE_FILE(*crtend.o *crtend?.o) .ctors)
 *(SORT_BY_NAME(.ctors.*))
 *(.ctors)
 *crtbegin.o(.dtors)
 *crtbegin?.o(.dtors)
 *(EXCLUDE_FILE(*crtend.o *crtend?.o) .dtors)
 *(SORT_BY_NAME(.dtors.*))
 *(.dtors)
 *(.eh_frame*)
 .eh_frame      0x100067f8        0x0 /usr/lib/gcc/arm-none-eabi/12.2.1/thumb/v6-m/nofp/crtbegin.o
                0x100067f8                        . = ALIGN (0x4)

.glue_7         0x100067f8        0x0
 .glue_7        0x100067f8        0x0 linker stubs

.glue_7t        0x100067f8        0x0
 .glue_7t       0x100067f8        0x0 linker stubs

.vfp11_veneer   0x100067f8        0x0
 .vfp11_veneer  0x100067f8        0x0 linker stubs

.v4_bx          0x100067f8        0x0
 .v4_bx         0x100067f8        0x0 linker stubs

.iplt           0x100067f8        0x0
 .iplt          0x100067f8        0x0 /usr/lib/gcc/arm-none-eabi/12.2.1/thumb/v6-m/nofp/crtbegin.o

.rodata         0x100067f8     0x1550
 *(EXCLUDE_FILE(*libm.a: *libc.a:*lib_a-mem*.o *libgcc.a:) .rodata*)
 .rodata.main.str1.4
                0x100067f8       0x14 CMakeFiles/uart_test.dir/uart_test.c.obj
 .rodata.spin_lock_claim_unused.str1.4
                0x1000680c       0x1b CMakeFiles/uart_test.dir/home/amelia/pico/pico-sdk/src/rp2_common/hardware_sync/sync.c.obj
 *fill*         0x10006827        0x1 
 .rodata.resolve_branch.str1.4
                0x10006828       0x55 CMakeFiles/uart_test.dir/home/amelia/pico/pico-sdk/src/rp2_common/hardware_irq/irq.c.obj
 *fill*         0x1000687d        0x3 
 .rodata.make_branch.str1.4
                0x10006880       0x30 CMakeFiles/uart_test.dir/home/amelia/pico/pico-sdk/src/rp2_common/hardware_irq/irq.c.obj
 .rodata.insert_branch_and_link.str1.4
                0x100068b0       0x10 CMakeFiles/uart_test.dir/home/amelia/pico/pico-sdk/src/rp2_common/hardware_irq/irq.c.obj
 .rodata.irq_set_exclusive_handler.str1.4
                0x100068c0       0x36 CMakeFiles/uart_test.dir/home/amelia/pico/pico-sdk/src/rp2_common/hardware_irq/irq.c.obj
 *fill*         0x100068f6        0x2 
 .rodata.irq_add_shared_handler.str1.4
                0x100068f8       0xc2 CMakeFiles/uart_test.dir/home/amelia/pico/pico-sdk/src/rp2_common/hardware_irq/irq.c.obj
 *fill*         0x100069ba        0x2 
 .rodata.irq_remove_handler.str1.4
                0x100069bc       0x3a CMakeFiles/uart_test.dir/home/amelia/pico/pico-sdk/src/rp2_common/hardware_irq/irq.c.obj
 *fill*         0x100069f6        0x2 
 .rodata.irq_add_tail_to_free_list.str1.4
                0x100069f8       0x3a CMakeFiles/uart_test.dir/home/amelia/pico/pico-sdk/src/rp2_common/hardware_irq/irq.c.obj
 *fill*         0x10006a32        0x2 
 .rodata.user_irq_claim_unused.str1.4
                0x10006a34       0x1b CMakeFiles/uart_test.dir/home/amelia/pico/pico-sdk/src/rp2_common/hardware_irq/irq.c.obj
 *fill*         0x10006a4f        0x1 
 .rodata.__func__.0
                0x10006a50       0x1a CMakeFiles/uart_test.dir/home/amelia/pico/pico-sdk/src/rp2_common/hardware_irq/irq.c.obj
 *fill*         0x10006a6a        0x2 
 .rodata.__func__.1
                0x10006a6c       0x17 CMakeFiles/uart_test.dir/home/amelia/pico/pico-sdk/src/rp2_common/hardware_irq/irq.c.obj
 *fill*         0x10006a83        0x1 
 .rodata.__func__.2
                0x10006a84       0x13 CMakeFiles/uart_test.dir/home/amelia/pico/pico-sdk/src/rp2_common/hardware_irq/irq.c.obj
 *fill*         0x10006a97        0x1 
 .rodata.__func__.3
                0x10006a98        0xc CMakeFiles/uart_test.dir/home/amelia/pico/pico-sdk/src/rp2_common/hardware_irq/irq.c.obj
 .rodata.__func__.4
                0x10006aa4        0xf CMakeFiles/uart_test.dir/home/amelia/pico/pico-sdk/src/rp2_common/hardware_irq/irq.c.obj
 *fill*         0x10006ab3        0x1 
 .rodata.__func__.5
                0x10006ab4       0x17 CMakeFiles/uart_test.dir/home/amelia/pico/pico-sdk/src/rp2_common/hardware_irq/irq.c.obj
 *fill*         0x10006acb        0x1 
 .rodata.__func__.6
                0x10006acc       0x1a CMakeFiles/uart_test.dir/home/amelia/pico/pico-sdk/src/rp2_common/hardware_irq/irq.c.obj
 *fill*         0x10006ae6        0x2 
 .rodata.update_us_since_boot.str1.4
                0x10006ae8       0x61 CMakeFiles/uart_test.dir/home/amelia/pico/pico-sdk/src/common/pico_sync/mutex.c.obj
 *fill*         0x10006b49        0x3 
 .rodata.str1.4
                0x10006b4c       0x89 CMakeFiles/uart_test.dir/home/amelia/pico/pico-sdk/src/common/pico_sync/mutex.c.obj
 *fill*         0x10006bd5        0x3 
 .rodata.__func__.1
                0x10006bd8        0xb CMakeFiles/uart_test.dir/home/amelia/pico/pico-sdk/src/common/pico_sync/mutex.c.obj
 *fill*         0x10006be3        0x1 
 .rodata.__func__.3
                0x10006be4       0x18 CMakeFiles/uart_test.dir/home/amelia/pico/pico-sdk/src/common/pico_sync/mutex.c.obj
 .rodata.__func__.4
                0x10006bfc       0x15 CMakeFiles/uart_test.dir/home/amelia/pico/pico-sdk/src/common/pico_sync/mutex.c.obj
 *fill*         0x10006c11        0x3 
 .rodata.get_entry.str1.4
                0x10006c14       0x5b CMakeFiles/uart_test.dir/home/amelia/pico/pico-sdk/src/common/pico_time/time.c.obj
 .rodata.update_us_since_boot.str1.4
                0x10006c6f       0x61 CMakeFiles/uart_test.dir/home/amelia/pico/pico-sdk/src/common/pico_time/time.c.obj
 *fill*         0x10006c6f        0x1 
 .rodata.ph_get_node.str1.4
                0x10006c70       0x66 CMakeFiles/uart_test.dir/home/amelia/pico/pico-sdk/src/common/pico_time/time.c.obj
 *fill*         0x10006cd6        0x2 
 .rodata.ph_add_child_node.str1.4
                0x10006cd8       0x2e CMakeFiles/uart_test.dir/home/amelia/pico/pico-sdk/src/common/pico_time/time.c.obj
 *fill*         0x10006d06        0x2 
 .rodata.ph_insert_node.str1.4
                0x10006d08        0x3 CMakeFiles/uart_test.dir/home/amelia/pico/pico-sdk/src/common/pico_time/time.c.obj
 *fill*         0x10006d0b        0x1 
 .rodata.ph_free_node.str1.4
                0x10006d0c       0x38 CMakeFiles/uart_test.dir/home/amelia/pico/pico-sdk/src/common/pico_time/time.c.obj
 .rodata.add_alarm_under_lock.str1.4
                0x10006d44       0x28 CMakeFiles/uart_test.dir/home/amelia/pico/pico-sdk/src/common/pico_time/time.c.obj
 .rodata.alarm_pool_alarm_callback.str1.4
                0x10006d6c       0x60 CMakeFiles/uart_test.dir/home/amelia/pico/pico-sdk/src/common/pico_time/time.c.obj
 .rodata.alarm_pool_get_default.str1.4
                0x10006dcc       0x21 CMakeFiles/uart_test.dir/home/amelia/pico/pico-sdk/src/common/pico_time/time.c.obj
 *fill*         0x10006ded        0x3 
 .rodata.alarm_pool_cancel_alarm.str1.4
                0x10006df0       0x27 CMakeFiles/uart_test.dir/home/amelia/pico/pico-sdk/src/common/pico_time/time.c.obj
 *fill*         0x10006e17        0x1 
 .rodata.sleep_until.str1.4
                0x10006e18       0x4d CMakeFiles/uart_test.dir/home/amelia/pico/pico-sdk/src/common/pico_time/time.c.obj
 *fill*         0x10006e65        0x3 
 .rodata.__func__.1
                0x10006e68       0x18 CMakeFiles/uart_test.dir/home/amelia/pico/pico-sdk/src/common/pico_time/time.c.obj
 .rodata.__func__.3
                0x10006e80       0x17 CMakeFiles/uart_test.dir/home/amelia/pico/pico-sdk/src/common/pico_time/time.c.obj
 *fill*         0x10006e97        0x1 
 .rodata.__func__.4
                0x10006e98       0x12 CMakeFiles/uart_test.dir/home/amelia/pico/pico-sdk/src/common/pico_time/time.c.obj
 *fill*         0x10006eaa        0x2 
 .rodata.__func__.5
                0x10006eac        0xd CMakeFiles/uart_test.dir/home/amelia/pico/pico-sdk/src/common/pico_time/time.c.obj
 *fill*         0x10006eb9        0x3 
 .rodata.__func__.6
                0x10006ebc       0x12 CMakeFiles/uart_test.dir/home/amelia/pico/pico-sdk/src/common/pico_time/time.c.obj
 *fill*         0x10006ece        0x2 
 .rodata.__func__.7
                0x10006ed0        0xf CMakeFiles/uart_test.dir/home/amelia/pico/pico-sdk/src/common/pico_time/time.c.obj
 *fill*         0x10006edf        0x1 
 .rodata.__func__.8
                0x10006ee0        0xc CMakeFiles/uart_test.dir/home/amelia/pico/pico-sdk/src/common/pico_time/time.c.obj
 .rodata.__func__.9
                0x10006eec       0x15 CMakeFiles/uart_test.dir/home/amelia/pico/pico-sdk/src/common/pico_time/time.c.obj
 *fill*         0x10006f01        0x3 
 .rodata.__func__.10
                0x10006f04       0x15 CMakeFiles/uart_test.dir/home/amelia/pico/pico-sdk/src/common/pico_time/time.c.obj
 *fill*         0x10006f19        0x3 
 .rodata.__func__.11
                0x10006f1c       0x1a CMakeFiles/uart_test.dir/home/amelia/pico/pico-sdk/src/common/pico_time/time.c.obj
 *fill*         0x10006f36        0x2 
 .rodata.__func__.12
                0x10006f38        0xa CMakeFiles/uart_test.dir/home/amelia/pico/pico-sdk/src/common/pico_time/time.c.obj
 *fill*         0x10006f42        0x2 
 .rodata.hardware_alarm_claim.str1.4
                0x10006f44       0x22 CMakeFiles/uart_test.dir/home/amelia/pico/pico-sdk/src/rp2_common/hardware_timer/timer.c.obj
 *fill*         0x10006f66        0x2 
 .rodata.hardware_alarm_set_target.str1.4
                0x10006f68       0x65 CMakeFiles/uart_test.dir/home/amelia/pico/pico-sdk/src/rp2_common/hardware_timer/timer.c.obj
 *fill*         0x10006fcd        0x3 
 .rodata.__func__.0
                0x10006fd0       0x1a CMakeFiles/uart_test.dir/home/amelia/pico/pico-sdk/src/rp2_common/hardware_timer/timer.c.obj
 .rodata.ph_get_node.str1.4
                0x10006fea       0x66 CMakeFiles/uart_test.dir/home/amelia/pico/pico-sdk/src/common/pico_util/pheap.c.obj
 .rodata.ph_add_child_node.str1.4
                0x10006fea       0x2e CMakeFiles/uart_test.dir/home/amelia/pico/pico-sdk/src/common/pico_util/pheap.c.obj
 *fill*         0x10006fea        0x2 
 .rodata.ph_remove_any_head.str1.4
                0x10006fec       0x8c CMakeFiles/uart_test.dir/home/amelia/pico/pico-sdk/src/common/pico_util/pheap.c.obj
                                 0xa0 (size before relaxing)
 .rodata.ph_remove_and_free_node.str1.4
                0x10007078       0x1e CMakeFiles/uart_test.dir/home/amelia/pico/pico-sdk/src/common/pico_util/pheap.c.obj
                                 0x26 (size before relaxing)
 *fill*         0x10007096        0x2 
 .rodata.__func__.0
                0x10007098       0x18 CMakeFiles/uart_test.dir/home/amelia/pico/pico-sdk/src/common/pico_util/pheap.c.obj
 .rodata.__func__.1
                0x100070b0       0x13 CMakeFiles/uart_test.dir/home/amelia/pico/pico-sdk/src/common/pico_util/pheap.c.obj
 *fill*         0x100070c3        0x1 
 .rodata.__func__.2
                0x100070c4       0x12 CMakeFiles/uart_test.dir/home/amelia/pico/pico-sdk/src/common/pico_util/pheap.c.obj
 *fill*         0x100070d6        0x2 
 .rodata.__func__.3
                0x100070d8        0xc CMakeFiles/uart_test.dir/home/amelia/pico/pico-sdk/src/common/pico_util/pheap.c.obj
 .rodata.clock_configure.str1.4
                0x100070e4       0x57 CMakeFiles/uart_test.dir/home/amelia/pico/pico-sdk/src/rp2_common/hardware_clocks/clocks.c.obj
 *fill*         0x1000713b        0x1 
 .rodata.__func__.1
                0x1000713c       0x10 CMakeFiles/uart_test.dir/home/amelia/pico/pico-sdk/src/rp2_common/hardware_clocks/clocks.c.obj
 .rodata.pll_init.str1.4
                0x1000714c      0x123 CMakeFiles/uart_test.dir/home/amelia/pico/pico-sdk/src/rp2_common/hardware_pll/pll.c.obj
 *fill*         0x1000726f        0x1 
 .rodata.__func__.0
                0x10007270        0x9 CMakeFiles/uart_test.dir/home/amelia/pico/pico-sdk/src/rp2_common/hardware_pll/pll.c.obj
 *fill*         0x10007279        0x3 
 .rodata.__assert_func.str1.4
                0x1000727c       0x3f CMakeFiles/uart_test.dir/home/amelia/pico/pico-sdk/src/rp2_common/pico_runtime/runtime.c.obj
                                 0x43 (size before relaxing)
 *fill*         0x100072bb        0x1 
 .rodata.runtime_init.str1.4
                0x100072bc       0x61 CMakeFiles/uart_test.dir/home/amelia/pico/pico-sdk/src/rp2_common/pico_runtime/runtime.c.obj
 *fill*         0x1000731d        0x3 
 .rodata.panic.str1.4
                0x10007320       0x12 CMakeFiles/uart_test.dir/home/amelia/pico/pico-sdk/src/rp2_common/pico_runtime/runtime.c.obj
 *fill*         0x10007332        0x2 
 .rodata.__func__.2
                0x10007334        0xd CMakeFiles/uart_test.dir/home/amelia/pico/pico-sdk/src/rp2_common/pico_runtime/runtime.c.obj
 *fill*         0x10007341        0x3 
 .rodata._ftoa.str1.4
                0x10007344       0x15 CMakeFiles/uart_test.dir/home/amelia/pico/pico-sdk/src/rp2_common/pico_printf/printf.c.obj
 *fill*         0x10007359        0x3 
 .rodata._vsnprintf
                0x1000735c      0x19c CMakeFiles/uart_test.dir/home/amelia/pico/pico-sdk/src/rp2_common/pico_printf/printf.c.obj
 .rodata.pow10.0
                0x100074f8       0x50 CMakeFiles/uart_test.dir/home/amelia/pico/pico-sdk/src/rp2_common/pico_printf/printf.c.obj
 .rodata.missing_double_func_shim.str1.4
                0x10007548       0x18 CMakeFiles/uart_test.dir/home/amelia/pico/pico-sdk/src/rp2_common/pico_double/double_init_rom.c.obj
 .rodata.__aeabi_double_init.str1.4
                0x10007560       0xa8 CMakeFiles/uart_test.dir/home/amelia/pico/pico-sdk/src/rp2_common/pico_double/double_init_rom.c.obj
 .rodata.__func__.0
                0x10007608       0x14 CMakeFiles/uart_test.dir/home/amelia/pico/pico-sdk/src/rp2_common/pico_double/double_init_rom.c.obj
 .rodata.missing_float_func_shim.str1.4
                0x1000761c        0x1 CMakeFiles/uart_test.dir/home/amelia/pico/pico-sdk/src/rp2_common/pico_float/float_init_rom.c.obj
 .rodata.__aeabi_float_init.str1.4
                0x1000761c       0x7a CMakeFiles/uart_test.dir/home/amelia/pico/pico-sdk/src/rp2_common/pico_float/float_init_rom.c.obj
 *fill*         0x10007696        0x2 
 .rodata.__func__.0
                0x10007698       0x13 CMakeFiles/uart_test.dir/home/amelia/pico/pico-sdk/src/rp2_common/pico_float/float_init_rom.c.obj
 *fill*         0x100076ab        0x1 
 .rodata.str1.4
                0x100076ac       0x4c CMakeFiles/uart_test.dir/home/amelia/pico/pico-sdk/src/rp2_common/pico_standard_link/binary_info.c.obj
 .rodata.__bi_81
                0x100076f8        0xc CMakeFiles/uart_test.dir/home/amelia/pico/pico-sdk/src/rp2_common/pico_standard_link/binary_info.c.obj
 .rodata.__bi_75
                0x10007704        0xc CMakeFiles/uart_test.dir/home/amelia/pico/pico-sdk/src/rp2_common/pico_standard_link/binary_info.c.obj
 .rodata.__bi_56
                0x10007710        0xc CMakeFiles/uart_test.dir/home/amelia/pico/pico-sdk/src/rp2_common/pico_standard_link/binary_info.c.obj
 .rodata.__bi_44
                0x1000771c        0xc CMakeFiles/uart_test.dir/home/amelia/pico/pico-sdk/src/rp2_common/pico_standard_link/binary_info.c.obj
 .rodata.update_us_since_boot.str1.4
                0x10007728       0x61 CMakeFiles/uart_test.dir/home/amelia/pico/pico-sdk/src/rp2_common/pico_stdio/stdio.c.obj
 .rodata.crlf_str.2
                0x10007728        0x2 CMakeFiles/uart_test.dir/home/amelia/pico/pico-sdk/src/rp2_common/pico_stdio/stdio.c.obj
 *fill*         0x1000772a        0x2 
 .rodata.__func__.3
                0x1000772c       0x15 CMakeFiles/uart_test.dir/home/amelia/pico/pico-sdk/src/rp2_common/pico_stdio/stdio.c.obj
 *fill*         0x10007741        0x3 
 .rodata._resetd_driver
                0x10007744       0x18 CMakeFiles/uart_test.dir/home/amelia/pico/pico-sdk/src/rp2_common/pico_stdio_usb/reset_interface.c.obj
 .rodata.update_us_since_boot.str1.4
                0x1000775c       0x61 CMakeFiles/uart_test.dir/home/amelia/pico/pico-sdk/src/rp2_common/pico_stdio_usb/stdio_usb.c.obj
 .rodata.stdio_usb_init.str1.4
                0x1000775c       0x45 CMakeFiles/uart_test.dir/home/amelia/pico/pico-sdk/src/rp2_common/pico_stdio_usb/stdio_usb.c.obj
                                 0x4d (size before relaxing)
 *fill*         0x100077a1        0x3 
 .rodata.str1.4
                0x100077a4       0x13 CMakeFiles/uart_test.dir/home/amelia/pico/pico-sdk/src/rp2_common/pico_stdio_usb/stdio_usb.c.obj
 *fill*         0x100077b7        0x1 
 .rodata.__bi_188.0
                0x100077b8        0xc CMakeFiles/uart_test.dir/home/amelia/pico/pico-sdk/src/rp2_common/pico_stdio_usb/stdio_usb.c.obj
 .rodata.__func__.1
                0x100077c4        0xf CMakeFiles/uart_test.dir/home/amelia/pico/pico-sdk/src/rp2_common/pico_stdio_usb/stdio_usb.c.obj
 *fill*         0x100077d3        0x1 
 .rodata.__func__.3
                0x100077d4       0x15 CMakeFiles/uart_test.dir/home/amelia/pico/pico-sdk/src/rp2_common/pico_stdio_usb/stdio_usb.c.obj
 *fill*         0x100077e9        0x3 
 .rodata.str1.4
                0x100077ec       0x2a CMakeFiles/uart_test.dir/home/amelia/pico/pico-sdk/src/rp2_common/pico_stdio_usb/stdio_usb_descriptors.c.obj
 *fill*         0x10007816        0x2 
 .rodata.usbd_desc_str
                0x10007818       0x18 CMakeFiles/uart_test.dir/home/amelia/pico/pico-sdk/src/rp2_common/pico_stdio_usb/stdio_usb_descriptors.c.obj
 .rodata.usbd_desc_cfg
                0x10007830       0x54 CMakeFiles/uart_test.dir/home/amelia/pico/pico-sdk/src/rp2_common/pico_stdio_usb/stdio_usb_descriptors.c.obj
 .rodata.usbd_desc_device
                0x10007884       0x12 CMakeFiles/uart_test.dir/home/amelia/pico/pico-sdk/src/rp2_common/pico_stdio_usb/stdio_usb_descriptors.c.obj
 *fill*         0x10007896        0x2 
 .rodata.pico_get_unique_board_id_string.str1.4
                0x10007898       0x4d CMakeFiles/uart_test.dir/home/amelia/pico/pico-sdk/src/rp2_common/pico_unique_id/unique_id.c.obj
 *fill*         0x100078e5        0x3 
 .rodata.__func__.0
                0x100078e8       0x20 CMakeFiles/uart_test.dir/home/amelia/pico/pico-sdk/src/rp2_common/pico_unique_id/unique_id.c.obj
 .rodata.str1.4
                0x10007908      0x15a CMakeFiles/uart_test.dir/home/amelia/pico/pico-sdk/src/rp2_common/hardware_flash/flash.c.obj
 *fill*         0x10007a62        0x2 
 .rodata.__func__.0
                0x10007a64        0xd CMakeFiles/uart_test.dir/home/amelia/pico/pico-sdk/src/rp2_common/hardware_flash/flash.c.obj
 *fill*         0x10007a71        0x3 
 .rodata._hw_endpoint_alloc.str1.4
                0x10007a74       0xb5 CMakeFiles/uart_test.dir/home/amelia/pico/pico-sdk/lib/tinyusb/src/portable/raspberrypi/rp2040/dcd_rp2040.c.obj
 *fill*         0x10007b29        0x3 
 .rodata.str1.4
                0x10007b2c       0x14 CMakeFiles/uart_test.dir/home/amelia/pico/pico-sdk/lib/tinyusb/src/portable/raspberrypi/rp2040/dcd_rp2040.c.obj
 .rodata.dcd_int_enable.str1.4
                0x10007b40        0xc CMakeFiles/uart_test.dir/home/amelia/pico/pico-sdk/lib/tinyusb/src/portable/raspberrypi/rp2040/dcd_rp2040.c.obj
 .rodata.__func__.0
                0x10007b4c        0xe CMakeFiles/uart_test.dir/home/amelia/pico/pico-sdk/lib/tinyusb/src/portable/raspberrypi/rp2040/dcd_rp2040.c.obj
 *fill*         0x10007b5a        0x2 
 .rodata.__func__.1
                0x10007b5c        0xe CMakeFiles/uart_test.dir/home/amelia/pico/pico-sdk/lib/tinyusb/src/portable/raspberrypi/rp2040/dcd_rp2040.c.obj
 *fill*         0x10007b6a        0x2 
 .rodata.__func__.3
                0x10007b6c       0x10 CMakeFiles/uart_test.dir/home/amelia/pico/pico-sdk/lib/tinyusb/src/portable/raspberrypi/rp2040/dcd_rp2040.c.obj
 .rodata.__func__.5
                0x10007b7c        0xf CMakeFiles/uart_test.dir/home/amelia/pico/pico-sdk/lib/tinyusb/src/portable/raspberrypi/rp2040/dcd_rp2040.c.obj
 *fill*         0x10007b8b        0x1 
 .rodata.__func__.6
                0x10007b8c       0x13 CMakeFiles/uart_test.dir/home/amelia/pico/pico-sdk/lib/tinyusb/src/portable/raspberrypi/rp2040/dcd_rp2040.c.obj
 *fill*         0x10007b9f        0x1 
 .rodata.__func__.7
                0x10007ba0        0x9 CMakeFiles/uart_test.dir/home/amelia/pico/pico-sdk/lib/tinyusb/src/portable/raspberrypi/rp2040/dcd_rp2040.c.obj
 *fill*         0x10007ba9        0x3 
 .rodata.str1.4
                0x10007bac       0xe7 CMakeFiles/uart_test.dir/home/amelia/pico/pico-sdk/lib/tinyusb/src/portable/raspberrypi/rp2040/rp2040_usb.c.obj
 *fill*         0x10007c93        0x1 
 .rodata.__func__.0
                0x10007c94        0xf CMakeFiles/uart_test.dir/home/amelia/pico/pico-sdk/lib/tinyusb/src/portable/raspberrypi/rp2040/rp2040_usb.c.obj
 *fill*         0x10007ca3        0x1 
 .rodata.process_get_descriptor
                0x10007ca4       0x40 CMakeFiles/uart_test.dir/home/amelia/pico/pico-sdk/lib/tinyusb/src/device/usbd.c.obj
 .rodata.process_control_request
                0x10007ce4       0x28 CMakeFiles/uart_test.dir/home/amelia/pico/pico-sdk/lib/tinyusb/src/device/usbd.c.obj
 .rodata.tud_task_ext
                0x10007d0c       0x24 CMakeFiles/uart_test.dir/home/amelia/pico/pico-sdk/lib/tinyusb/src/device/usbd.c.obj
 .rodata._usbd_driver
                0x10007d30       0x18 CMakeFiles/uart_test.dir/home/amelia/pico/pico-sdk/lib/tinyusb/src/device/usbd.c.obj
                0x10007d48                        . = ALIGN (0x4)
 *(SORT_BY_ALIGNMENT(SORT_BY_NAME(.flashdata*)))
                0x10007d48                        . = ALIGN (0x4)

.rel.dyn        0x10007d48        0x0
 .rel.iplt      0x10007d48        0x0 /usr/lib/gcc/arm-none-eabi/12.2.1/thumb/v6-m/nofp/crtbegin.o

.ARM.extab
 *(.ARM.extab* .gnu.linkonce.armextab.*)
                0x10007d48                        __exidx_start = .

.ARM.exidx
 *(.ARM.exidx* .gnu.linkonce.armexidx.*)
                0x10007d48                        __exidx_end = .
                0x10007d48                        . = ALIGN (0x4)
                0x10007d48                        __binary_info_start = .

.binary_info    0x10007d48       0x24
 *(.binary_info.keep.*)
 .binary_info.keep.__bi_ptr81
                0x10007d48        0x4 CMakeFiles/uart_test.dir/home/amelia/pico/pico-sdk/src/rp2_common/pico_standard_link/binary_info.c.obj
 .binary_info.keep.__bi_ptr75
                0x10007d4c        0x4 CMakeFiles/uart_test.dir/home/amelia/pico/pico-sdk/src/rp2_common/pico_standard_link/binary_info.c.obj
 .binary_info.keep.__bi_ptr56
                0x10007d50        0x4 CMakeFiles/uart_test.dir/home/amelia/pico/pico-sdk/src/rp2_common/pico_standard_link/binary_info.c.obj
 .binary_info.keep.__bi_ptr50
                0x10007d54        0x4 CMakeFiles/uart_test.dir/home/amelia/pico/pico-sdk/src/rp2_common/pico_standard_link/binary_info.c.obj
 .binary_info.keep.__bi_ptr44
                0x10007d58        0x4 CMakeFiles/uart_test.dir/home/amelia/pico/pico-sdk/src/rp2_common/pico_standard_link/binary_info.c.obj
 .binary_info.keep.__bi_ptr38
                0x10007d5c        0x4 CMakeFiles/uart_test.dir/home/amelia/pico/pico-sdk/src/rp2_common/pico_standard_link/binary_info.c.obj
 .binary_info.keep.__bi_ptr30
                0x10007d60        0x4 CMakeFiles/uart_test.dir/home/amelia/pico/pico-sdk/src/rp2_common/pico_standard_link/binary_info.c.obj
 .binary_info.keep.__bi_ptr22
                0x10007d64        0x4 CMakeFiles/uart_test.dir/home/amelia/pico/pico-sdk/src/rp2_common/pico_standard_link/binary_info.c.obj
 *(.binary_info.*)
 .binary_info.__bi_ptr188
                0x10007d68        0x4 CMakeFiles/uart_test.dir/home/amelia/pico/pico-sdk/src/rp2_common/pico_stdio_usb/stdio_usb.c.obj
                0x10007d6c                        __binary_info_end = .
                0x10007d6c                        . = ALIGN (0x4)
                0x10007d6c                        __etext = .

.ram_vector_table
                0x20000000       0xc0
 *(.ram_vector_table)
 .ram_vector_table
                0x20000000       0xc0 CMakeFiles/uart_test.dir/home/amelia/pico/pico-sdk/src/rp2_common/pico_runtime/runtime.c.obj
                0x20000000                ram_vector_table

.data           0x200000c0      0xb60 load address 0x10007d6c
                0x200000c0                        __data_start__ = .
 *(vtable)
 *(.time_critical*)
 .time_critical.mutex_try_enter
                0x200000c0       0x46 CMakeFiles/uart_test.dir/home/amelia/pico/pico-sdk/src/common/pico_sync/mutex.c.obj
                0x200000c0                mutex_try_enter
 *fill*         0x20000106        0x2 
 .time_critical.mutex_enter_block_until
                0x20000108       0x8c CMakeFiles/uart_test.dir/home/amelia/pico/pico-sdk/src/common/pico_sync/mutex.c.obj
                0x20000108                mutex_enter_block_until
 .time_critical.mutex_try_enter_block_until
                0x20000194       0x34 CMakeFiles/uart_test.dir/home/amelia/pico/pico-sdk/src/common/pico_sync/mutex.c.obj
                0x20000194                mutex_try_enter_block_until
 .time_critical.mutex_enter_timeout_ms
                0x200001c8       0x1a CMakeFiles/uart_test.dir/home/amelia/pico/pico-sdk/src/common/pico_sync/mutex.c.obj
                0x200001c8                mutex_enter_timeout_ms
 *fill*         0x200001e2        0x2 
 .time_critical.mutex_exit
                0x200001e4       0x4c CMakeFiles/uart_test.dir/home/amelia/pico/pico-sdk/src/common/pico_sync/mutex.c.obj
                0x200001e4                mutex_exit
 .time_critical.flash_init_boot2_copyout
                0x20000230       0x30 CMakeFiles/uart_test.dir/home/amelia/pico/pico-sdk/src/rp2_common/hardware_flash/flash.c.obj
 .time_critical.flash_enable_xip_via_boot2
                0x20000260        0xc CMakeFiles/uart_test.dir/home/amelia/pico/pico-sdk/src/rp2_common/hardware_flash/flash.c.obj
 .time_critical.flash_cs_force
                0x2000026c       0x28 CMakeFiles/uart_test.dir/home/amelia/pico/pico-sdk/src/rp2_common/hardware_flash/flash.c.obj
 .time_critical.flash_do_cmd
                0x20000294       0xd8 CMakeFiles/uart_test.dir/home/amelia/pico/pico-sdk/src/rp2_common/hardware_flash/flash.c.obj
                0x20000294                flash_do_cmd
 .time_critical.reset_non_control_endpoints
                0x2000036c       0x40 CMakeFiles/uart_test.dir/home/amelia/pico/pico-sdk/lib/tinyusb/src/portable/raspberrypi/rp2040/dcd_rp2040.c.obj
 .time_critical.hw_handle_buff_status
                0x200003ac       0xa4 CMakeFiles/uart_test.dir/home/amelia/pico/pico-sdk/lib/tinyusb/src/portable/raspberrypi/rp2040/dcd_rp2040.c.obj
 .time_critical.dcd_rp2040_irq
                0x20000450      0x1b8 CMakeFiles/uart_test.dir/home/amelia/pico/pico-sdk/lib/tinyusb/src/portable/raspberrypi/rp2040/dcd_rp2040.c.obj
 .time_critical.e15_is_bulkin_ep
                0x20000608       0x2c CMakeFiles/uart_test.dir/home/amelia/pico/pico-sdk/lib/tinyusb/src/portable/raspberrypi/rp2040/rp2040_usb.c.obj
 .time_critical.e15_is_critical_frame_period
                0x20000634       0x30 CMakeFiles/uart_test.dir/home/amelia/pico/pico-sdk/lib/tinyusb/src/portable/raspberrypi/rp2040/rp2040_usb.c.obj
 .time_critical.prepare_ep_buffer
                0x20000664       0x6c CMakeFiles/uart_test.dir/home/amelia/pico/pico-sdk/lib/tinyusb/src/portable/raspberrypi/rp2040/rp2040_usb.c.obj
 .time_critical.sync_ep_buffer
                0x200006d0       0x7c CMakeFiles/uart_test.dir/home/amelia/pico/pico-sdk/lib/tinyusb/src/portable/raspberrypi/rp2040/rp2040_usb.c.obj
 .time_critical._hw_endpoint_xfer_sync
                0x2000074c       0x28 CMakeFiles/uart_test.dir/home/amelia/pico/pico-sdk/lib/tinyusb/src/portable/raspberrypi/rp2040/rp2040_usb.c.obj
 .time_critical.hw_endpoint_reset_transfer
                0x20000774        0xc CMakeFiles/uart_test.dir/home/amelia/pico/pico-sdk/lib/tinyusb/src/portable/raspberrypi/rp2040/rp2040_usb.c.obj
                0x20000774                hw_endpoint_reset_transfer
 .time_critical._hw_endpoint_buffer_control_update32
                0x20000780       0x58 CMakeFiles/uart_test.dir/home/amelia/pico/pico-sdk/lib/tinyusb/src/portable/raspberrypi/rp2040/rp2040_usb.c.obj
                0x20000780                _hw_endpoint_buffer_control_update32
 .time_critical.hw_endpoint_start_next_buffer
                0x200007d8       0x7c CMakeFiles/uart_test.dir/home/amelia/pico/pico-sdk/lib/tinyusb/src/portable/raspberrypi/rp2040/rp2040_usb.c.obj
                0x200007d8                hw_endpoint_start_next_buffer
 .time_critical.hw_endpoint_xfer_continue
                0x20000854       0x50 CMakeFiles/uart_test.dir/home/amelia/pico/pico-sdk/lib/tinyusb/src/portable/raspberrypi/rp2040/rp2040_usb.c.obj
                0x20000854                hw_endpoint_xfer_continue
 .time_critical.tinyusb
                0x200008a4      0x1e8 CMakeFiles/uart_test.dir/home/amelia/pico/pico-sdk/lib/tinyusb/src/device/usbd.c.obj
                0x200008a4                dcd_event_handler
 *(.text*)
 .text          0x20000a8c        0x4 /usr/lib/gcc/arm-none-eabi/12.2.1/thumb/v6-m/nofp/libgcc.a(_dvmd_tls.o)
                0x20000a8c                __aeabi_ldiv0
                0x20000a8c                __aeabi_idiv0
 .text.__stub   0x20000a90       0x90 linker stubs
                0x20000b20                        . = ALIGN (0x4)
 *(.rodata*)
                0x20000b20                        . = ALIGN (0x4)
 *(.data*)
 .data.striped_spin_lock_num
                0x20000b20        0x1 CMakeFiles/uart_test.dir/home/amelia/pico/pico-sdk/src/rp2_common/hardware_sync/sync.c.obj
 *fill*         0x20000b21        0x3 
 .data          0x20000b24       0x48 CMakeFiles/uart_test.dir/home/amelia/pico/pico-sdk/src/rp2_common/hardware_irq/irq_handler_chain.S.obj
                0x20000b24                irq_handler_chain_slots
                0x20000b54                irq_handler_chain_first_slot
                0x20000b5e                irq_handler_chain_remove_tail
 .data.default_alarm_pool
                0x20000b6c       0x18 CMakeFiles/uart_test.dir/home/amelia/pico/pico-sdk/src/common/pico_time/time.c.obj
 .data.default_alarm_pool_heap
                0x20000b84       0x10 CMakeFiles/uart_test.dir/home/amelia/pico/pico-sdk/src/common/pico_time/time.c.obj
 *fill*         0x20000b94        0xc 
 .data.aeabi_bits_funcs
                0x20000ba0       0x10 CMakeFiles/uart_test.dir/home/amelia/pico/pico-sdk/src/rp2_common/pico_bit_ops/bit_ops_aeabi.S.obj
                0x20000ba0                aeabi_bits_funcs
                0x20000bb0                aeabi_bits_funcs_end
 .data.aeabi_mem_funcs
                0x20000bb0       0x10 CMakeFiles/uart_test.dir/home/amelia/pico/pico-sdk/src/rp2_common/pico_mem_ops/mem_ops_aeabi.S.obj
                0x20000bb0                aeabi_mem_funcs
                0x20000bc0                aeabi_mem_funcs_end
 .data.stdio_usb
                0x20000bc0       0x18 CMakeFiles/uart_test.dir/home/amelia/pico/pico-sdk/src/rp2_common/pico_stdio_usb/stdio_usb.c.obj
                0x20000bc0                stdio_usb
 .data.ep_dir_string
                0x20000bd8        0x8 CMakeFiles/uart_test.dir/home/amelia/pico/pico-sdk/lib/tinyusb/src/portable/raspberrypi/rp2040/rp2040_usb.c.obj
                0x20000bd8                ep_dir_string
 .data._usbd_qdef
                0x20000be0       0x1c CMakeFiles/uart_test.dir/home/amelia/pico/pico-sdk/lib/tinyusb/src/device/usbd.c.obj
                0x20000be0                _usbd_qdef
 .data._usbd_rhport
                0x20000bfc        0x1 CMakeFiles/uart_test.dir/home/amelia/pico/pico-sdk/lib/tinyusb/src/device/usbd.c.obj
                0x20000c00                        . = ALIGN (0x4)
 *fill*         0x20000bfd        0x3 
 *(.after_data.*)
                0x20000c00                        . = ALIGN (0x4)
                0x20000c00                        PROVIDE (__mutex_array_start = .)
 *(SORT_BY_NAME(.mutex_array.*))
 *(.mutex_array)
 .mutex_array   0x20000c00        0x8 CMakeFiles/uart_test.dir/home/amelia/pico/pico-sdk/src/rp2_common/pico_stdio/stdio.c.obj
                0x20000c08                        PROVIDE (__mutex_array_end = .)
                0x20000c08                        . = ALIGN (0x4)
                0x20000c08                        PROVIDE (__preinit_array_start = .)
 *(SORT_BY_NAME(.preinit_array.*))
 .preinit_array.00001
                0x20000c08        0x4 CMakeFiles/uart_test.dir/home/amelia/pico/pico-sdk/src/rp2_common/pico_mem_ops/mem_ops_aeabi.S.obj
 .preinit_array.00010
                0x20000c0c        0x4 CMakeFiles/uart_test.dir/home/amelia/pico/pico-sdk/src/rp2_common/pico_bit_ops/bit_ops_aeabi.S.obj
 .preinit_array.00020
                0x20000c10        0x4 CMakeFiles/uart_test.dir/home/amelia/pico/pico-sdk/src/rp2_common/pico_double/double_aeabi.S.obj
 .preinit_array.00020
                0x20000c14        0x4 CMakeFiles/uart_test.dir/home/amelia/pico/pico-sdk/src/rp2_common/pico_float/float_aeabi.S.obj
 *(.preinit_array)
                0x20000c18                        PROVIDE (__preinit_array_end = .)
                0x20000c18                        . = ALIGN (0x4)
                0x20000c18                        PROVIDE (__init_array_start = .)
 *(SORT_BY_NAME(.init_array.*))
 *(.init_array)
 .init_array    0x20000c18        0x4 /usr/lib/gcc/arm-none-eabi/12.2.1/thumb/v6-m/nofp/crtbegin.o
 .init_array    0x20000c1c        0x4 CMakeFiles/uart_test.dir/home/amelia/pico/pico-sdk/src/rp2_common/pico_unique_id/unique_id.c.obj
                0x20000c20                        PROVIDE (__init_array_end = .)
                0x20000c20                        . = ALIGN (0x4)
                0x20000c20                        PROVIDE (__fini_array_start = .)
 *(SORT_BY_NAME(.fini_array.*))
 *(.fini_array)
                0x20000c20                        PROVIDE (__fini_array_end = .)
 *(.jcr)
                0x20000c20                        . = ALIGN (0x4)
                0x20000c20                        __data_end__ = .

.tm_clone_table
                0x20000c20        0x0 load address 0x100088cc
 .tm_clone_table
                0x20000c20        0x0 /usr/lib/gcc/arm-none-eabi/12.2.1/thumb/v6-m/nofp/crtbegin.o
 .tm_clone_table
                0x20000c20        0x0 /usr/lib/gcc/arm-none-eabi/12.2.1/thumb/v6-m/nofp/crtend.o

.igot.plt       0x20000c20        0x0 load address 0x100088cc
 .igot.plt      0x20000c20        0x0 /usr/lib/gcc/arm-none-eabi/12.2.1/thumb/v6-m/nofp/crtbegin.o

.uninitialized_data
                0x20000c20        0x0 load address 0x100088cc
                0x20000c20                        . = ALIGN (0x4)
 *(.uninitialized_data*)

.scratch_x      0x20040000        0x0 load address 0x100088cc
                0x20040000                        __scratch_x_start__ = .
 *(.scratch_x.*)
                0x20040000                        . = ALIGN (0x4)
                0x20040000                        __scratch_x_end__ = .
                0x100088cc                        __scratch_x_source__ = LOADADDR (.scratch_x)

.scratch_y      0x20041000        0x0 load address 0x100088cc
                0x20041000                        __scratch_y_start__ = .
 *(.scratch_y.*)
                0x20041000                        . = ALIGN (0x4)
                0x20041000                        __scratch_y_end__ = .
                0x100088cc                        __scratch_y_source__ = LOADADDR (.scratch_y)

.bss            0x20000c20      0xda8
                0x20000c20                        . = ALIGN (0x4)
                0x20000c20                        __bss_start__ = .
 *(SORT_BY_ALIGNMENT(SORT_BY_NAME(.bss*)))
 .bss.default_alarm_pool_entries
                0x20000c20      0x100 CMakeFiles/uart_test.dir/home/amelia/pico/pico-sdk/src/common/pico_time/time.c.obj
 .bss.last_avail_time.2
                0x20000d20        0x8 CMakeFiles/uart_test.dir/home/amelia/pico/pico-sdk/src/rp2_common/pico_stdio_usb/stdio_usb.c.obj
 .bss           0x20000d28       0x1c /usr/lib/gcc/arm-none-eabi/12.2.1/thumb/v6-m/nofp/crtbegin.o
 .bss._app_driver
                0x20000d44        0x4 CMakeFiles/uart_test.dir/home/amelia/pico/pico-sdk/lib/tinyusb/src/device/usbd.c.obj
 .bss._cdcd_itf
                0x20000d48      0x2c8 CMakeFiles/uart_test.dir/home/amelia/pico/pico-sdk/lib/tinyusb/src/class/cdc/cdc_device.c.obj
 .bss._ctrl_xfer
                0x20001010       0x14 CMakeFiles/uart_test.dir/home/amelia/pico/pico-sdk/lib/tinyusb/src/device/usbd_control.c.obj
 .bss._ubsd_mutexdef